

================================================================
== Vivado HLS Report for 'data_read_1'
================================================================
* Date:           Mon Oct 14 11:58:18 2019

* Version:        2019.1 (Build 2552052 on Fri May 24 15:28:33 MDT 2019)
* Project:        tancoeff
* Solution:       tancoeff
* Product family: virtexuplus
* Target device:  xcvu9p-fsgd2104-2L-e


================================================================
== Performance Estimates
================================================================
+ Timing (ns): 
    * Summary: 
    +--------+-------+----------+------------+
    |  Clock | Target| Estimated| Uncertainty|
    +--------+-------+----------+------------+
    |ap_clk  |   3.33|     2.850|        0.90|
    +--------+-------+----------+------------+

+ Latency (clock cycles): 
    * Summary: 
    +------+------+------+------+---------+
    |   Latency   |   Interval  | Pipeline|
    |  min |  max |  min |  max |   Type  |
    +------+------+------+------+---------+
    |  4109|  4109|  4109|  4109|   none  |
    +------+------+------+------+---------+

    + Detail: 
        * Instance: 
        +-------------------+--------+-----+-----+-----+-----+----------+
        |                   |        |  Latency  |  Interval | Pipeline |
        |      Instance     | Module | min | max | min | max |   Type   |
        +-------------------+--------+-----+-----+-----+-----+----------+
        |grp_popcnt_fu_178  |popcnt  |    1|    1|    1|    1| function |
        +-------------------+--------+-----+-----+-----+-----+----------+

        * Loop: 
        +--------------+------+------+----------+-----------+-----------+------+----------+
        |              |   Latency   | Iteration|  Initiation Interval  | Trip |          |
        |   Loop Name  |  min |  max |  Latency |  achieved |   target  | Count| Pipelined|
        +--------------+------+------+----------+-----------+-----------+------+----------+
        |- read_loop1  |  4100|  4100|         7|          2|          1|  2048|    yes   |
        +--------------+------+------+----------+-----------+-----------+------+----------+



================================================================
== Utilization Estimates
================================================================
* Summary: 
+---------------------+---------+-------+---------+---------+-----+
|         Name        | BRAM_18K| DSP48E|    FF   |   LUT   | URAM|
+---------------------+---------+-------+---------+---------+-----+
|DSP                  |        -|      -|        -|        -|    -|
|Expression           |        -|      -|        0|    29442|    -|
|FIFO                 |        -|      -|        -|        -|    -|
|Instance             |        -|      -|       43|     2077|    -|
|Memory               |        -|      -|        -|        -|    -|
|Multiplexer          |        -|      -|        -|      158|    -|
|Register             |        0|      -|     4532|       32|    -|
+---------------------+---------+-------+---------+---------+-----+
|Total                |        0|      0|     4575|    31709|    0|
+---------------------+---------+-------+---------+---------+-----+
|Available SLR        |     1440|   2280|   788160|   394080|  320|
+---------------------+---------+-------+---------+---------+-----+
|Utilization SLR (%)  |        0|      0|    ~0   |        8|    0|
+---------------------+---------+-------+---------+---------+-----+
|Available            |     4320|   6840|  2364480|  1182240|  960|
+---------------------+---------+-------+---------+---------+-----+
|Utilization (%)      |        0|      0|    ~0   |        2|    0|
+---------------------+---------+-------+---------+---------+-----+

+ Detail: 
    * Instance: 
    +-------------------+--------+---------+-------+----+------+-----+
    |      Instance     | Module | BRAM_18K| DSP48E| FF |  LUT | URAM|
    +-------------------+--------+---------+-------+----+------+-----+
    |grp_popcnt_fu_178  |popcnt  |        0|      0|  43|  2077|    0|
    +-------------------+--------+---------+-------+----+------+-----+
    |Total              |        |        0|      0|  43|  2077|    0|
    +-------------------+--------+---------+-------+----+------+-----+

    * DSP48E: 
    N/A

    * Memory: 
    N/A

    * FIFO: 
    N/A

    * Expression: 
    +-----------------------------------+----------+-------+---+------+------------+------------+
    |           Variable Name           | Operation| DSP48E| FF|  LUT | Bitwidth P0| Bitwidth P1|
    +-----------------------------------+----------+-------+---+------+------------+------------+
    |add_ln215_fu_199_p2                |     +    |      0|  0|    59|          59|          59|
    |add_ln46_fu_272_p2                 |     +    |      0|  0|    17|          17|           2|
    |data_num_fu_231_p2                 |     +    |      0|  0|    16|          16|           1|
    |data_part_fu_237_p2                |     +    |      0|  0|    16|          16|           1|
    |data_part_num_fu_221_p2            |     +    |      0|  0|    12|          12|           1|
    |datapop_local_V_d0                 |     +    |      0|  0|    11|          11|          11|
    |sub_ln414_1_fu_437_p2              |     -    |      0|  0|    11|          10|          11|
    |sub_ln414_2_fu_358_p2              |     -    |      0|  0|    11|          10|          11|
    |sub_ln414_3_fu_380_p2              |     -    |      0|  0|    11|          10|          11|
    |sub_ln414_fu_317_p2                |     -    |      0|  0|    11|          10|          11|
    |sub_ln647_1_fu_567_p2              |     -    |      0|  0|    11|          10|          11|
    |sub_ln647_2_fu_586_p2              |     -    |      0|  0|    11|          11|          11|
    |sub_ln647_3_fu_608_p2              |     -    |      0|  0|    11|          10|          11|
    |sub_ln647_fu_582_p2                |     -    |      0|  0|    11|          11|          11|
    |and_ln414_1_fu_490_p2              |    and   |      0|  0|  1023|        1024|        1024|
    |and_ln414_2_fu_496_p2              |    and   |      0|  0|  1023|        1024|        1024|
    |and_ln414_3_fu_547_p2              |    and   |      0|  0|  1023|        1024|        1024|
    |and_ln414_fu_478_p2                |    and   |      0|  0|  1023|        1024|        1024|
    |ap_block_pp0_stage1_11001          |    and   |      0|  0|     2|           1|           1|
    |ap_block_state10_pp0_stage1_iter0  |    and   |      0|  0|     2|           1|           1|
    |data_local_V_d0                    |    and   |      0|  0|  1023|        1024|        1024|
    |p_Result_1_fu_634_p2               |    and   |      0|  0|  1023|        1024|        1024|
    |icmp_ln37_fu_215_p2                |   icmp   |      0|  0|    13|          12|          13|
    |icmp_ln414_1_fu_341_p2             |   icmp   |      0|  0|    20|          25|          25|
    |icmp_ln414_fu_300_p2               |   icmp   |      0|  0|    20|          25|          25|
    |icmp_ln647_fu_417_p2               |   icmp   |      0|  0|    20|          25|          25|
    |lshr_ln414_1_fu_541_p2             |   lshr   |      0|  0|  2171|           2|        1024|
    |lshr_ln414_fu_472_p2               |   lshr   |      0|  0|  2171|           2|        1024|
    |lshr_ln647_1_fu_628_p2             |   lshr   |      0|  0|  2171|           2|        1024|
    |lshr_ln647_fu_622_p2               |   lshr   |      0|  0|  2171|        1024|        1024|
    |or_ln46_fu_291_p2                  |    or    |      0|  0|    25|           9|          25|
    |p_Result_s_fu_502_p2               |    or    |      0|  0|  1023|        1024|        1024|
    |data_num_1_fu_243_p3               |  select  |      0|  0|    16|           1|          16|
    |data_part_1_fu_251_p3              |  select  |      0|  0|    16|           1|          16|
    |select_ln414_1_fu_432_p3           |  select  |      0|  0|    11|           1|          11|
    |select_ln414_2_fu_323_p3           |  select  |      0|  0|    11|           1|          11|
    |select_ln414_3_fu_460_p3           |  select  |      0|  0|  1008|           1|        1024|
    |select_ln414_4_fu_364_p3           |  select  |      0|  0|    11|           1|          11|
    |select_ln414_5_fu_508_p3           |  select  |      0|  0|    11|           1|          11|
    |select_ln414_6_fu_372_p3           |  select  |      0|  0|    11|           1|          11|
    |select_ln414_7_fu_529_p3           |  select  |      0|  0|  1008|           1|        1024|
    |select_ln414_fu_427_p3             |  select  |      0|  0|    11|           1|          11|
    |select_ln647_1_fu_597_p3           |  select  |      0|  0|  1008|           1|        1024|
    |select_ln647_2_fu_603_p3           |  select  |      0|  0|    11|           1|          11|
    |select_ln647_fu_590_p3             |  select  |      0|  0|    11|           1|          11|
    |shl_ln414_1_fu_466_p2              |    shl   |      0|  0|  2171|           2|        1024|
    |shl_ln414_2_fu_390_p2              |    shl   |      0|  0|  2171|        1024|        1024|
    |shl_ln414_3_fu_535_p2              |    shl   |      0|  0|  2171|           2|        1024|
    |shl_ln414_4_fu_411_p2              |    shl   |      0|  0|   423|           2|         128|
    |shl_ln414_fu_335_p2                |    shl   |      0|  0|  2171|        1024|        1024|
    |ap_enable_pp0                      |    xor   |      0|  0|     2|           1|           2|
    |xor_ln414_fu_484_p2                |    xor   |      0|  0|  1023|           2|        1024|
    +-----------------------------------+----------+-------+---+------+------------+------------+
    |Total                              |          |      0|  0| 29442|       10579|       19984|
    +-----------------------------------+----------+-------+---+------+------------+------------+

    * Multiplexer: 
    +------------------------------------------+----+-----------+-----+-----------+
    |                   Name                   | LUT| Input Size| Bits| Total Bits|
    +------------------------------------------+----+-----------+-----+-----------+
    |ap_NS_fsm                                 |  53|         12|    1|         12|
    |ap_enable_reg_pp0_iter3                   |   9|          2|    1|          2|
    |ap_phi_mux_data_num_0_phi_fu_160_p4       |   9|          2|   16|         32|
    |ap_phi_mux_data_part_0_phi_fu_149_p4      |   9|          2|   16|         32|
    |ap_phi_mux_data_part_num_0_phi_fu_171_p4  |   9|          2|   12|         24|
    |data_local_V_address0                     |  15|          3|   10|         30|
    |data_local_V_we0                          |   9|          2|  128|        256|
    |data_num_0_reg_156                        |   9|          2|   16|         32|
    |data_part_0_reg_145                       |   9|          2|   16|         32|
    |data_part_num_0_reg_167                   |   9|          2|   12|         24|
    |input_V_blk_n_AR                          |   9|          2|    1|          2|
    |input_V_blk_n_R                           |   9|          2|    1|          2|
    +------------------------------------------+----+-----------+-----+-----------+
    |Total                                     | 158|         35|  230|        480|
    +------------------------------------------+----+-----------+-----+-----------+

    * Register: 
    +--------------------------------------------+------+----+------+-----------+
    |                    Name                    |  FF  | LUT| Bits | Const Bits|
    +--------------------------------------------+------+----+------+-----------+
    |add_ln215_reg_655                           |    59|   0|    59|          0|
    |ap_CS_fsm                                   |    11|   0|    11|          0|
    |ap_enable_reg_pp0_iter0                     |     1|   0|     1|          0|
    |ap_enable_reg_pp0_iter1                     |     1|   0|     1|          0|
    |ap_enable_reg_pp0_iter2                     |     1|   0|     1|          0|
    |ap_enable_reg_pp0_iter3                     |     1|   0|     1|          0|
    |data_local_V_addr_reg_718                   |    10|   0|    10|          0|
    |data_num_0_reg_156                          |    16|   0|    16|          0|
    |data_num_1_reg_685                          |    16|   0|    16|          0|
    |data_part_0_reg_145                         |    16|   0|    16|          0|
    |data_part_1_reg_691                         |    16|   0|    16|          0|
    |data_part_num_0_reg_167                     |    12|   0|    12|          0|
    |data_part_num_reg_670                       |    12|   0|    12|          0|
    |data_part_reg_680                           |    16|   0|    16|          0|
    |datapop_local_V_addr_reg_793                |    10|   0|    10|          0|
    |datapop_local_V_addr_reg_793_pp0_iter2_reg  |    10|   0|    10|          0|
    |icmp_ln37_reg_666                           |     1|   0|     1|          0|
    |icmp_ln414_1_reg_748                        |     1|   0|     1|          0|
    |icmp_ln414_reg_723                          |     1|   0|     1|          0|
    |icmp_ln647_reg_780                          |     1|   0|     1|          0|
    |input_V_addr_read_reg_713                   |   512|   0|   512|          0|
    |p_Result_s_reg_798                          |  1024|   0|  1024|          0|
    |shl_ln414_2_reg_769                         |  1024|   0|  1024|          0|
    |shl_ln414_4_reg_775                         |   128|   0|   128|          0|
    |shl_ln414_reg_742                           |  1024|   0|  1024|          0|
    |sub_ln414_3_reg_764                         |    11|   0|    11|          0|
    |sub_ln647_1_reg_811                         |     2|   0|    11|          9|
    |tmp_1_reg_730                               |     2|   0|    11|          9|
    |tmp_3_reg_754                               |     2|   0|    11|          9|
    |tmp_6_reg_804                               |     2|   0|    11|          9|
    |trunc_ln364_reg_816                         |   512|   0|   512|          0|
    |trunc_ln37_reg_675                          |     1|   0|     1|          0|
    |trunc_ln414_1_reg_759                       |     2|   0|    11|          9|
    |trunc_ln414_reg_736                         |     2|   0|    11|          9|
    |trunc_ln46_1_reg_703                        |     2|   0|     2|          0|
    |trunc_ln46_2_reg_708                        |     2|   0|     2|          0|
    |trunc_ln46_reg_698                          |     2|   0|     2|          0|
    |trunc_ln647_reg_787                         |     2|   0|    11|          9|
    |icmp_ln37_reg_666                           |    64|  32|     1|          0|
    +--------------------------------------------+------+----+------+-----------+
    |Total                                       |  4532|  32|  4532|         63|
    +--------------------------------------------+------+----+------+-----------+



================================================================
== Interface
================================================================
* Summary: 
+--------------------------+-----+------+------------+-----------------+--------------+
|         RTL Ports        | Dir | Bits |  Protocol  |  Source Object  |    C Type    |
+--------------------------+-----+------+------------+-----------------+--------------+
|ap_clk                    |  in |     1| ap_ctrl_hs |   data_read.1   | return value |
|ap_rst                    |  in |     1| ap_ctrl_hs |   data_read.1   | return value |
|ap_start                  |  in |     1| ap_ctrl_hs |   data_read.1   | return value |
|ap_done                   | out |     1| ap_ctrl_hs |   data_read.1   | return value |
|ap_idle                   | out |     1| ap_ctrl_hs |   data_read.1   | return value |
|ap_ready                  | out |     1| ap_ctrl_hs |   data_read.1   | return value |
|m_axi_input_V_AWVALID     | out |     1|    m_axi   |     input_V     |    pointer   |
|m_axi_input_V_AWREADY     |  in |     1|    m_axi   |     input_V     |    pointer   |
|m_axi_input_V_AWADDR      | out |    64|    m_axi   |     input_V     |    pointer   |
|m_axi_input_V_AWID        | out |     1|    m_axi   |     input_V     |    pointer   |
|m_axi_input_V_AWLEN       | out |    32|    m_axi   |     input_V     |    pointer   |
|m_axi_input_V_AWSIZE      | out |     3|    m_axi   |     input_V     |    pointer   |
|m_axi_input_V_AWBURST     | out |     2|    m_axi   |     input_V     |    pointer   |
|m_axi_input_V_AWLOCK      | out |     2|    m_axi   |     input_V     |    pointer   |
|m_axi_input_V_AWCACHE     | out |     4|    m_axi   |     input_V     |    pointer   |
|m_axi_input_V_AWPROT      | out |     3|    m_axi   |     input_V     |    pointer   |
|m_axi_input_V_AWQOS       | out |     4|    m_axi   |     input_V     |    pointer   |
|m_axi_input_V_AWREGION    | out |     4|    m_axi   |     input_V     |    pointer   |
|m_axi_input_V_AWUSER      | out |     1|    m_axi   |     input_V     |    pointer   |
|m_axi_input_V_WVALID      | out |     1|    m_axi   |     input_V     |    pointer   |
|m_axi_input_V_WREADY      |  in |     1|    m_axi   |     input_V     |    pointer   |
|m_axi_input_V_WDATA       | out |   512|    m_axi   |     input_V     |    pointer   |
|m_axi_input_V_WSTRB       | out |    64|    m_axi   |     input_V     |    pointer   |
|m_axi_input_V_WLAST       | out |     1|    m_axi   |     input_V     |    pointer   |
|m_axi_input_V_WID         | out |     1|    m_axi   |     input_V     |    pointer   |
|m_axi_input_V_WUSER       | out |     1|    m_axi   |     input_V     |    pointer   |
|m_axi_input_V_ARVALID     | out |     1|    m_axi   |     input_V     |    pointer   |
|m_axi_input_V_ARREADY     |  in |     1|    m_axi   |     input_V     |    pointer   |
|m_axi_input_V_ARADDR      | out |    64|    m_axi   |     input_V     |    pointer   |
|m_axi_input_V_ARID        | out |     1|    m_axi   |     input_V     |    pointer   |
|m_axi_input_V_ARLEN       | out |    32|    m_axi   |     input_V     |    pointer   |
|m_axi_input_V_ARSIZE      | out |     3|    m_axi   |     input_V     |    pointer   |
|m_axi_input_V_ARBURST     | out |     2|    m_axi   |     input_V     |    pointer   |
|m_axi_input_V_ARLOCK      | out |     2|    m_axi   |     input_V     |    pointer   |
|m_axi_input_V_ARCACHE     | out |     4|    m_axi   |     input_V     |    pointer   |
|m_axi_input_V_ARPROT      | out |     3|    m_axi   |     input_V     |    pointer   |
|m_axi_input_V_ARQOS       | out |     4|    m_axi   |     input_V     |    pointer   |
|m_axi_input_V_ARREGION    | out |     4|    m_axi   |     input_V     |    pointer   |
|m_axi_input_V_ARUSER      | out |     1|    m_axi   |     input_V     |    pointer   |
|m_axi_input_V_RVALID      |  in |     1|    m_axi   |     input_V     |    pointer   |
|m_axi_input_V_RREADY      | out |     1|    m_axi   |     input_V     |    pointer   |
|m_axi_input_V_RDATA       |  in |   512|    m_axi   |     input_V     |    pointer   |
|m_axi_input_V_RLAST       |  in |     1|    m_axi   |     input_V     |    pointer   |
|m_axi_input_V_RID         |  in |     1|    m_axi   |     input_V     |    pointer   |
|m_axi_input_V_RUSER       |  in |     1|    m_axi   |     input_V     |    pointer   |
|m_axi_input_V_RRESP       |  in |     2|    m_axi   |     input_V     |    pointer   |
|m_axi_input_V_BVALID      |  in |     1|    m_axi   |     input_V     |    pointer   |
|m_axi_input_V_BREADY      | out |     1|    m_axi   |     input_V     |    pointer   |
|m_axi_input_V_BRESP       |  in |     2|    m_axi   |     input_V     |    pointer   |
|m_axi_input_V_BID         |  in |     1|    m_axi   |     input_V     |    pointer   |
|m_axi_input_V_BUSER       |  in |     1|    m_axi   |     input_V     |    pointer   |
|input_V_offset            |  in |    58|   ap_none  |  input_V_offset |    scalar    |
|data_local_V_address0     | out |    10|  ap_memory |   data_local_V  |     array    |
|data_local_V_ce0          | out |     1|  ap_memory |   data_local_V  |     array    |
|data_local_V_we0          | out |   128|  ap_memory |   data_local_V  |     array    |
|data_local_V_d0           | out |  1024|  ap_memory |   data_local_V  |     array    |
|data_local_V_q0           |  in |  1024|  ap_memory |   data_local_V  |     array    |
|datapop_local_V_address0  | out |    10|  ap_memory | datapop_local_V |     array    |
|datapop_local_V_ce0       | out |     1|  ap_memory | datapop_local_V |     array    |
|datapop_local_V_we0       | out |     1|  ap_memory | datapop_local_V |     array    |
|datapop_local_V_d0        | out |    11|  ap_memory | datapop_local_V |     array    |
|datapop_local_V_q0        |  in |    11|  ap_memory | datapop_local_V |     array    |
|chunk_num                 |  in |    16|   ap_none  |    chunk_num    |    scalar    |
+--------------------------+-----+------+------------+-----------------+--------------+

