

================================================================
== Vivado HLS Report for 'fifo'
================================================================
* Date:           Tue Nov 19 19:48:46 2019

* Version:        2019.1 (Build 2552052 on Fri May 24 15:28:33 MDT 2019)
* Project:        tancoeff
* Solution:       tancoeff
* Product family: virtexuplus
* Target device:  xcvu9p-fsgd2104-2L-e


================================================================
== Performance Estimates
================================================================
+ Timing (ns): 
    * Summary: 
    +--------+-------+----------+------------+
    |  Clock | Target| Estimated| Uncertainty|
    +--------+-------+----------+------------+
    |ap_clk  |   3.33|     1.679|        0.90|
    +--------+-------+----------+------------+

+ Latency (clock cycles): 
    * Summary: 
    +-----------+-----------+-----------+-----------+---------+
    |        Latency        |        Interval       | Pipeline|
    |    min    |    max    |    min    |    max    |   Type  |
    +-----------+-----------+-----------+-----------+---------+
    |  134414340|  134414340|  134414340|  134414340|   none  |
    +-----------+-----------+-----------+-----------+---------+

    + Detail: 
        * Instance: 
        N/A

        * Loop: 
        +-------------------------+-----------+-----------+----------+-----------+-----------+-----------+----------+
        |                         |        Latency        | Iteration|  Initiation Interval  |    Trip   |          |
        |        Loop Name        |    min    |    max    |  Latency |  achieved |   target  |   Count   | Pipelined|
        +-------------------------+-----------+-----------+----------+-----------+-----------+-----------+----------+
        |- fifo_loop1_fifo_loop2  |  134414338|  134414338|         4|          1|          1|  134414336|    yes   |
        +-------------------------+-----------+-----------+----------+-----------+-----------+-----------+----------+



================================================================
== Utilization Estimates
================================================================
* Summary: 
+---------------------+---------+-------+---------+---------+-----+
|         Name        | BRAM_18K| DSP48E|    FF   |   LUT   | URAM|
+---------------------+---------+-------+---------+---------+-----+
|DSP                  |        -|      -|        -|        -|    -|
|Expression           |        -|      -|        0|      365|    -|
|FIFO                 |        -|      -|        -|        -|    -|
|Instance             |        -|      -|        -|        -|    -|
|Memory               |        -|      -|        -|        -|    -|
|Multiplexer          |        -|      -|        -|     1554|    -|
|Register             |        0|      -|     2296|       64|    -|
+---------------------+---------+-------+---------+---------+-----+
|Total                |        0|      0|     2296|     1983|    0|
+---------------------+---------+-------+---------+---------+-----+
|Available SLR        |     1440|   2280|   788160|   394080|  320|
+---------------------+---------+-------+---------+---------+-----+
|Utilization SLR (%)  |        0|      0|    ~0   |    ~0   |    0|
+---------------------+---------+-------+---------+---------+-----+
|Available            |     4320|   6840|  2364480|  1182240|  960|
+---------------------+---------+-------+---------+---------+-----+
|Utilization (%)      |        0|      0|    ~0   |    ~0   |    0|
+---------------------+---------+-------+---------+---------+-----+

+ Detail: 
    * Instance: 
    N/A

    * DSP48E: 
    N/A

    * Memory: 
    N/A

    * FIFO: 
    N/A

    * Expression: 
    +----------------------------------+----------+-------+---+----+------------+------------+
    |           Variable Name          | Operation| DSP48E| FF| LUT| Bitwidth P0| Bitwidth P1|
    +----------------------------------+----------+-------+---+----+------------+------------+
    |add_ln7_fu_2341_p2                |     +    |      0|  0|  28|          28|           1|
    |buffer_num_fu_2365_p2             |     +    |      0|  0|   7|           7|           1|
    |ap_block_pp0_stage0_01001         |    and   |      0|  0|   2|           1|           1|
    |ap_block_state4_io                |    and   |      0|  0|   2|           1|           1|
    |ap_block_state5_io                |    and   |      0|  0|   2|           1|           1|
    |ap_condition_1341                 |    and   |      0|  0|   2|           1|           1|
    |ap_condition_2058                 |    and   |      0|  0|   2|           1|           1|
    |ap_condition_2061                 |    and   |      0|  0|   2|           1|           1|
    |ap_predicate_op220_read_state3    |    and   |      0|  0|   2|           1|           1|
    |ap_predicate_op221_read_state3    |    and   |      0|  0|   2|           1|           1|
    |ap_predicate_op222_read_state3    |    and   |      0|  0|   2|           1|           1|
    |ap_predicate_op223_read_state3    |    and   |      0|  0|   2|           1|           1|
    |ap_predicate_op224_read_state3    |    and   |      0|  0|   2|           1|           1|
    |ap_predicate_op225_read_state3    |    and   |      0|  0|   2|           1|           1|
    |ap_predicate_op226_read_state3    |    and   |      0|  0|   2|           1|           1|
    |ap_predicate_op227_read_state3    |    and   |      0|  0|   2|           1|           1|
    |ap_predicate_op228_read_state3    |    and   |      0|  0|   2|           1|           1|
    |ap_predicate_op229_read_state3    |    and   |      0|  0|   2|           1|           1|
    |ap_predicate_op230_read_state3    |    and   |      0|  0|   2|           1|           1|
    |ap_predicate_op231_read_state3    |    and   |      0|  0|   2|           1|           1|
    |ap_predicate_op232_read_state3    |    and   |      0|  0|   2|           1|           1|
    |ap_predicate_op233_read_state3    |    and   |      0|  0|   2|           1|           1|
    |ap_predicate_op234_read_state3    |    and   |      0|  0|   2|           1|           1|
    |ap_predicate_op235_read_state3    |    and   |      0|  0|   2|           1|           1|
    |ap_predicate_op236_read_state3    |    and   |      0|  0|   2|           1|           1|
    |ap_predicate_op237_read_state3    |    and   |      0|  0|   2|           1|           1|
    |ap_predicate_op238_read_state3    |    and   |      0|  0|   2|           1|           1|
    |ap_predicate_op239_read_state3    |    and   |      0|  0|   2|           1|           1|
    |ap_predicate_op240_read_state3    |    and   |      0|  0|   2|           1|           1|
    |ap_predicate_op241_read_state3    |    and   |      0|  0|   2|           1|           1|
    |ap_predicate_op242_read_state3    |    and   |      0|  0|   2|           1|           1|
    |ap_predicate_op243_read_state3    |    and   |      0|  0|   2|           1|           1|
    |ap_predicate_op244_read_state3    |    and   |      0|  0|   2|           1|           1|
    |ap_predicate_op245_read_state3    |    and   |      0|  0|   2|           1|           1|
    |ap_predicate_op246_read_state3    |    and   |      0|  0|   2|           1|           1|
    |ap_predicate_op247_read_state3    |    and   |      0|  0|   2|           1|           1|
    |ap_predicate_op248_read_state3    |    and   |      0|  0|   2|           1|           1|
    |ap_predicate_op249_read_state3    |    and   |      0|  0|   2|           1|           1|
    |ap_predicate_op250_read_state3    |    and   |      0|  0|   2|           1|           1|
    |ap_predicate_op251_read_state3    |    and   |      0|  0|   2|           1|           1|
    |ap_predicate_op252_read_state3    |    and   |      0|  0|   2|           1|           1|
    |ap_predicate_op253_read_state3    |    and   |      0|  0|   2|           1|           1|
    |ap_predicate_op254_read_state3    |    and   |      0|  0|   2|           1|           1|
    |ap_predicate_op255_read_state3    |    and   |      0|  0|   2|           1|           1|
    |ap_predicate_op256_read_state3    |    and   |      0|  0|   2|           1|           1|
    |ap_predicate_op257_read_state3    |    and   |      0|  0|   2|           1|           1|
    |ap_predicate_op258_read_state3    |    and   |      0|  0|   2|           1|           1|
    |ap_predicate_op259_read_state3    |    and   |      0|  0|   2|           1|           1|
    |ap_predicate_op260_read_state3    |    and   |      0|  0|   2|           1|           1|
    |ap_predicate_op261_read_state3    |    and   |      0|  0|   2|           1|           1|
    |ap_predicate_op262_read_state3    |    and   |      0|  0|   2|           1|           1|
    |ap_predicate_op263_read_state3    |    and   |      0|  0|   2|           1|           1|
    |ap_predicate_op264_read_state3    |    and   |      0|  0|   2|           1|           1|
    |ap_predicate_op265_read_state3    |    and   |      0|  0|   2|           1|           1|
    |ap_predicate_op266_read_state3    |    and   |      0|  0|   2|           1|           1|
    |ap_predicate_op267_read_state3    |    and   |      0|  0|   2|           1|           1|
    |ap_predicate_op268_read_state3    |    and   |      0|  0|   2|           1|           1|
    |ap_predicate_op269_read_state3    |    and   |      0|  0|   2|           1|           1|
    |ap_predicate_op270_read_state3    |    and   |      0|  0|   2|           1|           1|
    |ap_predicate_op271_read_state3    |    and   |      0|  0|   2|           1|           1|
    |ap_predicate_op272_read_state3    |    and   |      0|  0|   2|           1|           1|
    |ap_predicate_op273_read_state3    |    and   |      0|  0|   2|           1|           1|
    |ap_predicate_op274_read_state3    |    and   |      0|  0|   2|           1|           1|
    |ap_predicate_op275_read_state3    |    and   |      0|  0|   2|           1|           1|
    |ap_predicate_op276_read_state3    |    and   |      0|  0|   2|           1|           1|
    |ap_predicate_op277_read_state3    |    and   |      0|  0|   2|           1|           1|
    |ap_predicate_op278_read_state3    |    and   |      0|  0|   2|           1|           1|
    |ap_predicate_op279_read_state3    |    and   |      0|  0|   2|           1|           1|
    |ap_predicate_op280_read_state3    |    and   |      0|  0|   2|           1|           1|
    |ap_predicate_op281_read_state3    |    and   |      0|  0|   2|           1|           1|
    |ap_predicate_op282_read_state3    |    and   |      0|  0|   2|           1|           1|
    |ap_predicate_op283_read_state3    |    and   |      0|  0|   2|           1|           1|
    |output_V_V_1_load_A               |    and   |      0|  0|   2|           1|           1|
    |output_V_V_1_load_B               |    and   |      0|  0|   2|           1|           1|
    |tmp10_nbreadreq_fu_1500_p3        |    and   |      0|  0|   2|           1|           0|
    |tmp11_nbreadreq_fu_1492_p3        |    and   |      0|  0|   2|           1|           0|
    |tmp12_nbreadreq_fu_1484_p3        |    and   |      0|  0|   2|           1|           0|
    |tmp13_nbreadreq_fu_1476_p3        |    and   |      0|  0|   2|           1|           0|
    |tmp14_nbreadreq_fu_1468_p3        |    and   |      0|  0|   2|           1|           0|
    |tmp15_nbreadreq_fu_1460_p3        |    and   |      0|  0|   2|           1|           0|
    |tmp16_nbreadreq_fu_1452_p3        |    and   |      0|  0|   2|           1|           0|
    |tmp17_nbreadreq_fu_1444_p3        |    and   |      0|  0|   2|           1|           0|
    |tmp18_nbreadreq_fu_1436_p3        |    and   |      0|  0|   2|           1|           0|
    |tmp19_nbreadreq_fu_1428_p3        |    and   |      0|  0|   2|           1|           0|
    |tmp1_nbreadreq_fu_1540_p3         |    and   |      0|  0|   2|           1|           0|
    |tmp20_nbreadreq_fu_1420_p3        |    and   |      0|  0|   2|           1|           0|
    |tmp21_nbreadreq_fu_1412_p3        |    and   |      0|  0|   2|           1|           0|
    |tmp22_nbreadreq_fu_1404_p3        |    and   |      0|  0|   2|           1|           0|
    |tmp23_nbreadreq_fu_1396_p3        |    and   |      0|  0|   2|           1|           0|
    |tmp24_nbreadreq_fu_1388_p3        |    and   |      0|  0|   2|           1|           0|
    |tmp25_nbreadreq_fu_1380_p3        |    and   |      0|  0|   2|           1|           0|
    |tmp26_nbreadreq_fu_1372_p3        |    and   |      0|  0|   2|           1|           0|
    |tmp27_nbreadreq_fu_1364_p3        |    and   |      0|  0|   2|           1|           0|
    |tmp28_nbreadreq_fu_1356_p3        |    and   |      0|  0|   2|           1|           0|
    |tmp29_nbreadreq_fu_1348_p3        |    and   |      0|  0|   2|           1|           0|
    |tmp2_nbreadreq_fu_1532_p3         |    and   |      0|  0|   2|           1|           0|
    |tmp30_nbreadreq_fu_1340_p3        |    and   |      0|  0|   2|           1|           0|
    |tmp31_nbreadreq_fu_1332_p3        |    and   |      0|  0|   2|           1|           0|
    |tmp32_nbreadreq_fu_1324_p3        |    and   |      0|  0|   2|           1|           0|
    |tmp33_nbreadreq_fu_1316_p3        |    and   |      0|  0|   2|           1|           0|
    |tmp34_nbreadreq_fu_1308_p3        |    and   |      0|  0|   2|           1|           0|
    |tmp35_nbreadreq_fu_1300_p3        |    and   |      0|  0|   2|           1|           0|
    |tmp36_nbreadreq_fu_1292_p3        |    and   |      0|  0|   2|           1|           0|
    |tmp37_nbreadreq_fu_1284_p3        |    and   |      0|  0|   2|           1|           0|
    |tmp38_nbreadreq_fu_1276_p3        |    and   |      0|  0|   2|           1|           0|
    |tmp39_nbreadreq_fu_1268_p3        |    and   |      0|  0|   2|           1|           0|
    |tmp3_nbreadreq_fu_1524_p3         |    and   |      0|  0|   2|           1|           0|
    |tmp40_nbreadreq_fu_1260_p3        |    and   |      0|  0|   2|           1|           0|
    |tmp41_nbreadreq_fu_1252_p3        |    and   |      0|  0|   2|           1|           0|
    |tmp42_nbreadreq_fu_1244_p3        |    and   |      0|  0|   2|           1|           0|
    |tmp43_nbreadreq_fu_1236_p3        |    and   |      0|  0|   2|           1|           0|
    |tmp44_nbreadreq_fu_1228_p3        |    and   |      0|  0|   2|           1|           0|
    |tmp45_nbreadreq_fu_1220_p3        |    and   |      0|  0|   2|           1|           0|
    |tmp46_nbreadreq_fu_1212_p3        |    and   |      0|  0|   2|           1|           0|
    |tmp47_nbreadreq_fu_1204_p3        |    and   |      0|  0|   2|           1|           0|
    |tmp48_nbreadreq_fu_1196_p3        |    and   |      0|  0|   2|           1|           0|
    |tmp49_nbreadreq_fu_1188_p3        |    and   |      0|  0|   2|           1|           0|
    |tmp4_nbreadreq_fu_1516_p3         |    and   |      0|  0|   2|           1|           0|
    |tmp50_nbreadreq_fu_1180_p3        |    and   |      0|  0|   2|           1|           0|
    |tmp51_nbreadreq_fu_1172_p3        |    and   |      0|  0|   2|           1|           0|
    |tmp52_nbreadreq_fu_1164_p3        |    and   |      0|  0|   2|           1|           0|
    |tmp53_nbreadreq_fu_1156_p3        |    and   |      0|  0|   2|           1|           0|
    |tmp54_nbreadreq_fu_1148_p3        |    and   |      0|  0|   2|           1|           0|
    |tmp55_nbreadreq_fu_1140_p3        |    and   |      0|  0|   2|           1|           0|
    |tmp56_nbreadreq_fu_1132_p3        |    and   |      0|  0|   2|           1|           0|
    |tmp57_nbreadreq_fu_1124_p3        |    and   |      0|  0|   2|           1|           0|
    |tmp58_nbreadreq_fu_1116_p3        |    and   |      0|  0|   2|           1|           0|
    |tmp59_nbreadreq_fu_1108_p3        |    and   |      0|  0|   2|           1|           0|
    |tmp5_nbreadreq_fu_1580_p3         |    and   |      0|  0|   2|           1|           0|
    |tmp60_nbreadreq_fu_1100_p3        |    and   |      0|  0|   2|           1|           0|
    |tmp61_nbreadreq_fu_1092_p3        |    and   |      0|  0|   2|           1|           0|
    |tmp62_nbreadreq_fu_1084_p3        |    and   |      0|  0|   2|           1|           0|
    |tmp63_nbreadreq_fu_1076_p3        |    and   |      0|  0|   2|           1|           0|
    |tmp6_nbreadreq_fu_1572_p3         |    and   |      0|  0|   2|           1|           0|
    |tmp7_nbreadreq_fu_1564_p3         |    and   |      0|  0|   2|           1|           0|
    |tmp8_nbreadreq_fu_1556_p3         |    and   |      0|  0|   2|           1|           0|
    |tmp9_nbreadreq_fu_1548_p3         |    and   |      0|  0|   2|           1|           0|
    |tmp_nbreadreq_fu_1508_p3          |    and   |      0|  0|   2|           1|           0|
    |icmp_ln7_fu_2335_p2               |   icmp   |      0|  0|  20|          28|          28|
    |icmp_ln9_fu_2347_p2               |   icmp   |      0|  0|  11|           7|           8|
    |output_V_V_1_state_cmp_full       |   icmp   |      0|  0|   8|           2|           1|
    |ap_block_pp0_stage0_11001         |    or    |      0|  0|   2|           1|           1|
    |ap_block_state1                   |    or    |      0|  0|   2|           1|           1|
    |ap_block_state3_pp0_stage0_iter1  |    or    |      0|  0|   2|           1|           1|
    |ap_block_state6                   |    or    |      0|  0|   2|           1|           1|
    |buffer_num_0_mid2_fu_2353_p3      |  select  |      0|  0|   7|           1|           1|
    |ap_enable_pp0                     |    xor   |      0|  0|   2|           1|           2|
    |ap_enable_reg_pp0_iter1           |    xor   |      0|  0|   2|           2|           1|
    +----------------------------------+----------+-------+---+----+------------+------------+
    |Total                             |          |      0|  0| 365|         216|         119|
    +----------------------------------+----------+-------+---+----+------------+------------+

    * Multiplexer: 
    +------------------------------------+-----+-----------+-----+-----------+
    |                Name                | LUT | Input Size| Bits| Total Bits|
    +------------------------------------+-----+-----------+-----+-----------+
    |ap_NS_fsm                           |   21|          4|    1|          4|
    |ap_done                             |    9|          2|    1|          2|
    |ap_enable_reg_pp0_iter1             |    9|          2|    1|          2|
    |ap_enable_reg_pp0_iter3             |    9|          2|    1|          2|
    |ap_phi_mux_temp_V_phi_fu_2203_p128  |  293|         65|   32|       2080|
    |ap_phi_mux_tmp_64_phi_fu_2004_p128  |  293|         65|    1|         65|
    |buffer_num_0_reg_1990               |    9|          2|    7|         14|
    |indvar_flatten_reg_1979             |    9|          2|   28|         56|
    |input_line_0_V_V_blk_n              |    9|          2|    1|          2|
    |input_line_10_V_V_blk_n             |    9|          2|    1|          2|
    |input_line_11_V_V_blk_n             |    9|          2|    1|          2|
    |input_line_12_V_V_blk_n             |    9|          2|    1|          2|
    |input_line_13_V_V_blk_n             |    9|          2|    1|          2|
    |input_line_14_V_V_blk_n             |    9|          2|    1|          2|
    |input_line_15_V_V_blk_n             |    9|          2|    1|          2|
    |input_line_16_V_V_blk_n             |    9|          2|    1|          2|
    |input_line_17_V_V_blk_n             |    9|          2|    1|          2|
    |input_line_18_V_V_blk_n             |    9|          2|    1|          2|
    |input_line_19_V_V_blk_n             |    9|          2|    1|          2|
    |input_line_1_V_V_blk_n              |    9|          2|    1|          2|
    |input_line_20_V_V_blk_n             |    9|          2|    1|          2|
    |input_line_21_V_V_blk_n             |    9|          2|    1|          2|
    |input_line_22_V_V_blk_n             |    9|          2|    1|          2|
    |input_line_23_V_V_blk_n             |    9|          2|    1|          2|
    |input_line_24_V_V_blk_n             |    9|          2|    1|          2|
    |input_line_25_V_V_blk_n             |    9|          2|    1|          2|
    |input_line_26_V_V_blk_n             |    9|          2|    1|          2|
    |input_line_27_V_V_blk_n             |    9|          2|    1|          2|
    |input_line_28_V_V_blk_n             |    9|          2|    1|          2|
    |input_line_29_V_V_blk_n             |    9|          2|    1|          2|
    |input_line_2_V_V_blk_n              |    9|          2|    1|          2|
    |input_line_30_V_V_blk_n             |    9|          2|    1|          2|
    |input_line_31_V_V_blk_n             |    9|          2|    1|          2|
    |input_line_32_V_V_blk_n             |    9|          2|    1|          2|
    |input_line_33_V_V_blk_n             |    9|          2|    1|          2|
    |input_line_34_V_V_blk_n             |    9|          2|    1|          2|
    |input_line_35_V_V_blk_n             |    9|          2|    1|          2|
    |input_line_36_V_V_blk_n             |    9|          2|    1|          2|
    |input_line_37_V_V_blk_n             |    9|          2|    1|          2|
    |input_line_38_V_V_blk_n             |    9|          2|    1|          2|
    |input_line_39_V_V_blk_n             |    9|          2|    1|          2|
    |input_line_3_V_V_blk_n              |    9|          2|    1|          2|
    |input_line_40_V_V_blk_n             |    9|          2|    1|          2|
    |input_line_41_V_V_blk_n             |    9|          2|    1|          2|
    |input_line_42_V_V_blk_n             |    9|          2|    1|          2|
    |input_line_43_V_V_blk_n             |    9|          2|    1|          2|
    |input_line_44_V_V_blk_n             |    9|          2|    1|          2|
    |input_line_45_V_V_blk_n             |    9|          2|    1|          2|
    |input_line_46_V_V_blk_n             |    9|          2|    1|          2|
    |input_line_47_V_V_blk_n             |    9|          2|    1|          2|
    |input_line_48_V_V_blk_n             |    9|          2|    1|          2|
    |input_line_49_V_V_blk_n             |    9|          2|    1|          2|
    |input_line_4_V_V_blk_n              |    9|          2|    1|          2|
    |input_line_50_V_V_blk_n             |    9|          2|    1|          2|
    |input_line_51_V_V_blk_n             |    9|          2|    1|          2|
    |input_line_52_V_V_blk_n             |    9|          2|    1|          2|
    |input_line_53_V_V_blk_n             |    9|          2|    1|          2|
    |input_line_54_V_V_blk_n             |    9|          2|    1|          2|
    |input_line_55_V_V_blk_n             |    9|          2|    1|          2|
    |input_line_56_V_V_blk_n             |    9|          2|    1|          2|
    |input_line_57_V_V_blk_n             |    9|          2|    1|          2|
    |input_line_58_V_V_blk_n             |    9|          2|    1|          2|
    |input_line_59_V_V_blk_n             |    9|          2|    1|          2|
    |input_line_5_V_V_blk_n              |    9|          2|    1|          2|
    |input_line_60_V_V_blk_n             |    9|          2|    1|          2|
    |input_line_61_V_V_blk_n             |    9|          2|    1|          2|
    |input_line_62_V_V_blk_n             |    9|          2|    1|          2|
    |input_line_63_V_V_blk_n             |    9|          2|    1|          2|
    |input_line_6_V_V_blk_n              |    9|          2|    1|          2|
    |input_line_7_V_V_blk_n              |    9|          2|    1|          2|
    |input_line_8_V_V_blk_n              |    9|          2|    1|          2|
    |input_line_9_V_V_blk_n              |    9|          2|    1|          2|
    |output_V_V_1_data_out               |    9|          2|   32|         64|
    |output_V_V_1_state                  |   15|          3|    2|          6|
    |output_V_V_TDATA_blk_n              |    9|          2|    1|          2|
    |tmp_64_reg_2001                     |  293|         65|    1|         65|
    +------------------------------------+-----+-----------+-----+-----------+
    |Total                               | 1554|        344|  172|       2490|
    +------------------------------------+-----+-----------+-----+-----------+

    * Register: 
    +-------------------------------+----+----+-----+-----------+
    |              Name             | FF | LUT| Bits| Const Bits|
    +-------------------------------+----+----+-----+-----------+
    |ap_CS_fsm                      |   3|   0|    3|          0|
    |ap_done_reg                    |   1|   0|    1|          0|
    |ap_enable_reg_pp0_iter0        |   1|   0|    1|          0|
    |ap_enable_reg_pp0_iter1        |   1|   0|    1|          0|
    |ap_enable_reg_pp0_iter2        |   1|   0|    1|          0|
    |ap_enable_reg_pp0_iter3        |   1|   0|    1|          0|
    |buffer_num_0_reg_1990          |   7|   0|    7|          0|
    |icmp_ln7_reg_2371              |   1|   0|    1|          0|
    |indvar_flatten_reg_1979        |  28|   0|   28|          0|
    |output_V_V_1_payload_A         |  32|   0|   32|          0|
    |output_V_V_1_payload_B         |  32|   0|   32|          0|
    |output_V_V_1_sel_rd            |   1|   0|    1|          0|
    |output_V_V_1_sel_wr            |   1|   0|    1|          0|
    |output_V_V_1_state             |   2|   0|    2|          0|
    |tmp_64_reg_2001                |   1|   0|    1|          0|
    |tmp_64_reg_2001_pp0_iter2_reg  |   1|   0|    1|          0|
    |tmp_V_100_reg_2519             |  32|   0|   32|          0|
    |tmp_V_101_reg_2514             |  32|   0|   32|          0|
    |tmp_V_102_reg_2509             |  32|   0|   32|          0|
    |tmp_V_103_reg_2504             |  32|   0|   32|          0|
    |tmp_V_104_reg_2499             |  32|   0|   32|          0|
    |tmp_V_105_reg_2494             |  32|   0|   32|          0|
    |tmp_V_106_reg_2489             |  32|   0|   32|          0|
    |tmp_V_107_reg_2484             |  32|   0|   32|          0|
    |tmp_V_108_reg_2479             |  32|   0|   32|          0|
    |tmp_V_109_reg_2474             |  32|   0|   32|          0|
    |tmp_V_110_reg_2469             |  32|   0|   32|          0|
    |tmp_V_111_reg_2464             |  32|   0|   32|          0|
    |tmp_V_112_reg_2459             |  32|   0|   32|          0|
    |tmp_V_113_reg_2454             |  32|   0|   32|          0|
    |tmp_V_114_reg_2449             |  32|   0|   32|          0|
    |tmp_V_115_reg_2444             |  32|   0|   32|          0|
    |tmp_V_116_reg_2439             |  32|   0|   32|          0|
    |tmp_V_117_reg_2434             |  32|   0|   32|          0|
    |tmp_V_118_reg_2429             |  32|   0|   32|          0|
    |tmp_V_119_reg_2424             |  32|   0|   32|          0|
    |tmp_V_120_reg_2419             |  32|   0|   32|          0|
    |tmp_V_121_reg_2414             |  32|   0|   32|          0|
    |tmp_V_122_reg_2409             |  32|   0|   32|          0|
    |tmp_V_123_reg_2404             |  32|   0|   32|          0|
    |tmp_V_124_reg_2399             |  32|   0|   32|          0|
    |tmp_V_125_reg_2394             |  32|   0|   32|          0|
    |tmp_V_126_reg_2389             |  32|   0|   32|          0|
    |tmp_V_64_reg_2699              |  32|   0|   32|          0|
    |tmp_V_65_reg_2694              |  32|   0|   32|          0|
    |tmp_V_66_reg_2689              |  32|   0|   32|          0|
    |tmp_V_67_reg_2684              |  32|   0|   32|          0|
    |tmp_V_68_reg_2679              |  32|   0|   32|          0|
    |tmp_V_69_reg_2674              |  32|   0|   32|          0|
    |tmp_V_70_reg_2669              |  32|   0|   32|          0|
    |tmp_V_71_reg_2664              |  32|   0|   32|          0|
    |tmp_V_72_reg_2659              |  32|   0|   32|          0|
    |tmp_V_73_reg_2654              |  32|   0|   32|          0|
    |tmp_V_74_reg_2649              |  32|   0|   32|          0|
    |tmp_V_75_reg_2644              |  32|   0|   32|          0|
    |tmp_V_76_reg_2639              |  32|   0|   32|          0|
    |tmp_V_77_reg_2634              |  32|   0|   32|          0|
    |tmp_V_78_reg_2629              |  32|   0|   32|          0|
    |tmp_V_79_reg_2624              |  32|   0|   32|          0|
    |tmp_V_80_reg_2619              |  32|   0|   32|          0|
    |tmp_V_81_reg_2614              |  32|   0|   32|          0|
    |tmp_V_82_reg_2609              |  32|   0|   32|          0|
    |tmp_V_83_reg_2604              |  32|   0|   32|          0|
    |tmp_V_84_reg_2599              |  32|   0|   32|          0|
    |tmp_V_85_reg_2594              |  32|   0|   32|          0|
    |tmp_V_86_reg_2589              |  32|   0|   32|          0|
    |tmp_V_87_reg_2584              |  32|   0|   32|          0|
    |tmp_V_88_reg_2579              |  32|   0|   32|          0|
    |tmp_V_89_reg_2574              |  32|   0|   32|          0|
    |tmp_V_90_reg_2569              |  32|   0|   32|          0|
    |tmp_V_91_reg_2564              |  32|   0|   32|          0|
    |tmp_V_92_reg_2559              |  32|   0|   32|          0|
    |tmp_V_93_reg_2554              |  32|   0|   32|          0|
    |tmp_V_94_reg_2549              |  32|   0|   32|          0|
    |tmp_V_95_reg_2544              |  32|   0|   32|          0|
    |tmp_V_96_reg_2539              |  32|   0|   32|          0|
    |tmp_V_97_reg_2534              |  32|   0|   32|          0|
    |tmp_V_98_reg_2529              |  32|   0|   32|          0|
    |tmp_V_99_reg_2524              |  32|   0|   32|          0|
    |tmp_V_reg_2704                 |  32|   0|   32|          0|
    |trunc_ln114_reg_2380           |   6|   0|    6|          0|
    |icmp_ln7_reg_2371              |  64|  32|    1|          0|
    |trunc_ln114_reg_2380           |  64|  32|    6|          0|
    +-------------------------------+----+----+-----+-----------+
    |Total                          |2296|  64| 2175|          0|
    +-------------------------------+----+----+-----+-----------+



================================================================
== Interface
================================================================
* Summary: 
+---------------------------+-----+-----+------------+-------------------+--------------+
|         RTL Ports         | Dir | Bits|  Protocol  |   Source Object   |    C Type    |
+---------------------------+-----+-----+------------+-------------------+--------------+
|ap_clk                     |  in |    1| ap_ctrl_hs |        fifo       | return value |
|ap_rst                     |  in |    1| ap_ctrl_hs |        fifo       | return value |
|ap_start                   |  in |    1| ap_ctrl_hs |        fifo       | return value |
|ap_done                    | out |    1| ap_ctrl_hs |        fifo       | return value |
|ap_continue                |  in |    1| ap_ctrl_hs |        fifo       | return value |
|ap_idle                    | out |    1| ap_ctrl_hs |        fifo       | return value |
|ap_ready                   | out |    1| ap_ctrl_hs |        fifo       | return value |
|input_line_0_V_V_dout      |  in |   32|   ap_fifo  |  input_line_0_V_V |    pointer   |
|input_line_0_V_V_empty_n   |  in |    1|   ap_fifo  |  input_line_0_V_V |    pointer   |
|input_line_0_V_V_read      | out |    1|   ap_fifo  |  input_line_0_V_V |    pointer   |
|input_line_1_V_V_dout      |  in |   32|   ap_fifo  |  input_line_1_V_V |    pointer   |
|input_line_1_V_V_empty_n   |  in |    1|   ap_fifo  |  input_line_1_V_V |    pointer   |
|input_line_1_V_V_read      | out |    1|   ap_fifo  |  input_line_1_V_V |    pointer   |
|input_line_2_V_V_dout      |  in |   32|   ap_fifo  |  input_line_2_V_V |    pointer   |
|input_line_2_V_V_empty_n   |  in |    1|   ap_fifo  |  input_line_2_V_V |    pointer   |
|input_line_2_V_V_read      | out |    1|   ap_fifo  |  input_line_2_V_V |    pointer   |
|input_line_3_V_V_dout      |  in |   32|   ap_fifo  |  input_line_3_V_V |    pointer   |
|input_line_3_V_V_empty_n   |  in |    1|   ap_fifo  |  input_line_3_V_V |    pointer   |
|input_line_3_V_V_read      | out |    1|   ap_fifo  |  input_line_3_V_V |    pointer   |
|input_line_4_V_V_dout      |  in |   32|   ap_fifo  |  input_line_4_V_V |    pointer   |
|input_line_4_V_V_empty_n   |  in |    1|   ap_fifo  |  input_line_4_V_V |    pointer   |
|input_line_4_V_V_read      | out |    1|   ap_fifo  |  input_line_4_V_V |    pointer   |
|input_line_5_V_V_dout      |  in |   32|   ap_fifo  |  input_line_5_V_V |    pointer   |
|input_line_5_V_V_empty_n   |  in |    1|   ap_fifo  |  input_line_5_V_V |    pointer   |
|input_line_5_V_V_read      | out |    1|   ap_fifo  |  input_line_5_V_V |    pointer   |
|input_line_6_V_V_dout      |  in |   32|   ap_fifo  |  input_line_6_V_V |    pointer   |
|input_line_6_V_V_empty_n   |  in |    1|   ap_fifo  |  input_line_6_V_V |    pointer   |
|input_line_6_V_V_read      | out |    1|   ap_fifo  |  input_line_6_V_V |    pointer   |
|input_line_7_V_V_dout      |  in |   32|   ap_fifo  |  input_line_7_V_V |    pointer   |
|input_line_7_V_V_empty_n   |  in |    1|   ap_fifo  |  input_line_7_V_V |    pointer   |
|input_line_7_V_V_read      | out |    1|   ap_fifo  |  input_line_7_V_V |    pointer   |
|input_line_8_V_V_dout      |  in |   32|   ap_fifo  |  input_line_8_V_V |    pointer   |
|input_line_8_V_V_empty_n   |  in |    1|   ap_fifo  |  input_line_8_V_V |    pointer   |
|input_line_8_V_V_read      | out |    1|   ap_fifo  |  input_line_8_V_V |    pointer   |
|input_line_9_V_V_dout      |  in |   32|   ap_fifo  |  input_line_9_V_V |    pointer   |
|input_line_9_V_V_empty_n   |  in |    1|   ap_fifo  |  input_line_9_V_V |    pointer   |
|input_line_9_V_V_read      | out |    1|   ap_fifo  |  input_line_9_V_V |    pointer   |
|input_line_10_V_V_dout     |  in |   32|   ap_fifo  | input_line_10_V_V |    pointer   |
|input_line_10_V_V_empty_n  |  in |    1|   ap_fifo  | input_line_10_V_V |    pointer   |
|input_line_10_V_V_read     | out |    1|   ap_fifo  | input_line_10_V_V |    pointer   |
|input_line_11_V_V_dout     |  in |   32|   ap_fifo  | input_line_11_V_V |    pointer   |
|input_line_11_V_V_empty_n  |  in |    1|   ap_fifo  | input_line_11_V_V |    pointer   |
|input_line_11_V_V_read     | out |    1|   ap_fifo  | input_line_11_V_V |    pointer   |
|input_line_12_V_V_dout     |  in |   32|   ap_fifo  | input_line_12_V_V |    pointer   |
|input_line_12_V_V_empty_n  |  in |    1|   ap_fifo  | input_line_12_V_V |    pointer   |
|input_line_12_V_V_read     | out |    1|   ap_fifo  | input_line_12_V_V |    pointer   |
|input_line_13_V_V_dout     |  in |   32|   ap_fifo  | input_line_13_V_V |    pointer   |
|input_line_13_V_V_empty_n  |  in |    1|   ap_fifo  | input_line_13_V_V |    pointer   |
|input_line_13_V_V_read     | out |    1|   ap_fifo  | input_line_13_V_V |    pointer   |
|input_line_14_V_V_dout     |  in |   32|   ap_fifo  | input_line_14_V_V |    pointer   |
|input_line_14_V_V_empty_n  |  in |    1|   ap_fifo  | input_line_14_V_V |    pointer   |
|input_line_14_V_V_read     | out |    1|   ap_fifo  | input_line_14_V_V |    pointer   |
|input_line_15_V_V_dout     |  in |   32|   ap_fifo  | input_line_15_V_V |    pointer   |
|input_line_15_V_V_empty_n  |  in |    1|   ap_fifo  | input_line_15_V_V |    pointer   |
|input_line_15_V_V_read     | out |    1|   ap_fifo  | input_line_15_V_V |    pointer   |
|input_line_16_V_V_dout     |  in |   32|   ap_fifo  | input_line_16_V_V |    pointer   |
|input_line_16_V_V_empty_n  |  in |    1|   ap_fifo  | input_line_16_V_V |    pointer   |
|input_line_16_V_V_read     | out |    1|   ap_fifo  | input_line_16_V_V |    pointer   |
|input_line_17_V_V_dout     |  in |   32|   ap_fifo  | input_line_17_V_V |    pointer   |
|input_line_17_V_V_empty_n  |  in |    1|   ap_fifo  | input_line_17_V_V |    pointer   |
|input_line_17_V_V_read     | out |    1|   ap_fifo  | input_line_17_V_V |    pointer   |
|input_line_18_V_V_dout     |  in |   32|   ap_fifo  | input_line_18_V_V |    pointer   |
|input_line_18_V_V_empty_n  |  in |    1|   ap_fifo  | input_line_18_V_V |    pointer   |
|input_line_18_V_V_read     | out |    1|   ap_fifo  | input_line_18_V_V |    pointer   |
|input_line_19_V_V_dout     |  in |   32|   ap_fifo  | input_line_19_V_V |    pointer   |
|input_line_19_V_V_empty_n  |  in |    1|   ap_fifo  | input_line_19_V_V |    pointer   |
|input_line_19_V_V_read     | out |    1|   ap_fifo  | input_line_19_V_V |    pointer   |
|input_line_20_V_V_dout     |  in |   32|   ap_fifo  | input_line_20_V_V |    pointer   |
|input_line_20_V_V_empty_n  |  in |    1|   ap_fifo  | input_line_20_V_V |    pointer   |
|input_line_20_V_V_read     | out |    1|   ap_fifo  | input_line_20_V_V |    pointer   |
|input_line_21_V_V_dout     |  in |   32|   ap_fifo  | input_line_21_V_V |    pointer   |
|input_line_21_V_V_empty_n  |  in |    1|   ap_fifo  | input_line_21_V_V |    pointer   |
|input_line_21_V_V_read     | out |    1|   ap_fifo  | input_line_21_V_V |    pointer   |
|input_line_22_V_V_dout     |  in |   32|   ap_fifo  | input_line_22_V_V |    pointer   |
|input_line_22_V_V_empty_n  |  in |    1|   ap_fifo  | input_line_22_V_V |    pointer   |
|input_line_22_V_V_read     | out |    1|   ap_fifo  | input_line_22_V_V |    pointer   |
|input_line_23_V_V_dout     |  in |   32|   ap_fifo  | input_line_23_V_V |    pointer   |
|input_line_23_V_V_empty_n  |  in |    1|   ap_fifo  | input_line_23_V_V |    pointer   |
|input_line_23_V_V_read     | out |    1|   ap_fifo  | input_line_23_V_V |    pointer   |
|input_line_24_V_V_dout     |  in |   32|   ap_fifo  | input_line_24_V_V |    pointer   |
|input_line_24_V_V_empty_n  |  in |    1|   ap_fifo  | input_line_24_V_V |    pointer   |
|input_line_24_V_V_read     | out |    1|   ap_fifo  | input_line_24_V_V |    pointer   |
|input_line_25_V_V_dout     |  in |   32|   ap_fifo  | input_line_25_V_V |    pointer   |
|input_line_25_V_V_empty_n  |  in |    1|   ap_fifo  | input_line_25_V_V |    pointer   |
|input_line_25_V_V_read     | out |    1|   ap_fifo  | input_line_25_V_V |    pointer   |
|input_line_26_V_V_dout     |  in |   32|   ap_fifo  | input_line_26_V_V |    pointer   |
|input_line_26_V_V_empty_n  |  in |    1|   ap_fifo  | input_line_26_V_V |    pointer   |
|input_line_26_V_V_read     | out |    1|   ap_fifo  | input_line_26_V_V |    pointer   |
|input_line_27_V_V_dout     |  in |   32|   ap_fifo  | input_line_27_V_V |    pointer   |
|input_line_27_V_V_empty_n  |  in |    1|   ap_fifo  | input_line_27_V_V |    pointer   |
|input_line_27_V_V_read     | out |    1|   ap_fifo  | input_line_27_V_V |    pointer   |
|input_line_28_V_V_dout     |  in |   32|   ap_fifo  | input_line_28_V_V |    pointer   |
|input_line_28_V_V_empty_n  |  in |    1|   ap_fifo  | input_line_28_V_V |    pointer   |
|input_line_28_V_V_read     | out |    1|   ap_fifo  | input_line_28_V_V |    pointer   |
|input_line_29_V_V_dout     |  in |   32|   ap_fifo  | input_line_29_V_V |    pointer   |
|input_line_29_V_V_empty_n  |  in |    1|   ap_fifo  | input_line_29_V_V |    pointer   |
|input_line_29_V_V_read     | out |    1|   ap_fifo  | input_line_29_V_V |    pointer   |
|input_line_30_V_V_dout     |  in |   32|   ap_fifo  | input_line_30_V_V |    pointer   |
|input_line_30_V_V_empty_n  |  in |    1|   ap_fifo  | input_line_30_V_V |    pointer   |
|input_line_30_V_V_read     | out |    1|   ap_fifo  | input_line_30_V_V |    pointer   |
|input_line_31_V_V_dout     |  in |   32|   ap_fifo  | input_line_31_V_V |    pointer   |
|input_line_31_V_V_empty_n  |  in |    1|   ap_fifo  | input_line_31_V_V |    pointer   |
|input_line_31_V_V_read     | out |    1|   ap_fifo  | input_line_31_V_V |    pointer   |
|input_line_32_V_V_dout     |  in |   32|   ap_fifo  | input_line_32_V_V |    pointer   |
|input_line_32_V_V_empty_n  |  in |    1|   ap_fifo  | input_line_32_V_V |    pointer   |
|input_line_32_V_V_read     | out |    1|   ap_fifo  | input_line_32_V_V |    pointer   |
|input_line_33_V_V_dout     |  in |   32|   ap_fifo  | input_line_33_V_V |    pointer   |
|input_line_33_V_V_empty_n  |  in |    1|   ap_fifo  | input_line_33_V_V |    pointer   |
|input_line_33_V_V_read     | out |    1|   ap_fifo  | input_line_33_V_V |    pointer   |
|input_line_34_V_V_dout     |  in |   32|   ap_fifo  | input_line_34_V_V |    pointer   |
|input_line_34_V_V_empty_n  |  in |    1|   ap_fifo  | input_line_34_V_V |    pointer   |
|input_line_34_V_V_read     | out |    1|   ap_fifo  | input_line_34_V_V |    pointer   |
|input_line_35_V_V_dout     |  in |   32|   ap_fifo  | input_line_35_V_V |    pointer   |
|input_line_35_V_V_empty_n  |  in |    1|   ap_fifo  | input_line_35_V_V |    pointer   |
|input_line_35_V_V_read     | out |    1|   ap_fifo  | input_line_35_V_V |    pointer   |
|input_line_36_V_V_dout     |  in |   32|   ap_fifo  | input_line_36_V_V |    pointer   |
|input_line_36_V_V_empty_n  |  in |    1|   ap_fifo  | input_line_36_V_V |    pointer   |
|input_line_36_V_V_read     | out |    1|   ap_fifo  | input_line_36_V_V |    pointer   |
|input_line_37_V_V_dout     |  in |   32|   ap_fifo  | input_line_37_V_V |    pointer   |
|input_line_37_V_V_empty_n  |  in |    1|   ap_fifo  | input_line_37_V_V |    pointer   |
|input_line_37_V_V_read     | out |    1|   ap_fifo  | input_line_37_V_V |    pointer   |
|input_line_38_V_V_dout     |  in |   32|   ap_fifo  | input_line_38_V_V |    pointer   |
|input_line_38_V_V_empty_n  |  in |    1|   ap_fifo  | input_line_38_V_V |    pointer   |
|input_line_38_V_V_read     | out |    1|   ap_fifo  | input_line_38_V_V |    pointer   |
|input_line_39_V_V_dout     |  in |   32|   ap_fifo  | input_line_39_V_V |    pointer   |
|input_line_39_V_V_empty_n  |  in |    1|   ap_fifo  | input_line_39_V_V |    pointer   |
|input_line_39_V_V_read     | out |    1|   ap_fifo  | input_line_39_V_V |    pointer   |
|input_line_40_V_V_dout     |  in |   32|   ap_fifo  | input_line_40_V_V |    pointer   |
|input_line_40_V_V_empty_n  |  in |    1|   ap_fifo  | input_line_40_V_V |    pointer   |
|input_line_40_V_V_read     | out |    1|   ap_fifo  | input_line_40_V_V |    pointer   |
|input_line_41_V_V_dout     |  in |   32|   ap_fifo  | input_line_41_V_V |    pointer   |
|input_line_41_V_V_empty_n  |  in |    1|   ap_fifo  | input_line_41_V_V |    pointer   |
|input_line_41_V_V_read     | out |    1|   ap_fifo  | input_line_41_V_V |    pointer   |
|input_line_42_V_V_dout     |  in |   32|   ap_fifo  | input_line_42_V_V |    pointer   |
|input_line_42_V_V_empty_n  |  in |    1|   ap_fifo  | input_line_42_V_V |    pointer   |
|input_line_42_V_V_read     | out |    1|   ap_fifo  | input_line_42_V_V |    pointer   |
|input_line_43_V_V_dout     |  in |   32|   ap_fifo  | input_line_43_V_V |    pointer   |
|input_line_43_V_V_empty_n  |  in |    1|   ap_fifo  | input_line_43_V_V |    pointer   |
|input_line_43_V_V_read     | out |    1|   ap_fifo  | input_line_43_V_V |    pointer   |
|input_line_44_V_V_dout     |  in |   32|   ap_fifo  | input_line_44_V_V |    pointer   |
|input_line_44_V_V_empty_n  |  in |    1|   ap_fifo  | input_line_44_V_V |    pointer   |
|input_line_44_V_V_read     | out |    1|   ap_fifo  | input_line_44_V_V |    pointer   |
|input_line_45_V_V_dout     |  in |   32|   ap_fifo  | input_line_45_V_V |    pointer   |
|input_line_45_V_V_empty_n  |  in |    1|   ap_fifo  | input_line_45_V_V |    pointer   |
|input_line_45_V_V_read     | out |    1|   ap_fifo  | input_line_45_V_V |    pointer   |
|input_line_46_V_V_dout     |  in |   32|   ap_fifo  | input_line_46_V_V |    pointer   |
|input_line_46_V_V_empty_n  |  in |    1|   ap_fifo  | input_line_46_V_V |    pointer   |
|input_line_46_V_V_read     | out |    1|   ap_fifo  | input_line_46_V_V |    pointer   |
|input_line_47_V_V_dout     |  in |   32|   ap_fifo  | input_line_47_V_V |    pointer   |
|input_line_47_V_V_empty_n  |  in |    1|   ap_fifo  | input_line_47_V_V |    pointer   |
|input_line_47_V_V_read     | out |    1|   ap_fifo  | input_line_47_V_V |    pointer   |
|input_line_48_V_V_dout     |  in |   32|   ap_fifo  | input_line_48_V_V |    pointer   |
|input_line_48_V_V_empty_n  |  in |    1|   ap_fifo  | input_line_48_V_V |    pointer   |
|input_line_48_V_V_read     | out |    1|   ap_fifo  | input_line_48_V_V |    pointer   |
|input_line_49_V_V_dout     |  in |   32|   ap_fifo  | input_line_49_V_V |    pointer   |
|input_line_49_V_V_empty_n  |  in |    1|   ap_fifo  | input_line_49_V_V |    pointer   |
|input_line_49_V_V_read     | out |    1|   ap_fifo  | input_line_49_V_V |    pointer   |
|input_line_50_V_V_dout     |  in |   32|   ap_fifo  | input_line_50_V_V |    pointer   |
|input_line_50_V_V_empty_n  |  in |    1|   ap_fifo  | input_line_50_V_V |    pointer   |
|input_line_50_V_V_read     | out |    1|   ap_fifo  | input_line_50_V_V |    pointer   |
|input_line_51_V_V_dout     |  in |   32|   ap_fifo  | input_line_51_V_V |    pointer   |
|input_line_51_V_V_empty_n  |  in |    1|   ap_fifo  | input_line_51_V_V |    pointer   |
|input_line_51_V_V_read     | out |    1|   ap_fifo  | input_line_51_V_V |    pointer   |
|input_line_52_V_V_dout     |  in |   32|   ap_fifo  | input_line_52_V_V |    pointer   |
|input_line_52_V_V_empty_n  |  in |    1|   ap_fifo  | input_line_52_V_V |    pointer   |
|input_line_52_V_V_read     | out |    1|   ap_fifo  | input_line_52_V_V |    pointer   |
|input_line_53_V_V_dout     |  in |   32|   ap_fifo  | input_line_53_V_V |    pointer   |
|input_line_53_V_V_empty_n  |  in |    1|   ap_fifo  | input_line_53_V_V |    pointer   |
|input_line_53_V_V_read     | out |    1|   ap_fifo  | input_line_53_V_V |    pointer   |
|input_line_54_V_V_dout     |  in |   32|   ap_fifo  | input_line_54_V_V |    pointer   |
|input_line_54_V_V_empty_n  |  in |    1|   ap_fifo  | input_line_54_V_V |    pointer   |
|input_line_54_V_V_read     | out |    1|   ap_fifo  | input_line_54_V_V |    pointer   |
|input_line_55_V_V_dout     |  in |   32|   ap_fifo  | input_line_55_V_V |    pointer   |
|input_line_55_V_V_empty_n  |  in |    1|   ap_fifo  | input_line_55_V_V |    pointer   |
|input_line_55_V_V_read     | out |    1|   ap_fifo  | input_line_55_V_V |    pointer   |
|input_line_56_V_V_dout     |  in |   32|   ap_fifo  | input_line_56_V_V |    pointer   |
|input_line_56_V_V_empty_n  |  in |    1|   ap_fifo  | input_line_56_V_V |    pointer   |
|input_line_56_V_V_read     | out |    1|   ap_fifo  | input_line_56_V_V |    pointer   |
|input_line_57_V_V_dout     |  in |   32|   ap_fifo  | input_line_57_V_V |    pointer   |
|input_line_57_V_V_empty_n  |  in |    1|   ap_fifo  | input_line_57_V_V |    pointer   |
|input_line_57_V_V_read     | out |    1|   ap_fifo  | input_line_57_V_V |    pointer   |
|input_line_58_V_V_dout     |  in |   32|   ap_fifo  | input_line_58_V_V |    pointer   |
|input_line_58_V_V_empty_n  |  in |    1|   ap_fifo  | input_line_58_V_V |    pointer   |
|input_line_58_V_V_read     | out |    1|   ap_fifo  | input_line_58_V_V |    pointer   |
|input_line_59_V_V_dout     |  in |   32|   ap_fifo  | input_line_59_V_V |    pointer   |
|input_line_59_V_V_empty_n  |  in |    1|   ap_fifo  | input_line_59_V_V |    pointer   |
|input_line_59_V_V_read     | out |    1|   ap_fifo  | input_line_59_V_V |    pointer   |
|input_line_60_V_V_dout     |  in |   32|   ap_fifo  | input_line_60_V_V |    pointer   |
|input_line_60_V_V_empty_n  |  in |    1|   ap_fifo  | input_line_60_V_V |    pointer   |
|input_line_60_V_V_read     | out |    1|   ap_fifo  | input_line_60_V_V |    pointer   |
|input_line_61_V_V_dout     |  in |   32|   ap_fifo  | input_line_61_V_V |    pointer   |
|input_line_61_V_V_empty_n  |  in |    1|   ap_fifo  | input_line_61_V_V |    pointer   |
|input_line_61_V_V_read     | out |    1|   ap_fifo  | input_line_61_V_V |    pointer   |
|input_line_62_V_V_dout     |  in |   32|   ap_fifo  | input_line_62_V_V |    pointer   |
|input_line_62_V_V_empty_n  |  in |    1|   ap_fifo  | input_line_62_V_V |    pointer   |
|input_line_62_V_V_read     | out |    1|   ap_fifo  | input_line_62_V_V |    pointer   |
|input_line_63_V_V_dout     |  in |   32|   ap_fifo  | input_line_63_V_V |    pointer   |
|input_line_63_V_V_empty_n  |  in |    1|   ap_fifo  | input_line_63_V_V |    pointer   |
|input_line_63_V_V_read     | out |    1|   ap_fifo  | input_line_63_V_V |    pointer   |
|output_V_V_TDATA           | out |   32|    axis    |     output_V_V    |    pointer   |
|output_V_V_TVALID          | out |    1|    axis    |     output_V_V    |    pointer   |
|output_V_V_TREADY          |  in |    1|    axis    |     output_V_V    |    pointer   |
+---------------------------+-----+-----+------------+-------------------+--------------+

