

================================================================
== Vivado HLS Report for 'popcnt'
================================================================
* Date:           Mon Nov 18 16:03:55 2019

* Version:        2019.1 (Build 2552052 on Fri May 24 15:28:33 MDT 2019)
* Project:        tancoeff
* Solution:       tancoeff
* Product family: virtexuplus
* Target device:  xcvu9p-fsgd2104-2L-e


================================================================
== Performance Estimates
================================================================
+ Timing (ns): 
    * Summary: 
    +--------+-------+----------+------------+
    |  Clock | Target| Estimated| Uncertainty|
    +--------+-------+----------+------------+
    |ap_clk  |   3.33|     1.382|        0.90|
    +--------+-------+----------+------------+

+ Latency (clock cycles): 
    * Summary: 
    +-----+-----+-----+-----+----------+
    |  Latency  |  Interval | Pipeline |
    | min | max | min | max |   Type   |
    +-----+-----+-----+-----+----------+
    |    0|    0|    1|    1| function |
    +-----+-----+-----+-----+----------+

    + Detail: 
        * Instance: 
        N/A

        * Loop: 
        N/A



================================================================
== Utilization Estimates
================================================================
* Summary: 
+---------------------+---------+-------+---------+---------+-----+
|         Name        | BRAM_18K| DSP48E|    FF   |   LUT   | URAM|
+---------------------+---------+-------+---------+---------+-----+
|DSP                  |        -|      -|        -|        -|    -|
|Expression           |        -|      -|        0|      122|    -|
|FIFO                 |        -|      -|        -|        -|    -|
|Instance             |        -|      -|        -|        -|    -|
|Memory               |        -|      -|        -|        -|    -|
|Multiplexer          |        -|      -|        -|        -|    -|
|Register             |        -|      -|        -|        -|    -|
+---------------------+---------+-------+---------+---------+-----+
|Total                |        0|      0|        0|      122|    0|
+---------------------+---------+-------+---------+---------+-----+
|Available SLR        |     1440|   2280|   788160|   394080|  320|
+---------------------+---------+-------+---------+---------+-----+
|Utilization SLR (%)  |        0|      0|        0|    ~0   |    0|
+---------------------+---------+-------+---------+---------+-----+
|Available            |     4320|   6840|  2364480|  1182240|  960|
+---------------------+---------+-------+---------+---------+-----+
|Utilization (%)      |        0|      0|        0|    ~0   |    0|
+---------------------+---------+-------+---------+---------+-----+

+ Detail: 
    * Instance: 
    N/A

    * DSP48E: 
    N/A

    * Memory: 
    N/A

    * FIFO: 
    N/A

    * Expression: 
    +------------------------+----------+-------+---+----+------------+------------+
    |      Variable Name     | Operation| DSP48E| FF| LUT| Bitwidth P0| Bitwidth P1|
    +------------------------+----------+-------+---+----+------------+------------+
    |add_ln700_14_fu_330_p2  |     +    |      0|  0|  10|           4|           4|
    |add_ln700_2_fu_86_p2    |     +    |      0|  0|  10|           2|           2|
    |add_ln700_31_fu_144_p2  |     +    |      0|  0|  10|           3|           3|
    |add_ln700_32_fu_150_p2  |     +    |      0|  0|  10|           2|           2|
    |add_ln700_33_fu_156_p2  |     +    |      0|  0|  10|           2|           2|
    |add_ln700_34_fu_272_p2  |     +    |      0|  0|   6|           4|           4|
    |add_ln700_35_fu_278_p2  |     +    |      0|  0|   3|           2|           2|
    |add_ln700_36_fu_288_p2  |     +    |      0|  0|  10|           4|           4|
    |add_ln700_37_fu_294_p2  |     +    |      0|  0|   3|           2|           2|
    |add_ln700_38_fu_304_p2  |     +    |      0|  0|  10|           2|           2|
    |add_ln700_39_fu_310_p2  |     +    |      0|  0|  10|           2|           2|
    |add_ln700_40_fu_320_p2  |     +    |      0|  0|   4|           3|           3|
    |add_ln700_6_fu_166_p2   |     +    |      0|  0|  10|           3|           3|
    |add_ln700_fu_80_p2      |     +    |      0|  0|  10|           2|           2|
    |ap_return               |     +    |      0|  0|   6|           5|           5|
    +------------------------+----------+-------+---+----+------------+------------+
    |Total                   |          |      0|  0| 122|          42|          42|
    +------------------------+----------+-------+---+----+------------+------------+

    * Multiplexer: 
    N/A

    * Register: 
    N/A



================================================================
== Interface
================================================================
* Summary: 
+-----------+-----+-----+------------+--------------+--------------+
| RTL Ports | Dir | Bits|  Protocol  | Source Object|    C Type    |
+-----------+-----+-----+------------+--------------+--------------+
|ap_ready   | out |    1| ap_ctrl_hs |    popcnt    | return value |
|ap_return  | out |    5| ap_ctrl_hs |    popcnt    | return value |
|x_V        |  in |   16|   ap_none  |      x_V     |    scalar    |
+-----------+-----+-----+------------+--------------+--------------+

