

================================================================
== Vivado HLS Report for 'popcnt'
================================================================
* Date:           Fri Nov  8 12:30:39 2019

* Version:        2019.1 (Build 2552052 on Fri May 24 15:28:33 MDT 2019)
* Project:        tancoeff
* Solution:       tancoeff
* Product family: virtexuplus
* Target device:  xcvu9p-fsgd2104-2L-e


================================================================
== Performance Estimates
================================================================
+ Timing (ns): 
    * Summary: 
    +--------+-------+----------+------------+
    |  Clock | Target| Estimated| Uncertainty|
    +--------+-------+----------+------------+
    |ap_clk  |   3.33|     2.148|        0.90|
    +--------+-------+----------+------------+

+ Latency (clock cycles): 
    * Summary: 
    +-----+-----+-----+-----+----------+
    |  Latency  |  Interval | Pipeline |
    | min | max | min | max |   Type   |
    +-----+-----+-----+-----+----------+
    |    1|    1|    1|    1| function |
    +-----+-----+-----+-----+----------+

    + Detail: 
        * Instance: 
        N/A

        * Loop: 
        N/A



================================================================
== Utilization Estimates
================================================================
* Summary: 
+---------------------+---------+-------+---------+---------+-----+
|         Name        | BRAM_18K| DSP48E|    FF   |   LUT   | URAM|
+---------------------+---------+-------+---------+---------+-----+
|DSP                  |        -|      -|        -|        -|    -|
|Expression           |        -|      -|        0|     2068|    -|
|FIFO                 |        -|      -|        -|        -|    -|
|Instance             |        -|      -|        -|        -|    -|
|Memory               |        -|      -|        -|        -|    -|
|Multiplexer          |        -|      -|        -|        9|    -|
|Register             |        -|      -|       43|        -|    -|
+---------------------+---------+-------+---------+---------+-----+
|Total                |        0|      0|       43|     2077|    0|
+---------------------+---------+-------+---------+---------+-----+
|Available SLR        |     1440|   2280|   788160|   394080|  320|
+---------------------+---------+-------+---------+---------+-----+
|Utilization SLR (%)  |        0|      0|    ~0   |    ~0   |    0|
+---------------------+---------+-------+---------+---------+-----+
|Available            |     4320|   6840|  2364480|  1182240|  960|
+---------------------+---------+-------+---------+---------+-----+
|Utilization (%)      |        0|      0|    ~0   |    ~0   |    0|
+---------------------+---------+-------+---------+---------+-----+

+ Detail: 
    * Instance: 
    N/A

    * DSP48E: 
    N/A

    * Memory: 
    N/A

    * FIFO: 
    N/A

    * Expression: 
    +----------------------------+----------+-------+---+----+------------+------------+
    |        Variable Name       | Operation| DSP48E| FF| LUT| Bitwidth P0| Bitwidth P1|
    +----------------------------+----------+-------+---+----+------------+------------+
    |add_ln700_1023_fu_7190_p2   |     +    |      0|  0|   3|           2|           2|
    |add_ln700_1024_fu_7200_p2   |     +    |      0|  0|   4|           3|           3|
    |add_ln700_1025_fu_7210_p2   |     +    |      0|  0|   3|           2|           2|
    |add_ln700_1026_fu_7220_p2   |     +    |      0|  0|   3|           2|           2|
    |add_ln700_1027_fu_7230_p2   |     +    |      0|  0|   4|           3|           3|
    |add_ln700_1028_fu_7240_p2   |     +    |      0|  0|   6|           4|           4|
    |add_ln700_1029_fu_7250_p2   |     +    |      0|  0|   3|           2|           2|
    |add_ln700_1030_fu_7260_p2   |     +    |      0|  0|   3|           2|           2|
    |add_ln700_1031_fu_7270_p2   |     +    |      0|  0|   4|           3|           3|
    |add_ln700_1032_fu_7280_p2   |     +    |      0|  0|   3|           2|           2|
    |add_ln700_1033_fu_7290_p2   |     +    |      0|  0|   3|           2|           2|
    |add_ln700_1034_fu_7300_p2   |     +    |      0|  0|   4|           3|           3|
    |add_ln700_1035_fu_7310_p2   |     +    |      0|  0|   6|           4|           4|
    |add_ln700_1036_fu_7320_p2   |     +    |      0|  0|   6|           5|           5|
    |add_ln700_1037_fu_7330_p2   |     +    |      0|  0|   3|           2|           2|
    |add_ln700_1038_fu_7340_p2   |     +    |      0|  0|   3|           2|           2|
    |add_ln700_1039_fu_7350_p2   |     +    |      0|  0|   4|           3|           3|
    |add_ln700_1040_fu_7360_p2   |     +    |      0|  0|   3|           2|           2|
    |add_ln700_1041_fu_7370_p2   |     +    |      0|  0|   3|           2|           2|
    |add_ln700_1042_fu_7380_p2   |     +    |      0|  0|   4|           3|           3|
    |add_ln700_1043_fu_7390_p2   |     +    |      0|  0|   6|           4|           4|
    |add_ln700_1044_fu_7400_p2   |     +    |      0|  0|   3|           2|           2|
    |add_ln700_1045_fu_7410_p2   |     +    |      0|  0|   3|           2|           2|
    |add_ln700_1046_fu_7420_p2   |     +    |      0|  0|   4|           3|           3|
    |add_ln700_1047_fu_7430_p2   |     +    |      0|  0|   3|           2|           2|
    |add_ln700_1048_fu_7440_p2   |     +    |      0|  0|   3|           2|           2|
    |add_ln700_1049_fu_7450_p2   |     +    |      0|  0|   4|           3|           3|
    |add_ln700_1050_fu_7460_p2   |     +    |      0|  0|   6|           4|           4|
    |add_ln700_1051_fu_7470_p2   |     +    |      0|  0|   6|           5|           5|
    |add_ln700_1052_fu_7480_p2   |     +    |      0|  0|   6|           6|           6|
    |add_ln700_1053_fu_7490_p2   |     +    |      0|  0|   3|           2|           2|
    |add_ln700_1054_fu_7500_p2   |     +    |      0|  0|   3|           2|           2|
    |add_ln700_1055_fu_7510_p2   |     +    |      0|  0|   4|           3|           3|
    |add_ln700_1056_fu_7520_p2   |     +    |      0|  0|   3|           2|           2|
    |add_ln700_1057_fu_7530_p2   |     +    |      0|  0|   3|           2|           2|
    |add_ln700_1058_fu_7540_p2   |     +    |      0|  0|   4|           3|           3|
    |add_ln700_1059_fu_7550_p2   |     +    |      0|  0|   6|           4|           4|
    |add_ln700_1060_fu_7560_p2   |     +    |      0|  0|   3|           2|           2|
    |add_ln700_1061_fu_7570_p2   |     +    |      0|  0|   3|           2|           2|
    |add_ln700_1062_fu_7580_p2   |     +    |      0|  0|   4|           3|           3|
    |add_ln700_1063_fu_7590_p2   |     +    |      0|  0|   3|           2|           2|
    |add_ln700_1064_fu_7600_p2   |     +    |      0|  0|   3|           2|           2|
    |add_ln700_1065_fu_7610_p2   |     +    |      0|  0|   4|           3|           3|
    |add_ln700_1066_fu_7620_p2   |     +    |      0|  0|   6|           4|           4|
    |add_ln700_1067_fu_7630_p2   |     +    |      0|  0|   6|           5|           5|
    |add_ln700_1068_fu_7640_p2   |     +    |      0|  0|   3|           2|           2|
    |add_ln700_1069_fu_7650_p2   |     +    |      0|  0|   3|           2|           2|
    |add_ln700_1070_fu_7660_p2   |     +    |      0|  0|   4|           3|           3|
    |add_ln700_1071_fu_7670_p2   |     +    |      0|  0|   3|           2|           2|
    |add_ln700_1072_fu_7680_p2   |     +    |      0|  0|   3|           2|           2|
    |add_ln700_1073_fu_7690_p2   |     +    |      0|  0|   4|           3|           3|
    |add_ln700_1074_fu_7700_p2   |     +    |      0|  0|   6|           4|           4|
    |add_ln700_1075_fu_7710_p2   |     +    |      0|  0|   3|           2|           2|
    |add_ln700_1076_fu_7720_p2   |     +    |      0|  0|   3|           2|           2|
    |add_ln700_1077_fu_7730_p2   |     +    |      0|  0|   4|           3|           3|
    |add_ln700_1078_fu_7740_p2   |     +    |      0|  0|   3|           2|           2|
    |add_ln700_1079_fu_7750_p2   |     +    |      0|  0|   3|           2|           2|
    |add_ln700_1080_fu_7760_p2   |     +    |      0|  0|   4|           3|           3|
    |add_ln700_1081_fu_7770_p2   |     +    |      0|  0|   6|           4|           4|
    |add_ln700_1082_fu_7780_p2   |     +    |      0|  0|   6|           5|           5|
    |add_ln700_1083_fu_7790_p2   |     +    |      0|  0|   6|           6|           6|
    |add_ln700_1084_fu_7800_p2   |     +    |      0|  0|   7|           7|           7|
    |add_ln700_1085_fu_7810_p2   |     +    |      0|  0|   3|           2|           2|
    |add_ln700_1086_fu_7820_p2   |     +    |      0|  0|   3|           2|           2|
    |add_ln700_1087_fu_7830_p2   |     +    |      0|  0|   4|           3|           3|
    |add_ln700_1088_fu_7840_p2   |     +    |      0|  0|   3|           2|           2|
    |add_ln700_1089_fu_7850_p2   |     +    |      0|  0|   3|           2|           2|
    |add_ln700_1090_fu_7860_p2   |     +    |      0|  0|   4|           3|           3|
    |add_ln700_1091_fu_7870_p2   |     +    |      0|  0|   6|           4|           4|
    |add_ln700_1092_fu_7880_p2   |     +    |      0|  0|   3|           2|           2|
    |add_ln700_1093_fu_7890_p2   |     +    |      0|  0|   3|           2|           2|
    |add_ln700_1094_fu_7900_p2   |     +    |      0|  0|   4|           3|           3|
    |add_ln700_1095_fu_7910_p2   |     +    |      0|  0|   3|           2|           2|
    |add_ln700_1096_fu_7920_p2   |     +    |      0|  0|   3|           2|           2|
    |add_ln700_1097_fu_7930_p2   |     +    |      0|  0|   4|           3|           3|
    |add_ln700_1098_fu_7940_p2   |     +    |      0|  0|   6|           4|           4|
    |add_ln700_1099_fu_7950_p2   |     +    |      0|  0|   6|           5|           5|
    |add_ln700_1100_fu_7960_p2   |     +    |      0|  0|   3|           2|           2|
    |add_ln700_1101_fu_7970_p2   |     +    |      0|  0|   3|           2|           2|
    |add_ln700_1102_fu_7980_p2   |     +    |      0|  0|   4|           3|           3|
    |add_ln700_1103_fu_7990_p2   |     +    |      0|  0|   3|           2|           2|
    |add_ln700_1104_fu_8000_p2   |     +    |      0|  0|   3|           2|           2|
    |add_ln700_1105_fu_8010_p2   |     +    |      0|  0|   4|           3|           3|
    |add_ln700_1106_fu_8020_p2   |     +    |      0|  0|   6|           4|           4|
    |add_ln700_1107_fu_8030_p2   |     +    |      0|  0|   3|           2|           2|
    |add_ln700_1108_fu_8040_p2   |     +    |      0|  0|   3|           2|           2|
    |add_ln700_1109_fu_8050_p2   |     +    |      0|  0|   4|           3|           3|
    |add_ln700_1110_fu_8060_p2   |     +    |      0|  0|   3|           2|           2|
    |add_ln700_1111_fu_8070_p2   |     +    |      0|  0|   3|           2|           2|
    |add_ln700_1112_fu_8080_p2   |     +    |      0|  0|   4|           3|           3|
    |add_ln700_1113_fu_8090_p2   |     +    |      0|  0|   6|           4|           4|
    |add_ln700_1114_fu_8100_p2   |     +    |      0|  0|   6|           5|           5|
    |add_ln700_1115_fu_8110_p2   |     +    |      0|  0|   6|           6|           6|
    |add_ln700_1116_fu_8120_p2   |     +    |      0|  0|   3|           2|           2|
    |add_ln700_1117_fu_8130_p2   |     +    |      0|  0|   3|           2|           2|
    |add_ln700_1118_fu_8140_p2   |     +    |      0|  0|   4|           3|           3|
    |add_ln700_1119_fu_8150_p2   |     +    |      0|  0|   3|           2|           2|
    |add_ln700_1120_fu_8160_p2   |     +    |      0|  0|   3|           2|           2|
    |add_ln700_1121_fu_8170_p2   |     +    |      0|  0|   4|           3|           3|
    |add_ln700_1122_fu_8180_p2   |     +    |      0|  0|   6|           4|           4|
    |add_ln700_1123_fu_8190_p2   |     +    |      0|  0|   3|           2|           2|
    |add_ln700_1124_fu_8200_p2   |     +    |      0|  0|   3|           2|           2|
    |add_ln700_1125_fu_8210_p2   |     +    |      0|  0|   4|           3|           3|
    |add_ln700_1126_fu_8220_p2   |     +    |      0|  0|   3|           2|           2|
    |add_ln700_1127_fu_8230_p2   |     +    |      0|  0|   3|           2|           2|
    |add_ln700_1128_fu_8240_p2   |     +    |      0|  0|   4|           3|           3|
    |add_ln700_1129_fu_8250_p2   |     +    |      0|  0|   6|           4|           4|
    |add_ln700_1130_fu_8260_p2   |     +    |      0|  0|   6|           5|           5|
    |add_ln700_1131_fu_8270_p2   |     +    |      0|  0|   3|           2|           2|
    |add_ln700_1132_fu_8280_p2   |     +    |      0|  0|   3|           2|           2|
    |add_ln700_1133_fu_8290_p2   |     +    |      0|  0|   4|           3|           3|
    |add_ln700_1134_fu_8300_p2   |     +    |      0|  0|   3|           2|           2|
    |add_ln700_1135_fu_8310_p2   |     +    |      0|  0|   3|           2|           2|
    |add_ln700_1136_fu_8320_p2   |     +    |      0|  0|   4|           3|           3|
    |add_ln700_1137_fu_8330_p2   |     +    |      0|  0|   6|           4|           4|
    |add_ln700_1138_fu_8340_p2   |     +    |      0|  0|   3|           2|           2|
    |add_ln700_1139_fu_8350_p2   |     +    |      0|  0|   3|           2|           2|
    |add_ln700_1140_fu_8360_p2   |     +    |      0|  0|   4|           3|           3|
    |add_ln700_1141_fu_8370_p2   |     +    |      0|  0|   3|           2|           2|
    |add_ln700_1142_fu_8380_p2   |     +    |      0|  0|   3|           2|           2|
    |add_ln700_1143_fu_8390_p2   |     +    |      0|  0|   4|           3|           3|
    |add_ln700_1144_fu_8400_p2   |     +    |      0|  0|   6|           4|           4|
    |add_ln700_1145_fu_8410_p2   |     +    |      0|  0|   6|           5|           5|
    |add_ln700_1146_fu_8420_p2   |     +    |      0|  0|   6|           6|           6|
    |add_ln700_1147_fu_8430_p2   |     +    |      0|  0|   7|           7|           7|
    |add_ln700_1148_fu_8440_p2   |     +    |      0|  0|   8|           8|           8|
    |add_ln700_1149_fu_8446_p2   |     +    |      0|  0|   3|           2|           2|
    |add_ln700_1150_fu_8456_p2   |     +    |      0|  0|   3|           2|           2|
    |add_ln700_1151_fu_8466_p2   |     +    |      0|  0|   4|           3|           3|
    |add_ln700_1152_fu_8476_p2   |     +    |      0|  0|   3|           2|           2|
    |add_ln700_1153_fu_8486_p2   |     +    |      0|  0|   3|           2|           2|
    |add_ln700_1154_fu_8496_p2   |     +    |      0|  0|   4|           3|           3|
    |add_ln700_1155_fu_8506_p2   |     +    |      0|  0|   6|           4|           4|
    |add_ln700_1156_fu_8516_p2   |     +    |      0|  0|   3|           2|           2|
    |add_ln700_1157_fu_8526_p2   |     +    |      0|  0|   3|           2|           2|
    |add_ln700_1158_fu_8536_p2   |     +    |      0|  0|   4|           3|           3|
    |add_ln700_1159_fu_8546_p2   |     +    |      0|  0|   3|           2|           2|
    |add_ln700_1160_fu_8556_p2   |     +    |      0|  0|   3|           2|           2|
    |add_ln700_1161_fu_8566_p2   |     +    |      0|  0|   4|           3|           3|
    |add_ln700_1162_fu_8576_p2   |     +    |      0|  0|   6|           4|           4|
    |add_ln700_1163_fu_8586_p2   |     +    |      0|  0|   6|           5|           5|
    |add_ln700_1164_fu_8596_p2   |     +    |      0|  0|   3|           2|           2|
    |add_ln700_1165_fu_8606_p2   |     +    |      0|  0|   3|           2|           2|
    |add_ln700_1166_fu_8616_p2   |     +    |      0|  0|   4|           3|           3|
    |add_ln700_1167_fu_8626_p2   |     +    |      0|  0|   3|           2|           2|
    |add_ln700_1168_fu_8636_p2   |     +    |      0|  0|   3|           2|           2|
    |add_ln700_1169_fu_8646_p2   |     +    |      0|  0|   4|           3|           3|
    |add_ln700_1170_fu_8656_p2   |     +    |      0|  0|   6|           4|           4|
    |add_ln700_1171_fu_8666_p2   |     +    |      0|  0|   3|           2|           2|
    |add_ln700_1172_fu_8676_p2   |     +    |      0|  0|   3|           2|           2|
    |add_ln700_1173_fu_8686_p2   |     +    |      0|  0|   4|           3|           3|
    |add_ln700_1174_fu_8696_p2   |     +    |      0|  0|   3|           2|           2|
    |add_ln700_1175_fu_8706_p2   |     +    |      0|  0|   3|           2|           2|
    |add_ln700_1176_fu_8716_p2   |     +    |      0|  0|   4|           3|           3|
    |add_ln700_1177_fu_8726_p2   |     +    |      0|  0|   6|           4|           4|
    |add_ln700_1178_fu_8736_p2   |     +    |      0|  0|   6|           5|           5|
    |add_ln700_1179_fu_8746_p2   |     +    |      0|  0|   6|           6|           6|
    |add_ln700_1180_fu_8756_p2   |     +    |      0|  0|   3|           2|           2|
    |add_ln700_1181_fu_8766_p2   |     +    |      0|  0|   3|           2|           2|
    |add_ln700_1182_fu_8776_p2   |     +    |      0|  0|   4|           3|           3|
    |add_ln700_1183_fu_8786_p2   |     +    |      0|  0|   3|           2|           2|
    |add_ln700_1184_fu_8796_p2   |     +    |      0|  0|   3|           2|           2|
    |add_ln700_1185_fu_8806_p2   |     +    |      0|  0|   4|           3|           3|
    |add_ln700_1186_fu_8816_p2   |     +    |      0|  0|   6|           4|           4|
    |add_ln700_1187_fu_8826_p2   |     +    |      0|  0|   3|           2|           2|
    |add_ln700_1188_fu_8836_p2   |     +    |      0|  0|   3|           2|           2|
    |add_ln700_1189_fu_8846_p2   |     +    |      0|  0|   4|           3|           3|
    |add_ln700_1190_fu_8856_p2   |     +    |      0|  0|   3|           2|           2|
    |add_ln700_1191_fu_8866_p2   |     +    |      0|  0|   3|           2|           2|
    |add_ln700_1192_fu_8876_p2   |     +    |      0|  0|   4|           3|           3|
    |add_ln700_1193_fu_8886_p2   |     +    |      0|  0|   6|           4|           4|
    |add_ln700_1194_fu_8896_p2   |     +    |      0|  0|   6|           5|           5|
    |add_ln700_1195_fu_8906_p2   |     +    |      0|  0|   3|           2|           2|
    |add_ln700_1196_fu_8916_p2   |     +    |      0|  0|   3|           2|           2|
    |add_ln700_1197_fu_8926_p2   |     +    |      0|  0|   4|           3|           3|
    |add_ln700_1198_fu_8936_p2   |     +    |      0|  0|   3|           2|           2|
    |add_ln700_1199_fu_8946_p2   |     +    |      0|  0|   3|           2|           2|
    |add_ln700_1200_fu_8956_p2   |     +    |      0|  0|   4|           3|           3|
    |add_ln700_1201_fu_8966_p2   |     +    |      0|  0|   6|           4|           4|
    |add_ln700_1202_fu_8976_p2   |     +    |      0|  0|   3|           2|           2|
    |add_ln700_1203_fu_8986_p2   |     +    |      0|  0|   3|           2|           2|
    |add_ln700_1204_fu_8996_p2   |     +    |      0|  0|   4|           3|           3|
    |add_ln700_1205_fu_9006_p2   |     +    |      0|  0|   3|           2|           2|
    |add_ln700_1206_fu_9016_p2   |     +    |      0|  0|   3|           2|           2|
    |add_ln700_1207_fu_9026_p2   |     +    |      0|  0|   4|           3|           3|
    |add_ln700_1208_fu_9036_p2   |     +    |      0|  0|   6|           4|           4|
    |add_ln700_1209_fu_9046_p2   |     +    |      0|  0|   6|           5|           5|
    |add_ln700_1210_fu_9056_p2   |     +    |      0|  0|   6|           6|           6|
    |add_ln700_1211_fu_9066_p2   |     +    |      0|  0|   7|           7|           7|
    |add_ln700_1212_fu_9076_p2   |     +    |      0|  0|   3|           2|           2|
    |add_ln700_1213_fu_9086_p2   |     +    |      0|  0|   3|           2|           2|
    |add_ln700_1214_fu_9096_p2   |     +    |      0|  0|   4|           3|           3|
    |add_ln700_1215_fu_9106_p2   |     +    |      0|  0|   3|           2|           2|
    |add_ln700_1216_fu_9116_p2   |     +    |      0|  0|   3|           2|           2|
    |add_ln700_1217_fu_9126_p2   |     +    |      0|  0|   4|           3|           3|
    |add_ln700_1218_fu_9136_p2   |     +    |      0|  0|   6|           4|           4|
    |add_ln700_1219_fu_9146_p2   |     +    |      0|  0|   3|           2|           2|
    |add_ln700_1220_fu_9156_p2   |     +    |      0|  0|   3|           2|           2|
    |add_ln700_1221_fu_9166_p2   |     +    |      0|  0|   4|           3|           3|
    |add_ln700_1222_fu_9176_p2   |     +    |      0|  0|   3|           2|           2|
    |add_ln700_1223_fu_9186_p2   |     +    |      0|  0|   3|           2|           2|
    |add_ln700_1224_fu_9196_p2   |     +    |      0|  0|   4|           3|           3|
    |add_ln700_1225_fu_9206_p2   |     +    |      0|  0|   6|           4|           4|
    |add_ln700_1226_fu_9216_p2   |     +    |      0|  0|   6|           5|           5|
    |add_ln700_1227_fu_9226_p2   |     +    |      0|  0|   3|           2|           2|
    |add_ln700_1228_fu_9236_p2   |     +    |      0|  0|   3|           2|           2|
    |add_ln700_1229_fu_9246_p2   |     +    |      0|  0|   4|           3|           3|
    |add_ln700_1230_fu_9256_p2   |     +    |      0|  0|   3|           2|           2|
    |add_ln700_1231_fu_9266_p2   |     +    |      0|  0|   3|           2|           2|
    |add_ln700_1232_fu_9276_p2   |     +    |      0|  0|   4|           3|           3|
    |add_ln700_1233_fu_9286_p2   |     +    |      0|  0|   6|           4|           4|
    |add_ln700_1234_fu_9296_p2   |     +    |      0|  0|   3|           2|           2|
    |add_ln700_1235_fu_9306_p2   |     +    |      0|  0|   3|           2|           2|
    |add_ln700_1236_fu_9316_p2   |     +    |      0|  0|   4|           3|           3|
    |add_ln700_1237_fu_9326_p2   |     +    |      0|  0|   3|           2|           2|
    |add_ln700_1238_fu_9336_p2   |     +    |      0|  0|   3|           2|           2|
    |add_ln700_1239_fu_9346_p2   |     +    |      0|  0|   4|           3|           3|
    |add_ln700_1240_fu_9356_p2   |     +    |      0|  0|   6|           4|           4|
    |add_ln700_1241_fu_9366_p2   |     +    |      0|  0|   6|           5|           5|
    |add_ln700_1242_fu_9376_p2   |     +    |      0|  0|   6|           6|           6|
    |add_ln700_1243_fu_9386_p2   |     +    |      0|  0|   3|           2|           2|
    |add_ln700_1244_fu_9396_p2   |     +    |      0|  0|   3|           2|           2|
    |add_ln700_1245_fu_9406_p2   |     +    |      0|  0|   4|           3|           3|
    |add_ln700_1246_fu_9416_p2   |     +    |      0|  0|   3|           2|           2|
    |add_ln700_1247_fu_9426_p2   |     +    |      0|  0|   3|           2|           2|
    |add_ln700_1248_fu_9436_p2   |     +    |      0|  0|   4|           3|           3|
    |add_ln700_1249_fu_9446_p2   |     +    |      0|  0|   6|           4|           4|
    |add_ln700_1250_fu_9456_p2   |     +    |      0|  0|   3|           2|           2|
    |add_ln700_1251_fu_9466_p2   |     +    |      0|  0|   3|           2|           2|
    |add_ln700_1252_fu_9476_p2   |     +    |      0|  0|   4|           3|           3|
    |add_ln700_1253_fu_9486_p2   |     +    |      0|  0|   3|           2|           2|
    |add_ln700_1254_fu_9496_p2   |     +    |      0|  0|   3|           2|           2|
    |add_ln700_1255_fu_9506_p2   |     +    |      0|  0|   4|           3|           3|
    |add_ln700_1256_fu_9516_p2   |     +    |      0|  0|   6|           4|           4|
    |add_ln700_1257_fu_9526_p2   |     +    |      0|  0|   6|           5|           5|
    |add_ln700_1258_fu_9536_p2   |     +    |      0|  0|   3|           2|           2|
    |add_ln700_1259_fu_9546_p2   |     +    |      0|  0|   3|           2|           2|
    |add_ln700_1260_fu_9556_p2   |     +    |      0|  0|   4|           3|           3|
    |add_ln700_1261_fu_9566_p2   |     +    |      0|  0|   3|           2|           2|
    |add_ln700_1262_fu_9576_p2   |     +    |      0|  0|   3|           2|           2|
    |add_ln700_1263_fu_9586_p2   |     +    |      0|  0|   4|           3|           3|
    |add_ln700_1264_fu_9596_p2   |     +    |      0|  0|   6|           4|           4|
    |add_ln700_1265_fu_9606_p2   |     +    |      0|  0|   3|           2|           2|
    |add_ln700_1266_fu_9616_p2   |     +    |      0|  0|   3|           2|           2|
    |add_ln700_1267_fu_9626_p2   |     +    |      0|  0|   4|           3|           3|
    |add_ln700_1268_fu_9636_p2   |     +    |      0|  0|   3|           2|           2|
    |add_ln700_1269_fu_9646_p2   |     +    |      0|  0|   3|           2|           2|
    |add_ln700_1270_fu_9656_p2   |     +    |      0|  0|   4|           3|           3|
    |add_ln700_1271_fu_9666_p2   |     +    |      0|  0|   6|           4|           4|
    |add_ln700_1272_fu_9676_p2   |     +    |      0|  0|   6|           5|           5|
    |add_ln700_1273_fu_9686_p2   |     +    |      0|  0|   6|           6|           6|
    |add_ln700_1274_fu_9696_p2   |     +    |      0|  0|   7|           7|           7|
    |add_ln700_1275_fu_9706_p2   |     +    |      0|  0|   8|           8|           8|
    |add_ln700_1276_fu_12250_p2  |     +    |      0|  0|   9|           9|           9|
    |add_ln700_1277_fu_9712_p2   |     +    |      0|  0|   3|           2|           2|
    |add_ln700_1278_fu_9722_p2   |     +    |      0|  0|   3|           2|           2|
    |add_ln700_1279_fu_9732_p2   |     +    |      0|  0|   4|           3|           3|
    |add_ln700_1280_fu_9742_p2   |     +    |      0|  0|   3|           2|           2|
    |add_ln700_1281_fu_9752_p2   |     +    |      0|  0|   3|           2|           2|
    |add_ln700_1282_fu_9762_p2   |     +    |      0|  0|   4|           3|           3|
    |add_ln700_1283_fu_9772_p2   |     +    |      0|  0|   6|           4|           4|
    |add_ln700_1284_fu_9782_p2   |     +    |      0|  0|   3|           2|           2|
    |add_ln700_1285_fu_9792_p2   |     +    |      0|  0|   3|           2|           2|
    |add_ln700_1286_fu_9802_p2   |     +    |      0|  0|   4|           3|           3|
    |add_ln700_1287_fu_9812_p2   |     +    |      0|  0|   3|           2|           2|
    |add_ln700_1288_fu_9822_p2   |     +    |      0|  0|   3|           2|           2|
    |add_ln700_1289_fu_9832_p2   |     +    |      0|  0|   4|           3|           3|
    |add_ln700_1290_fu_9842_p2   |     +    |      0|  0|   6|           4|           4|
    |add_ln700_1291_fu_9852_p2   |     +    |      0|  0|   6|           5|           5|
    |add_ln700_1292_fu_9862_p2   |     +    |      0|  0|   3|           2|           2|
    |add_ln700_1293_fu_9872_p2   |     +    |      0|  0|   3|           2|           2|
    |add_ln700_1294_fu_9882_p2   |     +    |      0|  0|   4|           3|           3|
    |add_ln700_1295_fu_9892_p2   |     +    |      0|  0|   3|           2|           2|
    |add_ln700_1296_fu_9902_p2   |     +    |      0|  0|   3|           2|           2|
    |add_ln700_1297_fu_9912_p2   |     +    |      0|  0|   4|           3|           3|
    |add_ln700_1298_fu_9922_p2   |     +    |      0|  0|   6|           4|           4|
    |add_ln700_1299_fu_9932_p2   |     +    |      0|  0|   3|           2|           2|
    |add_ln700_1300_fu_9942_p2   |     +    |      0|  0|   3|           2|           2|
    |add_ln700_1301_fu_9952_p2   |     +    |      0|  0|   4|           3|           3|
    |add_ln700_1302_fu_9962_p2   |     +    |      0|  0|   3|           2|           2|
    |add_ln700_1303_fu_9972_p2   |     +    |      0|  0|   3|           2|           2|
    |add_ln700_1304_fu_9982_p2   |     +    |      0|  0|   4|           3|           3|
    |add_ln700_1305_fu_9992_p2   |     +    |      0|  0|   6|           4|           4|
    |add_ln700_1306_fu_10002_p2  |     +    |      0|  0|   6|           5|           5|
    |add_ln700_1307_fu_10012_p2  |     +    |      0|  0|   6|           6|           6|
    |add_ln700_1308_fu_10022_p2  |     +    |      0|  0|   3|           2|           2|
    |add_ln700_1309_fu_10032_p2  |     +    |      0|  0|   3|           2|           2|
    |add_ln700_1310_fu_10042_p2  |     +    |      0|  0|   4|           3|           3|
    |add_ln700_1311_fu_10052_p2  |     +    |      0|  0|   3|           2|           2|
    |add_ln700_1312_fu_10062_p2  |     +    |      0|  0|   3|           2|           2|
    |add_ln700_1313_fu_10072_p2  |     +    |      0|  0|   4|           3|           3|
    |add_ln700_1314_fu_10082_p2  |     +    |      0|  0|   6|           4|           4|
    |add_ln700_1315_fu_10092_p2  |     +    |      0|  0|   3|           2|           2|
    |add_ln700_1316_fu_10102_p2  |     +    |      0|  0|   3|           2|           2|
    |add_ln700_1317_fu_10112_p2  |     +    |      0|  0|   4|           3|           3|
    |add_ln700_1318_fu_10122_p2  |     +    |      0|  0|   3|           2|           2|
    |add_ln700_1319_fu_10132_p2  |     +    |      0|  0|   3|           2|           2|
    |add_ln700_1320_fu_10142_p2  |     +    |      0|  0|   4|           3|           3|
    |add_ln700_1321_fu_10152_p2  |     +    |      0|  0|   6|           4|           4|
    |add_ln700_1322_fu_10162_p2  |     +    |      0|  0|   6|           5|           5|
    |add_ln700_1323_fu_10172_p2  |     +    |      0|  0|   3|           2|           2|
    |add_ln700_1324_fu_10182_p2  |     +    |      0|  0|   3|           2|           2|
    |add_ln700_1325_fu_10192_p2  |     +    |      0|  0|   4|           3|           3|
    |add_ln700_1326_fu_10202_p2  |     +    |      0|  0|   3|           2|           2|
    |add_ln700_1327_fu_10212_p2  |     +    |      0|  0|   3|           2|           2|
    |add_ln700_1328_fu_10222_p2  |     +    |      0|  0|   4|           3|           3|
    |add_ln700_1329_fu_10232_p2  |     +    |      0|  0|   6|           4|           4|
    |add_ln700_1330_fu_10242_p2  |     +    |      0|  0|   3|           2|           2|
    |add_ln700_1331_fu_10252_p2  |     +    |      0|  0|   3|           2|           2|
    |add_ln700_1332_fu_10262_p2  |     +    |      0|  0|   4|           3|           3|
    |add_ln700_1333_fu_10272_p2  |     +    |      0|  0|   3|           2|           2|
    |add_ln700_1334_fu_10282_p2  |     +    |      0|  0|   3|           2|           2|
    |add_ln700_1335_fu_10292_p2  |     +    |      0|  0|   4|           3|           3|
    |add_ln700_1336_fu_10302_p2  |     +    |      0|  0|   6|           4|           4|
    |add_ln700_1337_fu_10312_p2  |     +    |      0|  0|   6|           5|           5|
    |add_ln700_1338_fu_10322_p2  |     +    |      0|  0|   6|           6|           6|
    |add_ln700_1339_fu_10332_p2  |     +    |      0|  0|   7|           7|           7|
    |add_ln700_1340_fu_10342_p2  |     +    |      0|  0|   3|           2|           2|
    |add_ln700_1341_fu_10352_p2  |     +    |      0|  0|   3|           2|           2|
    |add_ln700_1342_fu_10362_p2  |     +    |      0|  0|   4|           3|           3|
    |add_ln700_1343_fu_10372_p2  |     +    |      0|  0|   3|           2|           2|
    |add_ln700_1344_fu_10382_p2  |     +    |      0|  0|   3|           2|           2|
    |add_ln700_1345_fu_10392_p2  |     +    |      0|  0|   4|           3|           3|
    |add_ln700_1346_fu_10402_p2  |     +    |      0|  0|   6|           4|           4|
    |add_ln700_1347_fu_10412_p2  |     +    |      0|  0|   3|           2|           2|
    |add_ln700_1348_fu_10422_p2  |     +    |      0|  0|   3|           2|           2|
    |add_ln700_1349_fu_10432_p2  |     +    |      0|  0|   4|           3|           3|
    |add_ln700_1350_fu_10442_p2  |     +    |      0|  0|   3|           2|           2|
    |add_ln700_1351_fu_10452_p2  |     +    |      0|  0|   3|           2|           2|
    |add_ln700_1352_fu_10462_p2  |     +    |      0|  0|   4|           3|           3|
    |add_ln700_1353_fu_10472_p2  |     +    |      0|  0|   6|           4|           4|
    |add_ln700_1354_fu_10482_p2  |     +    |      0|  0|   6|           5|           5|
    |add_ln700_1355_fu_10492_p2  |     +    |      0|  0|   3|           2|           2|
    |add_ln700_1356_fu_10502_p2  |     +    |      0|  0|   3|           2|           2|
    |add_ln700_1357_fu_10512_p2  |     +    |      0|  0|   4|           3|           3|
    |add_ln700_1358_fu_10522_p2  |     +    |      0|  0|   3|           2|           2|
    |add_ln700_1359_fu_10532_p2  |     +    |      0|  0|   3|           2|           2|
    |add_ln700_1360_fu_10542_p2  |     +    |      0|  0|   4|           3|           3|
    |add_ln700_1361_fu_10552_p2  |     +    |      0|  0|   6|           4|           4|
    |add_ln700_1362_fu_10562_p2  |     +    |      0|  0|   3|           2|           2|
    |add_ln700_1363_fu_10572_p2  |     +    |      0|  0|   3|           2|           2|
    |add_ln700_1364_fu_10582_p2  |     +    |      0|  0|   4|           3|           3|
    |add_ln700_1365_fu_10592_p2  |     +    |      0|  0|   3|           2|           2|
    |add_ln700_1366_fu_10602_p2  |     +    |      0|  0|   3|           2|           2|
    |add_ln700_1367_fu_10612_p2  |     +    |      0|  0|   4|           3|           3|
    |add_ln700_1368_fu_10622_p2  |     +    |      0|  0|   6|           4|           4|
    |add_ln700_1369_fu_10632_p2  |     +    |      0|  0|   6|           5|           5|
    |add_ln700_1370_fu_10642_p2  |     +    |      0|  0|   6|           6|           6|
    |add_ln700_1371_fu_10652_p2  |     +    |      0|  0|   3|           2|           2|
    |add_ln700_1372_fu_10662_p2  |     +    |      0|  0|   3|           2|           2|
    |add_ln700_1373_fu_10672_p2  |     +    |      0|  0|   4|           3|           3|
    |add_ln700_1374_fu_10682_p2  |     +    |      0|  0|   3|           2|           2|
    |add_ln700_1375_fu_10692_p2  |     +    |      0|  0|   3|           2|           2|
    |add_ln700_1376_fu_10702_p2  |     +    |      0|  0|   4|           3|           3|
    |add_ln700_1377_fu_10712_p2  |     +    |      0|  0|   6|           4|           4|
    |add_ln700_1378_fu_10722_p2  |     +    |      0|  0|   3|           2|           2|
    |add_ln700_1379_fu_10732_p2  |     +    |      0|  0|   3|           2|           2|
    |add_ln700_1380_fu_10742_p2  |     +    |      0|  0|   4|           3|           3|
    |add_ln700_1381_fu_10752_p2  |     +    |      0|  0|   3|           2|           2|
    |add_ln700_1382_fu_10762_p2  |     +    |      0|  0|   3|           2|           2|
    |add_ln700_1383_fu_10772_p2  |     +    |      0|  0|   4|           3|           3|
    |add_ln700_1384_fu_10782_p2  |     +    |      0|  0|   6|           4|           4|
    |add_ln700_1385_fu_10792_p2  |     +    |      0|  0|   6|           5|           5|
    |add_ln700_1386_fu_10802_p2  |     +    |      0|  0|   3|           2|           2|
    |add_ln700_1387_fu_10812_p2  |     +    |      0|  0|   3|           2|           2|
    |add_ln700_1388_fu_10822_p2  |     +    |      0|  0|   4|           3|           3|
    |add_ln700_1389_fu_10832_p2  |     +    |      0|  0|   3|           2|           2|
    |add_ln700_1390_fu_10842_p2  |     +    |      0|  0|   3|           2|           2|
    |add_ln700_1391_fu_10852_p2  |     +    |      0|  0|   4|           3|           3|
    |add_ln700_1392_fu_10862_p2  |     +    |      0|  0|   6|           4|           4|
    |add_ln700_1393_fu_10872_p2  |     +    |      0|  0|   3|           2|           2|
    |add_ln700_1394_fu_10882_p2  |     +    |      0|  0|   3|           2|           2|
    |add_ln700_1395_fu_10892_p2  |     +    |      0|  0|   4|           3|           3|
    |add_ln700_1396_fu_10902_p2  |     +    |      0|  0|   3|           2|           2|
    |add_ln700_1397_fu_10912_p2  |     +    |      0|  0|   3|           2|           2|
    |add_ln700_1398_fu_10922_p2  |     +    |      0|  0|   4|           3|           3|
    |add_ln700_1399_fu_10932_p2  |     +    |      0|  0|   6|           4|           4|
    |add_ln700_1400_fu_10942_p2  |     +    |      0|  0|   6|           5|           5|
    |add_ln700_1401_fu_10952_p2  |     +    |      0|  0|   6|           6|           6|
    |add_ln700_1402_fu_10962_p2  |     +    |      0|  0|   7|           7|           7|
    |add_ln700_1403_fu_10972_p2  |     +    |      0|  0|   8|           8|           8|
    |add_ln700_1404_fu_10978_p2  |     +    |      0|  0|   3|           2|           2|
    |add_ln700_1405_fu_10988_p2  |     +    |      0|  0|   3|           2|           2|
    |add_ln700_1406_fu_10998_p2  |     +    |      0|  0|   4|           3|           3|
    |add_ln700_1407_fu_11008_p2  |     +    |      0|  0|   3|           2|           2|
    |add_ln700_1408_fu_11018_p2  |     +    |      0|  0|   3|           2|           2|
    |add_ln700_1409_fu_11028_p2  |     +    |      0|  0|   4|           3|           3|
    |add_ln700_1410_fu_11038_p2  |     +    |      0|  0|   6|           4|           4|
    |add_ln700_1411_fu_11048_p2  |     +    |      0|  0|   3|           2|           2|
    |add_ln700_1412_fu_11058_p2  |     +    |      0|  0|   3|           2|           2|
    |add_ln700_1413_fu_11068_p2  |     +    |      0|  0|   4|           3|           3|
    |add_ln700_1414_fu_11078_p2  |     +    |      0|  0|   3|           2|           2|
    |add_ln700_1415_fu_11088_p2  |     +    |      0|  0|   3|           2|           2|
    |add_ln700_1416_fu_11098_p2  |     +    |      0|  0|   4|           3|           3|
    |add_ln700_1417_fu_11108_p2  |     +    |      0|  0|   6|           4|           4|
    |add_ln700_1418_fu_11118_p2  |     +    |      0|  0|   6|           5|           5|
    |add_ln700_1419_fu_11128_p2  |     +    |      0|  0|   3|           2|           2|
    |add_ln700_1420_fu_11138_p2  |     +    |      0|  0|   3|           2|           2|
    |add_ln700_1421_fu_11148_p2  |     +    |      0|  0|   4|           3|           3|
    |add_ln700_1422_fu_11158_p2  |     +    |      0|  0|   3|           2|           2|
    |add_ln700_1423_fu_11168_p2  |     +    |      0|  0|   3|           2|           2|
    |add_ln700_1424_fu_11178_p2  |     +    |      0|  0|   4|           3|           3|
    |add_ln700_1425_fu_11188_p2  |     +    |      0|  0|   6|           4|           4|
    |add_ln700_1426_fu_11198_p2  |     +    |      0|  0|   3|           2|           2|
    |add_ln700_1427_fu_11208_p2  |     +    |      0|  0|   3|           2|           2|
    |add_ln700_1428_fu_11218_p2  |     +    |      0|  0|   4|           3|           3|
    |add_ln700_1429_fu_11228_p2  |     +    |      0|  0|   3|           2|           2|
    |add_ln700_1430_fu_11238_p2  |     +    |      0|  0|   3|           2|           2|
    |add_ln700_1431_fu_11248_p2  |     +    |      0|  0|   4|           3|           3|
    |add_ln700_1432_fu_11258_p2  |     +    |      0|  0|   6|           4|           4|
    |add_ln700_1433_fu_11268_p2  |     +    |      0|  0|   6|           5|           5|
    |add_ln700_1434_fu_11278_p2  |     +    |      0|  0|   6|           6|           6|
    |add_ln700_1435_fu_11288_p2  |     +    |      0|  0|   3|           2|           2|
    |add_ln700_1436_fu_11298_p2  |     +    |      0|  0|   3|           2|           2|
    |add_ln700_1437_fu_11308_p2  |     +    |      0|  0|   4|           3|           3|
    |add_ln700_1438_fu_11318_p2  |     +    |      0|  0|   3|           2|           2|
    |add_ln700_1439_fu_11328_p2  |     +    |      0|  0|   3|           2|           2|
    |add_ln700_1440_fu_11338_p2  |     +    |      0|  0|   4|           3|           3|
    |add_ln700_1441_fu_11348_p2  |     +    |      0|  0|   6|           4|           4|
    |add_ln700_1442_fu_11358_p2  |     +    |      0|  0|   3|           2|           2|
    |add_ln700_1443_fu_11368_p2  |     +    |      0|  0|   3|           2|           2|
    |add_ln700_1444_fu_11378_p2  |     +    |      0|  0|   4|           3|           3|
    |add_ln700_1445_fu_11388_p2  |     +    |      0|  0|   3|           2|           2|
    |add_ln700_1446_fu_11398_p2  |     +    |      0|  0|   3|           2|           2|
    |add_ln700_1447_fu_11408_p2  |     +    |      0|  0|   4|           3|           3|
    |add_ln700_1448_fu_11418_p2  |     +    |      0|  0|   6|           4|           4|
    |add_ln700_1449_fu_11428_p2  |     +    |      0|  0|   6|           5|           5|
    |add_ln700_1450_fu_11438_p2  |     +    |      0|  0|   3|           2|           2|
    |add_ln700_1451_fu_11448_p2  |     +    |      0|  0|   3|           2|           2|
    |add_ln700_1452_fu_11458_p2  |     +    |      0|  0|   4|           3|           3|
    |add_ln700_1453_fu_11468_p2  |     +    |      0|  0|   3|           2|           2|
    |add_ln700_1454_fu_11478_p2  |     +    |      0|  0|   3|           2|           2|
    |add_ln700_1455_fu_11488_p2  |     +    |      0|  0|   4|           3|           3|
    |add_ln700_1456_fu_11498_p2  |     +    |      0|  0|   6|           4|           4|
    |add_ln700_1457_fu_11508_p2  |     +    |      0|  0|   3|           2|           2|
    |add_ln700_1458_fu_11518_p2  |     +    |      0|  0|   3|           2|           2|
    |add_ln700_1459_fu_11528_p2  |     +    |      0|  0|   4|           3|           3|
    |add_ln700_1460_fu_11538_p2  |     +    |      0|  0|   3|           2|           2|
    |add_ln700_1461_fu_11548_p2  |     +    |      0|  0|   3|           2|           2|
    |add_ln700_1462_fu_11558_p2  |     +    |      0|  0|   4|           3|           3|
    |add_ln700_1463_fu_11568_p2  |     +    |      0|  0|   6|           4|           4|
    |add_ln700_1464_fu_11578_p2  |     +    |      0|  0|   6|           5|           5|
    |add_ln700_1465_fu_11588_p2  |     +    |      0|  0|   6|           6|           6|
    |add_ln700_1466_fu_11598_p2  |     +    |      0|  0|   7|           7|           7|
    |add_ln700_1467_fu_11608_p2  |     +    |      0|  0|   3|           2|           2|
    |add_ln700_1468_fu_11618_p2  |     +    |      0|  0|   3|           2|           2|
    |add_ln700_1469_fu_11628_p2  |     +    |      0|  0|   4|           3|           3|
    |add_ln700_1470_fu_11638_p2  |     +    |      0|  0|   3|           2|           2|
    |add_ln700_1471_fu_11648_p2  |     +    |      0|  0|   3|           2|           2|
    |add_ln700_1472_fu_11658_p2  |     +    |      0|  0|   4|           3|           3|
    |add_ln700_1473_fu_11668_p2  |     +    |      0|  0|   6|           4|           4|
    |add_ln700_1474_fu_11678_p2  |     +    |      0|  0|   3|           2|           2|
    |add_ln700_1475_fu_11688_p2  |     +    |      0|  0|   3|           2|           2|
    |add_ln700_1476_fu_11698_p2  |     +    |      0|  0|   4|           3|           3|
    |add_ln700_1477_fu_11708_p2  |     +    |      0|  0|   3|           2|           2|
    |add_ln700_1478_fu_11718_p2  |     +    |      0|  0|   3|           2|           2|
    |add_ln700_1479_fu_11728_p2  |     +    |      0|  0|   4|           3|           3|
    |add_ln700_1480_fu_11738_p2  |     +    |      0|  0|   6|           4|           4|
    |add_ln700_1481_fu_11748_p2  |     +    |      0|  0|   6|           5|           5|
    |add_ln700_1482_fu_11758_p2  |     +    |      0|  0|   3|           2|           2|
    |add_ln700_1483_fu_11768_p2  |     +    |      0|  0|   3|           2|           2|
    |add_ln700_1484_fu_11778_p2  |     +    |      0|  0|   4|           3|           3|
    |add_ln700_1485_fu_11788_p2  |     +    |      0|  0|   3|           2|           2|
    |add_ln700_1486_fu_11798_p2  |     +    |      0|  0|   3|           2|           2|
    |add_ln700_1487_fu_11808_p2  |     +    |      0|  0|   4|           3|           3|
    |add_ln700_1488_fu_11818_p2  |     +    |      0|  0|   6|           4|           4|
    |add_ln700_1489_fu_11828_p2  |     +    |      0|  0|   3|           2|           2|
    |add_ln700_1490_fu_11838_p2  |     +    |      0|  0|   3|           2|           2|
    |add_ln700_1491_fu_11848_p2  |     +    |      0|  0|   4|           3|           3|
    |add_ln700_1492_fu_11858_p2  |     +    |      0|  0|   3|           2|           2|
    |add_ln700_1493_fu_11868_p2  |     +    |      0|  0|   3|           2|           2|
    |add_ln700_1494_fu_11878_p2  |     +    |      0|  0|   4|           3|           3|
    |add_ln700_1495_fu_11888_p2  |     +    |      0|  0|   6|           4|           4|
    |add_ln700_1496_fu_11898_p2  |     +    |      0|  0|   6|           5|           5|
    |add_ln700_1497_fu_11908_p2  |     +    |      0|  0|   6|           6|           6|
    |add_ln700_1498_fu_11918_p2  |     +    |      0|  0|   3|           2|           2|
    |add_ln700_1499_fu_11928_p2  |     +    |      0|  0|   3|           2|           2|
    |add_ln700_1500_fu_11938_p2  |     +    |      0|  0|   4|           3|           3|
    |add_ln700_1501_fu_11948_p2  |     +    |      0|  0|   3|           2|           2|
    |add_ln700_1502_fu_11958_p2  |     +    |      0|  0|   3|           2|           2|
    |add_ln700_1503_fu_11968_p2  |     +    |      0|  0|   4|           3|           3|
    |add_ln700_1504_fu_11978_p2  |     +    |      0|  0|   6|           4|           4|
    |add_ln700_1505_fu_11988_p2  |     +    |      0|  0|   3|           2|           2|
    |add_ln700_1506_fu_11998_p2  |     +    |      0|  0|   3|           2|           2|
    |add_ln700_1507_fu_12008_p2  |     +    |      0|  0|   4|           3|           3|
    |add_ln700_1508_fu_12018_p2  |     +    |      0|  0|   3|           2|           2|
    |add_ln700_1509_fu_12028_p2  |     +    |      0|  0|   3|           2|           2|
    |add_ln700_1510_fu_12038_p2  |     +    |      0|  0|   4|           3|           3|
    |add_ln700_1511_fu_12048_p2  |     +    |      0|  0|   6|           4|           4|
    |add_ln700_1512_fu_12058_p2  |     +    |      0|  0|   6|           5|           5|
    |add_ln700_1513_fu_12068_p2  |     +    |      0|  0|   3|           2|           2|
    |add_ln700_1514_fu_12078_p2  |     +    |      0|  0|   3|           2|           2|
    |add_ln700_1515_fu_12088_p2  |     +    |      0|  0|   4|           3|           3|
    |add_ln700_1516_fu_12098_p2  |     +    |      0|  0|   3|           2|           2|
    |add_ln700_1517_fu_12108_p2  |     +    |      0|  0|   3|           2|           2|
    |add_ln700_1518_fu_12118_p2  |     +    |      0|  0|   4|           3|           3|
    |add_ln700_1519_fu_12128_p2  |     +    |      0|  0|   6|           4|           4|
    |add_ln700_1520_fu_12138_p2  |     +    |      0|  0|   3|           2|           2|
    |add_ln700_1521_fu_12148_p2  |     +    |      0|  0|   3|           2|           2|
    |add_ln700_1522_fu_12158_p2  |     +    |      0|  0|   4|           3|           3|
    |add_ln700_1523_fu_12168_p2  |     +    |      0|  0|   3|           2|           2|
    |add_ln700_1524_fu_12178_p2  |     +    |      0|  0|   3|           2|           2|
    |add_ln700_1525_fu_12188_p2  |     +    |      0|  0|   4|           3|           3|
    |add_ln700_1526_fu_12198_p2  |     +    |      0|  0|   6|           4|           4|
    |add_ln700_1527_fu_12208_p2  |     +    |      0|  0|   6|           5|           5|
    |add_ln700_1528_fu_12218_p2  |     +    |      0|  0|   6|           6|           6|
    |add_ln700_1529_fu_12228_p2  |     +    |      0|  0|   7|           7|           7|
    |add_ln700_1530_fu_12238_p2  |     +    |      0|  0|   8|           8|           8|
    |add_ln700_1531_fu_12266_p2  |     +    |      0|  0|   9|           9|           9|
    |add_ln700_511_fu_12276_p2   |     +    |      0|  0|  10|          10|          10|
    |add_ln700_fu_7180_p2        |     +    |      0|  0|   3|           2|           2|
    +----------------------------+----------+-------+---+----+------------+------------+
    |Total                       |          |      0|  0|2068|        1524|        1524|
    +----------------------------+----------+-------+---+----+------------+------------+

    * Multiplexer: 
    +-----------+----+-----------+-----+-----------+
    |    Name   | LUT| Input Size| Bits| Total Bits|
    +-----------+----+-----------+-----+-----------+
    |ap_return  |   9|          2|   10|         20|
    +-----------+----+-----------+-----+-----------+
    |Total      |   9|          2|   10|         20|
    +-----------+----+-----------+-----+-----------+

    * Register: 
    +--------------------------+----+----+-----+-----------+
    |           Name           | FF | LUT| Bits| Const Bits|
    +--------------------------+----+----+-----+-----------+
    |add_ln700_1148_reg_12282  |   8|   0|    8|          0|
    |add_ln700_1275_reg_12287  |   8|   0|    8|          0|
    |add_ln700_1403_reg_12292  |   8|   0|    8|          0|
    |add_ln700_1530_reg_12297  |   8|   0|    8|          0|
    |ap_ce_reg                 |   1|   0|    1|          0|
    |ap_return_int_reg         |  10|   0|   10|          0|
    +--------------------------+----+----+-----+-----------+
    |Total                     |  43|   0|   43|          0|
    +--------------------------+----+----+-----+-----------+



================================================================
== Interface
================================================================
* Summary: 
+-----------+-----+-----+------------+--------------+--------------+
| RTL Ports | Dir | Bits|  Protocol  | Source Object|    C Type    |
+-----------+-----+-----+------------+--------------+--------------+
|ap_clk     |  in |    1| ap_ctrl_hs |    popcnt    | return value |
|ap_rst     |  in |    1| ap_ctrl_hs |    popcnt    | return value |
|ap_return  | out |   10| ap_ctrl_hs |    popcnt    | return value |
|ap_ce      |  in |    1| ap_ctrl_hs |    popcnt    | return value |
|x_V        |  in |  512|   ap_none  |      x_V     |    scalar    |
+-----------+-----+-----+------------+--------------+--------------+

