

================================================================
== Vivado HLS Report for 'popcnt'
================================================================
* Date:           Wed Oct 16 16:01:59 2019

* Version:        2019.1 (Build 2552052 on Fri May 24 15:28:33 MDT 2019)
* Project:        tancoeff
* Solution:       tancoeff
* Product family: virtexuplus
* Target device:  xcvu9p-fsgd2104-2L-e


================================================================
== Performance Estimates
================================================================
+ Timing (ns): 
    * Summary: 
    +--------+-------+----------+------------+
    |  Clock | Target| Estimated| Uncertainty|
    +--------+-------+----------+------------+
    |ap_clk  |   3.33|     2.280|        0.90|
    +--------+-------+----------+------------+

+ Latency (clock cycles): 
    * Summary: 
    +-----+-----+-----+-----+----------+
    |  Latency  |  Interval | Pipeline |
    | min | max | min | max |   Type   |
    +-----+-----+-----+-----+----------+
    |    6|    6|    1|    1| function |
    +-----+-----+-----+-----+----------+

    + Detail: 
        * Instance: 
        N/A

        * Loop: 
        N/A



================================================================
== Utilization Estimates
================================================================
* Summary: 
+---------------------+---------+-------+---------+---------+-----+
|         Name        | BRAM_18K| DSP48E|    FF   |   LUT   | URAM|
+---------------------+---------+-------+---------+---------+-----+
|DSP                  |        -|      -|        -|        -|    -|
|Expression           |        -|      -|        0|     3366|    -|
|FIFO                 |        -|      -|        -|        -|    -|
|Instance             |        -|      -|        -|        -|    -|
|Memory               |        -|      -|        -|        -|    -|
|Multiplexer          |        -|      -|        -|        9|    -|
|Register             |        0|      -|     1839|      576|    -|
+---------------------+---------+-------+---------+---------+-----+
|Total                |        0|      0|     1839|     3951|    0|
+---------------------+---------+-------+---------+---------+-----+
|Available SLR        |     1440|   2280|   788160|   394080|  320|
+---------------------+---------+-------+---------+---------+-----+
|Utilization SLR (%)  |        0|      0|    ~0   |        1|    0|
+---------------------+---------+-------+---------+---------+-----+
|Available            |     4320|   6840|  2364480|  1182240|  960|
+---------------------+---------+-------+---------+---------+-----+
|Utilization (%)      |        0|      0|    ~0   |    ~0   |    0|
+---------------------+---------+-------+---------+---------+-----+

+ Detail: 
    * Instance: 
    N/A

    * DSP48E: 
    N/A

    * Memory: 
    N/A

    * FIFO: 
    N/A

    * Expression: 
    +----------------------------+----------+-------+---+----+------------+------------+
    |        Variable Name       | Operation| DSP48E| FF| LUT| Bitwidth P0| Bitwidth P1|
    +----------------------------+----------+-------+---+----+------------+------------+
    |add_ln700_1023_fu_1136_p2   |     +    |      0|  0|  32|           3|           3|
    |add_ln700_1024_fu_1142_p2   |     +    |      0|  0|  32|           2|           2|
    |add_ln700_1025_fu_1148_p2   |     +    |      0|  0|  32|           2|           2|
    |add_ln700_1026_fu_1264_p2   |     +    |      0|  0|   6|           4|           4|
    |add_ln700_1027_fu_1270_p2   |     +    |      0|  0|   3|           2|           2|
    |add_ln700_1028_fu_1280_p2   |     +    |      0|  0|  32|           4|           4|
    |add_ln700_1029_fu_1286_p2   |     +    |      0|  0|   3|           2|           2|
    |add_ln700_1030_fu_1296_p2   |     +    |      0|  0|  32|           2|           2|
    |add_ln700_1031_fu_1302_p2   |     +    |      0|  0|  32|           2|           2|
    |add_ln700_1032_fu_1312_p2   |     +    |      0|  0|   4|           3|           3|
    |add_ln700_1033_fu_1524_p2   |     +    |      0|  0|  32|           5|           5|
    |add_ln700_1034_fu_1530_p2   |     +    |      0|  0|   3|           2|           2|
    |add_ln700_1035_fu_1540_p2   |     +    |      0|  0|  32|           5|           5|
    |add_ln700_1036_fu_1546_p2   |     +    |      0|  0|   3|           2|           2|
    |add_ln700_1037_fu_1556_p2   |     +    |      0|  0|   3|           2|           2|
    |add_ln700_1038_fu_1566_p2   |     +    |      0|  0|   4|           3|           3|
    |add_ln700_1039_fu_1576_p2   |     +    |      0|  0|  32|           5|           5|
    |add_ln700_1040_fu_1582_p2   |     +    |      0|  0|   3|           2|           2|
    |add_ln700_1041_fu_1592_p2   |     +    |      0|  0|   3|           2|           2|
    |add_ln700_1042_fu_1602_p2   |     +    |      0|  0|   4|           3|           3|
    |add_ln700_1043_fu_1612_p2   |     +    |      0|  0|   3|           2|           2|
    |add_ln700_1044_fu_1622_p2   |     +    |      0|  0|  32|           2|           2|
    |add_ln700_1045_fu_1628_p2   |     +    |      0|  0|  32|           2|           2|
    |add_ln700_1046_fu_1638_p2   |     +    |      0|  0|   4|           3|           3|
    |add_ln700_1047_fu_1648_p2   |     +    |      0|  0|   6|           4|           4|
    |add_ln700_1048_fu_11808_p2  |     +    |      0|  0|   6|           6|           6|
    |add_ln700_1049_fu_11814_p2  |     +    |      0|  0|   3|           2|           2|
    |add_ln700_1050_fu_11824_p2  |     +    |      0|  0|  32|           6|           6|
    |add_ln700_1051_fu_2036_p2   |     +    |      0|  0|   3|           2|           2|
    |add_ln700_1052_fu_2046_p2   |     +    |      0|  0|   3|           2|           2|
    |add_ln700_1053_fu_2056_p2   |     +    |      0|  0|   4|           3|           3|
    |add_ln700_1054_fu_11833_p2  |     +    |      0|  0|  32|           6|           6|
    |add_ln700_1055_fu_2062_p2   |     +    |      0|  0|   3|           2|           2|
    |add_ln700_1056_fu_2072_p2   |     +    |      0|  0|   3|           2|           2|
    |add_ln700_1057_fu_2082_p2   |     +    |      0|  0|   4|           3|           3|
    |add_ln700_1058_fu_2092_p2   |     +    |      0|  0|   3|           2|           2|
    |add_ln700_1059_fu_2102_p2   |     +    |      0|  0|   3|           2|           2|
    |add_ln700_1060_fu_2112_p2   |     +    |      0|  0|   4|           3|           3|
    |add_ln700_1061_fu_2122_p2   |     +    |      0|  0|   6|           4|           4|
    |add_ln700_1062_fu_11842_p2  |     +    |      0|  0|  32|           6|           6|
    |add_ln700_1063_fu_2128_p2   |     +    |      0|  0|   3|           2|           2|
    |add_ln700_1064_fu_2138_p2   |     +    |      0|  0|   3|           2|           2|
    |add_ln700_1065_fu_2148_p2   |     +    |      0|  0|   4|           3|           3|
    |add_ln700_1066_fu_2158_p2   |     +    |      0|  0|   3|           2|           2|
    |add_ln700_1067_fu_2168_p2   |     +    |      0|  0|   3|           2|           2|
    |add_ln700_1068_fu_2178_p2   |     +    |      0|  0|   4|           3|           3|
    |add_ln700_1069_fu_2188_p2   |     +    |      0|  0|   6|           4|           4|
    |add_ln700_1070_fu_2198_p2   |     +    |      0|  0|   3|           2|           2|
    |add_ln700_1071_fu_2208_p2   |     +    |      0|  0|   3|           2|           2|
    |add_ln700_1072_fu_2218_p2   |     +    |      0|  0|   4|           3|           3|
    |add_ln700_1073_fu_2228_p2   |     +    |      0|  0|   3|           2|           2|
    |add_ln700_1074_fu_2238_p2   |     +    |      0|  0|  32|           2|           2|
    |add_ln700_1075_fu_2244_p2   |     +    |      0|  0|  32|           2|           2|
    |add_ln700_1076_fu_2254_p2   |     +    |      0|  0|   4|           3|           3|
    |add_ln700_1077_fu_2264_p2   |     +    |      0|  0|   6|           4|           4|
    |add_ln700_1078_fu_2274_p2   |     +    |      0|  0|   6|           5|           5|
    |add_ln700_1079_fu_11870_p2  |     +    |      0|  0|  32|           7|           7|
    |add_ln700_1080_fu_11876_p2  |     +    |      0|  0|   3|           2|           2|
    |add_ln700_1081_fu_11886_p2  |     +    |      0|  0|  32|           7|           7|
    |add_ln700_1082_fu_3036_p2   |     +    |      0|  0|   3|           2|           2|
    |add_ln700_1083_fu_3046_p2   |     +    |      0|  0|   3|           2|           2|
    |add_ln700_1084_fu_3056_p2   |     +    |      0|  0|   4|           3|           3|
    |add_ln700_1085_fu_11895_p2  |     +    |      0|  0|  32|           7|           7|
    |add_ln700_1086_fu_3062_p2   |     +    |      0|  0|   3|           2|           2|
    |add_ln700_1087_fu_3072_p2   |     +    |      0|  0|   3|           2|           2|
    |add_ln700_1088_fu_3082_p2   |     +    |      0|  0|   4|           3|           3|
    |add_ln700_1089_fu_3092_p2   |     +    |      0|  0|   3|           2|           2|
    |add_ln700_1090_fu_3102_p2   |     +    |      0|  0|   3|           2|           2|
    |add_ln700_1091_fu_3112_p2   |     +    |      0|  0|   4|           3|           3|
    |add_ln700_1092_fu_3122_p2   |     +    |      0|  0|   6|           4|           4|
    |add_ln700_1093_fu_11903_p2  |     +    |      0|  0|  32|           7|           7|
    |add_ln700_1094_fu_3128_p2   |     +    |      0|  0|   3|           2|           2|
    |add_ln700_1095_fu_3138_p2   |     +    |      0|  0|   3|           2|           2|
    |add_ln700_1096_fu_3148_p2   |     +    |      0|  0|   4|           3|           3|
    |add_ln700_1097_fu_3158_p2   |     +    |      0|  0|   3|           2|           2|
    |add_ln700_1098_fu_3168_p2   |     +    |      0|  0|   3|           2|           2|
    |add_ln700_1099_fu_3178_p2   |     +    |      0|  0|   4|           3|           3|
    |add_ln700_1100_fu_3188_p2   |     +    |      0|  0|   6|           4|           4|
    |add_ln700_1101_fu_3198_p2   |     +    |      0|  0|   3|           2|           2|
    |add_ln700_1102_fu_3208_p2   |     +    |      0|  0|   3|           2|           2|
    |add_ln700_1103_fu_3218_p2   |     +    |      0|  0|   4|           3|           3|
    |add_ln700_1104_fu_3228_p2   |     +    |      0|  0|   3|           2|           2|
    |add_ln700_1105_fu_3238_p2   |     +    |      0|  0|   3|           2|           2|
    |add_ln700_1106_fu_3248_p2   |     +    |      0|  0|   4|           3|           3|
    |add_ln700_1107_fu_3258_p2   |     +    |      0|  0|   6|           4|           4|
    |add_ln700_1108_fu_3268_p2   |     +    |      0|  0|   6|           5|           5|
    |add_ln700_1109_fu_11912_p2  |     +    |      0|  0|  32|           7|           7|
    |add_ln700_1110_fu_3274_p2   |     +    |      0|  0|   3|           2|           2|
    |add_ln700_1111_fu_3284_p2   |     +    |      0|  0|   3|           2|           2|
    |add_ln700_1112_fu_3294_p2   |     +    |      0|  0|   4|           3|           3|
    |add_ln700_1113_fu_3304_p2   |     +    |      0|  0|   3|           2|           2|
    |add_ln700_1114_fu_3314_p2   |     +    |      0|  0|   3|           2|           2|
    |add_ln700_1115_fu_3324_p2   |     +    |      0|  0|   4|           3|           3|
    |add_ln700_1116_fu_3334_p2   |     +    |      0|  0|   6|           4|           4|
    |add_ln700_1117_fu_3344_p2   |     +    |      0|  0|   3|           2|           2|
    |add_ln700_1118_fu_3354_p2   |     +    |      0|  0|   3|           2|           2|
    |add_ln700_1119_fu_3364_p2   |     +    |      0|  0|   4|           3|           3|
    |add_ln700_1120_fu_3374_p2   |     +    |      0|  0|   3|           2|           2|
    |add_ln700_1121_fu_3384_p2   |     +    |      0|  0|   3|           2|           2|
    |add_ln700_1122_fu_3394_p2   |     +    |      0|  0|   4|           3|           3|
    |add_ln700_1123_fu_3404_p2   |     +    |      0|  0|   6|           4|           4|
    |add_ln700_1124_fu_3414_p2   |     +    |      0|  0|   6|           5|           5|
    |add_ln700_1125_fu_3424_p2   |     +    |      0|  0|   3|           2|           2|
    |add_ln700_1126_fu_3434_p2   |     +    |      0|  0|   3|           2|           2|
    |add_ln700_1127_fu_3444_p2   |     +    |      0|  0|   4|           3|           3|
    |add_ln700_1128_fu_3454_p2   |     +    |      0|  0|   3|           2|           2|
    |add_ln700_1129_fu_3464_p2   |     +    |      0|  0|   3|           2|           2|
    |add_ln700_1130_fu_3474_p2   |     +    |      0|  0|   4|           3|           3|
    |add_ln700_1131_fu_3484_p2   |     +    |      0|  0|   6|           4|           4|
    |add_ln700_1132_fu_3494_p2   |     +    |      0|  0|   3|           2|           2|
    |add_ln700_1133_fu_3504_p2   |     +    |      0|  0|   3|           2|           2|
    |add_ln700_1134_fu_3514_p2   |     +    |      0|  0|   4|           3|           3|
    |add_ln700_1135_fu_3524_p2   |     +    |      0|  0|   3|           2|           2|
    |add_ln700_1136_fu_3534_p2   |     +    |      0|  0|  32|           2|           2|
    |add_ln700_1137_fu_3540_p2   |     +    |      0|  0|  32|           2|           2|
    |add_ln700_1138_fu_3550_p2   |     +    |      0|  0|   4|           3|           3|
    |add_ln700_1139_fu_3560_p2   |     +    |      0|  0|   6|           4|           4|
    |add_ln700_1140_fu_3570_p2   |     +    |      0|  0|   6|           5|           5|
    |add_ln700_1141_fu_3580_p2   |     +    |      0|  0|   6|           6|           6|
    |add_ln700_1142_fu_11939_p2  |     +    |      0|  0|   8|           8|           8|
    |add_ln700_1143_fu_11945_p2  |     +    |      0|  0|   3|           2|           2|
    |add_ln700_1144_fu_11955_p2  |     +    |      0|  0|  32|           8|           8|
    |add_ln700_1145_fu_5110_p2   |     +    |      0|  0|   3|           2|           2|
    |add_ln700_1146_fu_5120_p2   |     +    |      0|  0|   3|           2|           2|
    |add_ln700_1147_fu_5130_p2   |     +    |      0|  0|   4|           3|           3|
    |add_ln700_1148_fu_11964_p2  |     +    |      0|  0|  32|           8|           8|
    |add_ln700_1149_fu_5136_p2   |     +    |      0|  0|   3|           2|           2|
    |add_ln700_1150_fu_5146_p2   |     +    |      0|  0|   3|           2|           2|
    |add_ln700_1151_fu_5156_p2   |     +    |      0|  0|   4|           3|           3|
    |add_ln700_1152_fu_5166_p2   |     +    |      0|  0|   3|           2|           2|
    |add_ln700_1153_fu_5176_p2   |     +    |      0|  0|   3|           2|           2|
    |add_ln700_1154_fu_5186_p2   |     +    |      0|  0|   4|           3|           3|
    |add_ln700_1155_fu_5196_p2   |     +    |      0|  0|   6|           4|           4|
    |add_ln700_1156_fu_11973_p2  |     +    |      0|  0|  32|           8|           8|
    |add_ln700_1157_fu_5202_p2   |     +    |      0|  0|   3|           2|           2|
    |add_ln700_1158_fu_5212_p2   |     +    |      0|  0|   3|           2|           2|
    |add_ln700_1159_fu_5222_p2   |     +    |      0|  0|   4|           3|           3|
    |add_ln700_1160_fu_5232_p2   |     +    |      0|  0|   3|           2|           2|
    |add_ln700_1161_fu_5242_p2   |     +    |      0|  0|   3|           2|           2|
    |add_ln700_1162_fu_5252_p2   |     +    |      0|  0|   4|           3|           3|
    |add_ln700_1163_fu_5262_p2   |     +    |      0|  0|   6|           4|           4|
    |add_ln700_1164_fu_5272_p2   |     +    |      0|  0|   3|           2|           2|
    |add_ln700_1165_fu_5282_p2   |     +    |      0|  0|   3|           2|           2|
    |add_ln700_1166_fu_5292_p2   |     +    |      0|  0|   4|           3|           3|
    |add_ln700_1167_fu_5302_p2   |     +    |      0|  0|   3|           2|           2|
    |add_ln700_1168_fu_5312_p2   |     +    |      0|  0|   3|           2|           2|
    |add_ln700_1169_fu_5322_p2   |     +    |      0|  0|   4|           3|           3|
    |add_ln700_1170_fu_5332_p2   |     +    |      0|  0|   6|           4|           4|
    |add_ln700_1171_fu_5342_p2   |     +    |      0|  0|   6|           5|           5|
    |add_ln700_1172_fu_11982_p2  |     +    |      0|  0|  32|           8|           8|
    |add_ln700_1173_fu_5348_p2   |     +    |      0|  0|   3|           2|           2|
    |add_ln700_1174_fu_5358_p2   |     +    |      0|  0|   3|           2|           2|
    |add_ln700_1175_fu_5368_p2   |     +    |      0|  0|   4|           3|           3|
    |add_ln700_1176_fu_5378_p2   |     +    |      0|  0|   3|           2|           2|
    |add_ln700_1177_fu_5388_p2   |     +    |      0|  0|   3|           2|           2|
    |add_ln700_1178_fu_5398_p2   |     +    |      0|  0|   4|           3|           3|
    |add_ln700_1179_fu_5408_p2   |     +    |      0|  0|   6|           4|           4|
    |add_ln700_1180_fu_5418_p2   |     +    |      0|  0|   3|           2|           2|
    |add_ln700_1181_fu_5428_p2   |     +    |      0|  0|   3|           2|           2|
    |add_ln700_1182_fu_5438_p2   |     +    |      0|  0|   4|           3|           3|
    |add_ln700_1183_fu_5448_p2   |     +    |      0|  0|   3|           2|           2|
    |add_ln700_1184_fu_5458_p2   |     +    |      0|  0|   3|           2|           2|
    |add_ln700_1185_fu_5468_p2   |     +    |      0|  0|   4|           3|           3|
    |add_ln700_1186_fu_5478_p2   |     +    |      0|  0|   6|           4|           4|
    |add_ln700_1187_fu_5488_p2   |     +    |      0|  0|   6|           5|           5|
    |add_ln700_1188_fu_5498_p2   |     +    |      0|  0|   3|           2|           2|
    |add_ln700_1189_fu_5508_p2   |     +    |      0|  0|   3|           2|           2|
    |add_ln700_1190_fu_5518_p2   |     +    |      0|  0|   4|           3|           3|
    |add_ln700_1191_fu_5528_p2   |     +    |      0|  0|   3|           2|           2|
    |add_ln700_1192_fu_5538_p2   |     +    |      0|  0|   3|           2|           2|
    |add_ln700_1193_fu_5548_p2   |     +    |      0|  0|   4|           3|           3|
    |add_ln700_1194_fu_5558_p2   |     +    |      0|  0|   6|           4|           4|
    |add_ln700_1195_fu_5568_p2   |     +    |      0|  0|   3|           2|           2|
    |add_ln700_1196_fu_5578_p2   |     +    |      0|  0|   3|           2|           2|
    |add_ln700_1197_fu_5588_p2   |     +    |      0|  0|   4|           3|           3|
    |add_ln700_1198_fu_5598_p2   |     +    |      0|  0|   3|           2|           2|
    |add_ln700_1199_fu_5608_p2   |     +    |      0|  0|   3|           2|           2|
    |add_ln700_1200_fu_5618_p2   |     +    |      0|  0|   4|           3|           3|
    |add_ln700_1201_fu_5628_p2   |     +    |      0|  0|   6|           4|           4|
    |add_ln700_1202_fu_5638_p2   |     +    |      0|  0|   6|           5|           5|
    |add_ln700_1203_fu_5648_p2   |     +    |      0|  0|   6|           6|           6|
    |add_ln700_1204_fu_11991_p2  |     +    |      0|  0|  32|           8|           8|
    |add_ln700_1205_fu_5654_p2   |     +    |      0|  0|   3|           2|           2|
    |add_ln700_1206_fu_5664_p2   |     +    |      0|  0|   3|           2|           2|
    |add_ln700_1207_fu_5674_p2   |     +    |      0|  0|   4|           3|           3|
    |add_ln700_1208_fu_5684_p2   |     +    |      0|  0|   3|           2|           2|
    |add_ln700_1209_fu_5694_p2   |     +    |      0|  0|   3|           2|           2|
    |add_ln700_1210_fu_5704_p2   |     +    |      0|  0|   4|           3|           3|
    |add_ln700_1211_fu_5714_p2   |     +    |      0|  0|   6|           4|           4|
    |add_ln700_1212_fu_5724_p2   |     +    |      0|  0|   3|           2|           2|
    |add_ln700_1213_fu_5734_p2   |     +    |      0|  0|   3|           2|           2|
    |add_ln700_1214_fu_5744_p2   |     +    |      0|  0|   4|           3|           3|
    |add_ln700_1215_fu_5754_p2   |     +    |      0|  0|   3|           2|           2|
    |add_ln700_1216_fu_5764_p2   |     +    |      0|  0|   3|           2|           2|
    |add_ln700_1217_fu_5774_p2   |     +    |      0|  0|   4|           3|           3|
    |add_ln700_1218_fu_5784_p2   |     +    |      0|  0|   6|           4|           4|
    |add_ln700_1219_fu_5794_p2   |     +    |      0|  0|   6|           5|           5|
    |add_ln700_1220_fu_5804_p2   |     +    |      0|  0|   3|           2|           2|
    |add_ln700_1221_fu_5814_p2   |     +    |      0|  0|   3|           2|           2|
    |add_ln700_1222_fu_5824_p2   |     +    |      0|  0|   4|           3|           3|
    |add_ln700_1223_fu_5834_p2   |     +    |      0|  0|   3|           2|           2|
    |add_ln700_1224_fu_5844_p2   |     +    |      0|  0|   3|           2|           2|
    |add_ln700_1225_fu_5854_p2   |     +    |      0|  0|   4|           3|           3|
    |add_ln700_1226_fu_5864_p2   |     +    |      0|  0|   6|           4|           4|
    |add_ln700_1227_fu_5874_p2   |     +    |      0|  0|   3|           2|           2|
    |add_ln700_1228_fu_5884_p2   |     +    |      0|  0|   3|           2|           2|
    |add_ln700_1229_fu_5894_p2   |     +    |      0|  0|   4|           3|           3|
    |add_ln700_1230_fu_5904_p2   |     +    |      0|  0|   3|           2|           2|
    |add_ln700_1231_fu_5914_p2   |     +    |      0|  0|   3|           2|           2|
    |add_ln700_1232_fu_5924_p2   |     +    |      0|  0|   4|           3|           3|
    |add_ln700_1233_fu_5934_p2   |     +    |      0|  0|   6|           4|           4|
    |add_ln700_1234_fu_5944_p2   |     +    |      0|  0|   6|           5|           5|
    |add_ln700_1235_fu_5954_p2   |     +    |      0|  0|   6|           6|           6|
    |add_ln700_1236_fu_5964_p2   |     +    |      0|  0|   3|           2|           2|
    |add_ln700_1237_fu_5974_p2   |     +    |      0|  0|   3|           2|           2|
    |add_ln700_1238_fu_5984_p2   |     +    |      0|  0|   4|           3|           3|
    |add_ln700_1239_fu_5994_p2   |     +    |      0|  0|   3|           2|           2|
    |add_ln700_1240_fu_6004_p2   |     +    |      0|  0|   3|           2|           2|
    |add_ln700_1241_fu_6014_p2   |     +    |      0|  0|   4|           3|           3|
    |add_ln700_1242_fu_6024_p2   |     +    |      0|  0|   6|           4|           4|
    |add_ln700_1243_fu_6034_p2   |     +    |      0|  0|   3|           2|           2|
    |add_ln700_1244_fu_6044_p2   |     +    |      0|  0|   3|           2|           2|
    |add_ln700_1245_fu_6054_p2   |     +    |      0|  0|   4|           3|           3|
    |add_ln700_1246_fu_6064_p2   |     +    |      0|  0|   3|           2|           2|
    |add_ln700_1247_fu_6074_p2   |     +    |      0|  0|   3|           2|           2|
    |add_ln700_1248_fu_6084_p2   |     +    |      0|  0|   4|           3|           3|
    |add_ln700_1249_fu_6094_p2   |     +    |      0|  0|   6|           4|           4|
    |add_ln700_1250_fu_6104_p2   |     +    |      0|  0|   6|           5|           5|
    |add_ln700_1251_fu_6114_p2   |     +    |      0|  0|   3|           2|           2|
    |add_ln700_1252_fu_6124_p2   |     +    |      0|  0|   3|           2|           2|
    |add_ln700_1253_fu_6134_p2   |     +    |      0|  0|   4|           3|           3|
    |add_ln700_1254_fu_6144_p2   |     +    |      0|  0|   3|           2|           2|
    |add_ln700_1255_fu_6154_p2   |     +    |      0|  0|   3|           2|           2|
    |add_ln700_1256_fu_6164_p2   |     +    |      0|  0|   4|           3|           3|
    |add_ln700_1257_fu_6174_p2   |     +    |      0|  0|   6|           4|           4|
    |add_ln700_1258_fu_6184_p2   |     +    |      0|  0|   3|           2|           2|
    |add_ln700_1259_fu_6194_p2   |     +    |      0|  0|   3|           2|           2|
    |add_ln700_1260_fu_6204_p2   |     +    |      0|  0|   4|           3|           3|
    |add_ln700_1261_fu_6214_p2   |     +    |      0|  0|   3|           2|           2|
    |add_ln700_1262_fu_6224_p2   |     +    |      0|  0|  32|           2|           2|
    |add_ln700_1263_fu_6230_p2   |     +    |      0|  0|  32|           2|           2|
    |add_ln700_1264_fu_6240_p2   |     +    |      0|  0|   4|           3|           3|
    |add_ln700_1265_fu_6250_p2   |     +    |      0|  0|   6|           4|           4|
    |add_ln700_1266_fu_6260_p2   |     +    |      0|  0|   6|           5|           5|
    |add_ln700_1267_fu_6270_p2   |     +    |      0|  0|   6|           6|           6|
    |add_ln700_1268_fu_6280_p2   |     +    |      0|  0|   7|           7|           7|
    |add_ln700_1269_fu_12018_p2  |     +    |      0|  0|  32|           9|           9|
    |add_ln700_126_fu_11921_p2   |     +    |      0|  0|  32|           7|           7|
    |add_ln700_1270_fu_12024_p2  |     +    |      0|  0|   3|           2|           2|
    |add_ln700_1271_fu_12034_p2  |     +    |      0|  0|  32|           9|           9|
    |add_ln700_1272_fu_9346_p2   |     +    |      0|  0|   3|           2|           2|
    |add_ln700_1273_fu_9356_p2   |     +    |      0|  0|   3|           2|           2|
    |add_ln700_1274_fu_9366_p2   |     +    |      0|  0|   4|           3|           3|
    |add_ln700_1275_fu_12043_p2  |     +    |      0|  0|  32|           9|           9|
    |add_ln700_1276_fu_9372_p2   |     +    |      0|  0|   3|           2|           2|
    |add_ln700_1277_fu_9382_p2   |     +    |      0|  0|   3|           2|           2|
    |add_ln700_1278_fu_9392_p2   |     +    |      0|  0|   4|           3|           3|
    |add_ln700_1279_fu_9402_p2   |     +    |      0|  0|   3|           2|           2|
    |add_ln700_1280_fu_9412_p2   |     +    |      0|  0|   3|           2|           2|
    |add_ln700_1281_fu_9422_p2   |     +    |      0|  0|   4|           3|           3|
    |add_ln700_1282_fu_9432_p2   |     +    |      0|  0|   6|           4|           4|
    |add_ln700_1283_fu_12051_p2  |     +    |      0|  0|  32|           9|           9|
    |add_ln700_1284_fu_9438_p2   |     +    |      0|  0|   3|           2|           2|
    |add_ln700_1285_fu_9448_p2   |     +    |      0|  0|   3|           2|           2|
    |add_ln700_1286_fu_9458_p2   |     +    |      0|  0|   4|           3|           3|
    |add_ln700_1287_fu_9468_p2   |     +    |      0|  0|   3|           2|           2|
    |add_ln700_1288_fu_9478_p2   |     +    |      0|  0|   3|           2|           2|
    |add_ln700_1289_fu_9488_p2   |     +    |      0|  0|   4|           3|           3|
    |add_ln700_1290_fu_9498_p2   |     +    |      0|  0|   6|           4|           4|
    |add_ln700_1291_fu_9508_p2   |     +    |      0|  0|   3|           2|           2|
    |add_ln700_1292_fu_9518_p2   |     +    |      0|  0|   3|           2|           2|
    |add_ln700_1293_fu_9528_p2   |     +    |      0|  0|   4|           3|           3|
    |add_ln700_1294_fu_9538_p2   |     +    |      0|  0|   3|           2|           2|
    |add_ln700_1295_fu_9548_p2   |     +    |      0|  0|   3|           2|           2|
    |add_ln700_1296_fu_9558_p2   |     +    |      0|  0|   4|           3|           3|
    |add_ln700_1297_fu_9568_p2   |     +    |      0|  0|   6|           4|           4|
    |add_ln700_1298_fu_9578_p2   |     +    |      0|  0|   6|           5|           5|
    |add_ln700_1299_fu_12060_p2  |     +    |      0|  0|  32|           9|           9|
    |add_ln700_1300_fu_9584_p2   |     +    |      0|  0|   3|           2|           2|
    |add_ln700_1301_fu_9594_p2   |     +    |      0|  0|   3|           2|           2|
    |add_ln700_1302_fu_9604_p2   |     +    |      0|  0|   4|           3|           3|
    |add_ln700_1303_fu_9614_p2   |     +    |      0|  0|   3|           2|           2|
    |add_ln700_1304_fu_9624_p2   |     +    |      0|  0|   3|           2|           2|
    |add_ln700_1305_fu_9634_p2   |     +    |      0|  0|   4|           3|           3|
    |add_ln700_1306_fu_9644_p2   |     +    |      0|  0|   6|           4|           4|
    |add_ln700_1307_fu_9654_p2   |     +    |      0|  0|   3|           2|           2|
    |add_ln700_1308_fu_9664_p2   |     +    |      0|  0|   3|           2|           2|
    |add_ln700_1309_fu_9674_p2   |     +    |      0|  0|   4|           3|           3|
    |add_ln700_1310_fu_9684_p2   |     +    |      0|  0|   3|           2|           2|
    |add_ln700_1311_fu_9694_p2   |     +    |      0|  0|   3|           2|           2|
    |add_ln700_1312_fu_9704_p2   |     +    |      0|  0|   4|           3|           3|
    |add_ln700_1313_fu_9714_p2   |     +    |      0|  0|   6|           4|           4|
    |add_ln700_1314_fu_9724_p2   |     +    |      0|  0|   6|           5|           5|
    |add_ln700_1315_fu_9734_p2   |     +    |      0|  0|   3|           2|           2|
    |add_ln700_1316_fu_9744_p2   |     +    |      0|  0|   3|           2|           2|
    |add_ln700_1317_fu_9754_p2   |     +    |      0|  0|   4|           3|           3|
    |add_ln700_1318_fu_9764_p2   |     +    |      0|  0|   3|           2|           2|
    |add_ln700_1319_fu_9774_p2   |     +    |      0|  0|   3|           2|           2|
    |add_ln700_1320_fu_9784_p2   |     +    |      0|  0|   4|           3|           3|
    |add_ln700_1321_fu_9794_p2   |     +    |      0|  0|   6|           4|           4|
    |add_ln700_1322_fu_9804_p2   |     +    |      0|  0|   3|           2|           2|
    |add_ln700_1323_fu_9814_p2   |     +    |      0|  0|   3|           2|           2|
    |add_ln700_1324_fu_9824_p2   |     +    |      0|  0|   4|           3|           3|
    |add_ln700_1325_fu_9834_p2   |     +    |      0|  0|   3|           2|           2|
    |add_ln700_1326_fu_9844_p2   |     +    |      0|  0|   3|           2|           2|
    |add_ln700_1327_fu_9854_p2   |     +    |      0|  0|   4|           3|           3|
    |add_ln700_1328_fu_9864_p2   |     +    |      0|  0|   6|           4|           4|
    |add_ln700_1329_fu_9874_p2   |     +    |      0|  0|   6|           5|           5|
    |add_ln700_1330_fu_9884_p2   |     +    |      0|  0|   6|           6|           6|
    |add_ln700_1331_fu_12069_p2  |     +    |      0|  0|  32|           9|           9|
    |add_ln700_1332_fu_9890_p2   |     +    |      0|  0|   3|           2|           2|
    |add_ln700_1333_fu_9900_p2   |     +    |      0|  0|   3|           2|           2|
    |add_ln700_1334_fu_9910_p2   |     +    |      0|  0|   4|           3|           3|
    |add_ln700_1335_fu_9920_p2   |     +    |      0|  0|   3|           2|           2|
    |add_ln700_1336_fu_9930_p2   |     +    |      0|  0|   3|           2|           2|
    |add_ln700_1337_fu_9940_p2   |     +    |      0|  0|   4|           3|           3|
    |add_ln700_1338_fu_9950_p2   |     +    |      0|  0|   6|           4|           4|
    |add_ln700_1339_fu_9960_p2   |     +    |      0|  0|   3|           2|           2|
    |add_ln700_1340_fu_9970_p2   |     +    |      0|  0|   3|           2|           2|
    |add_ln700_1341_fu_9980_p2   |     +    |      0|  0|   4|           3|           3|
    |add_ln700_1342_fu_9990_p2   |     +    |      0|  0|   3|           2|           2|
    |add_ln700_1343_fu_10000_p2  |     +    |      0|  0|   3|           2|           2|
    |add_ln700_1344_fu_10010_p2  |     +    |      0|  0|   4|           3|           3|
    |add_ln700_1345_fu_10020_p2  |     +    |      0|  0|   6|           4|           4|
    |add_ln700_1346_fu_10030_p2  |     +    |      0|  0|   6|           5|           5|
    |add_ln700_1347_fu_10040_p2  |     +    |      0|  0|   3|           2|           2|
    |add_ln700_1348_fu_10050_p2  |     +    |      0|  0|   3|           2|           2|
    |add_ln700_1349_fu_10060_p2  |     +    |      0|  0|   4|           3|           3|
    |add_ln700_1350_fu_10070_p2  |     +    |      0|  0|   3|           2|           2|
    |add_ln700_1351_fu_10080_p2  |     +    |      0|  0|   3|           2|           2|
    |add_ln700_1352_fu_10090_p2  |     +    |      0|  0|   4|           3|           3|
    |add_ln700_1353_fu_10100_p2  |     +    |      0|  0|   6|           4|           4|
    |add_ln700_1354_fu_10110_p2  |     +    |      0|  0|   3|           2|           2|
    |add_ln700_1355_fu_10120_p2  |     +    |      0|  0|   3|           2|           2|
    |add_ln700_1356_fu_10130_p2  |     +    |      0|  0|   4|           3|           3|
    |add_ln700_1357_fu_10140_p2  |     +    |      0|  0|   3|           2|           2|
    |add_ln700_1358_fu_10150_p2  |     +    |      0|  0|   3|           2|           2|
    |add_ln700_1359_fu_10160_p2  |     +    |      0|  0|   4|           3|           3|
    |add_ln700_1360_fu_10170_p2  |     +    |      0|  0|   6|           4|           4|
    |add_ln700_1361_fu_10180_p2  |     +    |      0|  0|   6|           5|           5|
    |add_ln700_1362_fu_10190_p2  |     +    |      0|  0|   6|           6|           6|
    |add_ln700_1363_fu_10200_p2  |     +    |      0|  0|   3|           2|           2|
    |add_ln700_1364_fu_10210_p2  |     +    |      0|  0|   3|           2|           2|
    |add_ln700_1365_fu_10220_p2  |     +    |      0|  0|   4|           3|           3|
    |add_ln700_1366_fu_10230_p2  |     +    |      0|  0|   3|           2|           2|
    |add_ln700_1367_fu_10240_p2  |     +    |      0|  0|   3|           2|           2|
    |add_ln700_1368_fu_10250_p2  |     +    |      0|  0|   4|           3|           3|
    |add_ln700_1369_fu_10260_p2  |     +    |      0|  0|   6|           4|           4|
    |add_ln700_1370_fu_10270_p2  |     +    |      0|  0|   3|           2|           2|
    |add_ln700_1371_fu_10280_p2  |     +    |      0|  0|   3|           2|           2|
    |add_ln700_1372_fu_10290_p2  |     +    |      0|  0|   4|           3|           3|
    |add_ln700_1373_fu_10300_p2  |     +    |      0|  0|   3|           2|           2|
    |add_ln700_1374_fu_10310_p2  |     +    |      0|  0|   3|           2|           2|
    |add_ln700_1375_fu_10320_p2  |     +    |      0|  0|   4|           3|           3|
    |add_ln700_1376_fu_10330_p2  |     +    |      0|  0|   6|           4|           4|
    |add_ln700_1377_fu_10340_p2  |     +    |      0|  0|   6|           5|           5|
    |add_ln700_1378_fu_10350_p2  |     +    |      0|  0|   3|           2|           2|
    |add_ln700_1379_fu_10360_p2  |     +    |      0|  0|   3|           2|           2|
    |add_ln700_1380_fu_10370_p2  |     +    |      0|  0|   4|           3|           3|
    |add_ln700_1381_fu_10380_p2  |     +    |      0|  0|   3|           2|           2|
    |add_ln700_1382_fu_10390_p2  |     +    |      0|  0|   3|           2|           2|
    |add_ln700_1383_fu_10400_p2  |     +    |      0|  0|   4|           3|           3|
    |add_ln700_1384_fu_10410_p2  |     +    |      0|  0|   6|           4|           4|
    |add_ln700_1385_fu_10420_p2  |     +    |      0|  0|   3|           2|           2|
    |add_ln700_1386_fu_10430_p2  |     +    |      0|  0|   3|           2|           2|
    |add_ln700_1387_fu_10440_p2  |     +    |      0|  0|   4|           3|           3|
    |add_ln700_1388_fu_10450_p2  |     +    |      0|  0|   3|           2|           2|
    |add_ln700_1389_fu_10460_p2  |     +    |      0|  0|   3|           2|           2|
    |add_ln700_1390_fu_10470_p2  |     +    |      0|  0|   4|           3|           3|
    |add_ln700_1391_fu_10480_p2  |     +    |      0|  0|   6|           4|           4|
    |add_ln700_1392_fu_10490_p2  |     +    |      0|  0|   6|           5|           5|
    |add_ln700_1393_fu_10500_p2  |     +    |      0|  0|   6|           6|           6|
    |add_ln700_1394_fu_10510_p2  |     +    |      0|  0|   7|           7|           7|
    |add_ln700_1395_fu_12078_p2  |     +    |      0|  0|  32|           9|           9|
    |add_ln700_1396_fu_10516_p2  |     +    |      0|  0|   3|           2|           2|
    |add_ln700_1397_fu_10526_p2  |     +    |      0|  0|   3|           2|           2|
    |add_ln700_1398_fu_10536_p2  |     +    |      0|  0|   4|           3|           3|
    |add_ln700_1399_fu_10546_p2  |     +    |      0|  0|   3|           2|           2|
    |add_ln700_1400_fu_10556_p2  |     +    |      0|  0|   3|           2|           2|
    |add_ln700_1401_fu_10566_p2  |     +    |      0|  0|   4|           3|           3|
    |add_ln700_1402_fu_10576_p2  |     +    |      0|  0|   6|           4|           4|
    |add_ln700_1403_fu_10586_p2  |     +    |      0|  0|   3|           2|           2|
    |add_ln700_1404_fu_10596_p2  |     +    |      0|  0|   3|           2|           2|
    |add_ln700_1405_fu_10606_p2  |     +    |      0|  0|   4|           3|           3|
    |add_ln700_1406_fu_10616_p2  |     +    |      0|  0|   3|           2|           2|
    |add_ln700_1407_fu_10626_p2  |     +    |      0|  0|   3|           2|           2|
    |add_ln700_1408_fu_10636_p2  |     +    |      0|  0|   4|           3|           3|
    |add_ln700_1409_fu_10646_p2  |     +    |      0|  0|   6|           4|           4|
    |add_ln700_1410_fu_10656_p2  |     +    |      0|  0|   6|           5|           5|
    |add_ln700_1411_fu_10666_p2  |     +    |      0|  0|   3|           2|           2|
    |add_ln700_1412_fu_10676_p2  |     +    |      0|  0|   3|           2|           2|
    |add_ln700_1413_fu_10686_p2  |     +    |      0|  0|   4|           3|           3|
    |add_ln700_1414_fu_10696_p2  |     +    |      0|  0|   3|           2|           2|
    |add_ln700_1415_fu_10706_p2  |     +    |      0|  0|   3|           2|           2|
    |add_ln700_1416_fu_10716_p2  |     +    |      0|  0|   4|           3|           3|
    |add_ln700_1417_fu_10726_p2  |     +    |      0|  0|   6|           4|           4|
    |add_ln700_1418_fu_10736_p2  |     +    |      0|  0|   3|           2|           2|
    |add_ln700_1419_fu_10746_p2  |     +    |      0|  0|   3|           2|           2|
    |add_ln700_1420_fu_10756_p2  |     +    |      0|  0|   4|           3|           3|
    |add_ln700_1421_fu_10766_p2  |     +    |      0|  0|   3|           2|           2|
    |add_ln700_1422_fu_10776_p2  |     +    |      0|  0|   3|           2|           2|
    |add_ln700_1423_fu_10786_p2  |     +    |      0|  0|   4|           3|           3|
    |add_ln700_1424_fu_10796_p2  |     +    |      0|  0|   6|           4|           4|
    |add_ln700_1425_fu_10806_p2  |     +    |      0|  0|   6|           5|           5|
    |add_ln700_1426_fu_10816_p2  |     +    |      0|  0|   6|           6|           6|
    |add_ln700_1427_fu_10826_p2  |     +    |      0|  0|   3|           2|           2|
    |add_ln700_1428_fu_10836_p2  |     +    |      0|  0|   3|           2|           2|
    |add_ln700_1429_fu_10846_p2  |     +    |      0|  0|   4|           3|           3|
    |add_ln700_1430_fu_10856_p2  |     +    |      0|  0|   3|           2|           2|
    |add_ln700_1431_fu_10866_p2  |     +    |      0|  0|   3|           2|           2|
    |add_ln700_1432_fu_10876_p2  |     +    |      0|  0|   4|           3|           3|
    |add_ln700_1433_fu_10886_p2  |     +    |      0|  0|   6|           4|           4|
    |add_ln700_1434_fu_10896_p2  |     +    |      0|  0|   3|           2|           2|
    |add_ln700_1435_fu_10906_p2  |     +    |      0|  0|   3|           2|           2|
    |add_ln700_1436_fu_10916_p2  |     +    |      0|  0|   4|           3|           3|
    |add_ln700_1437_fu_10926_p2  |     +    |      0|  0|   3|           2|           2|
    |add_ln700_1438_fu_10936_p2  |     +    |      0|  0|   3|           2|           2|
    |add_ln700_1439_fu_10946_p2  |     +    |      0|  0|   4|           3|           3|
    |add_ln700_1440_fu_10956_p2  |     +    |      0|  0|   6|           4|           4|
    |add_ln700_1441_fu_10966_p2  |     +    |      0|  0|   6|           5|           5|
    |add_ln700_1442_fu_10976_p2  |     +    |      0|  0|   3|           2|           2|
    |add_ln700_1443_fu_10986_p2  |     +    |      0|  0|   3|           2|           2|
    |add_ln700_1444_fu_10996_p2  |     +    |      0|  0|   4|           3|           3|
    |add_ln700_1445_fu_11006_p2  |     +    |      0|  0|   3|           2|           2|
    |add_ln700_1446_fu_11016_p2  |     +    |      0|  0|   3|           2|           2|
    |add_ln700_1447_fu_11026_p2  |     +    |      0|  0|   4|           3|           3|
    |add_ln700_1448_fu_11036_p2  |     +    |      0|  0|   6|           4|           4|
    |add_ln700_1449_fu_11046_p2  |     +    |      0|  0|   3|           2|           2|
    |add_ln700_1450_fu_11056_p2  |     +    |      0|  0|   3|           2|           2|
    |add_ln700_1451_fu_11066_p2  |     +    |      0|  0|   4|           3|           3|
    |add_ln700_1452_fu_11076_p2  |     +    |      0|  0|   3|           2|           2|
    |add_ln700_1453_fu_11086_p2  |     +    |      0|  0|   3|           2|           2|
    |add_ln700_1454_fu_11096_p2  |     +    |      0|  0|   4|           3|           3|
    |add_ln700_1455_fu_11106_p2  |     +    |      0|  0|   6|           4|           4|
    |add_ln700_1456_fu_11116_p2  |     +    |      0|  0|   6|           5|           5|
    |add_ln700_1457_fu_11126_p2  |     +    |      0|  0|   6|           6|           6|
    |add_ln700_1458_fu_11136_p2  |     +    |      0|  0|   7|           7|           7|
    |add_ln700_1459_fu_11146_p2  |     +    |      0|  0|   3|           2|           2|
    |add_ln700_1460_fu_11156_p2  |     +    |      0|  0|   3|           2|           2|
    |add_ln700_1461_fu_11166_p2  |     +    |      0|  0|   4|           3|           3|
    |add_ln700_1462_fu_11176_p2  |     +    |      0|  0|   3|           2|           2|
    |add_ln700_1463_fu_11186_p2  |     +    |      0|  0|   3|           2|           2|
    |add_ln700_1464_fu_11196_p2  |     +    |      0|  0|   4|           3|           3|
    |add_ln700_1465_fu_11206_p2  |     +    |      0|  0|   6|           4|           4|
    |add_ln700_1466_fu_11216_p2  |     +    |      0|  0|   3|           2|           2|
    |add_ln700_1467_fu_11226_p2  |     +    |      0|  0|   3|           2|           2|
    |add_ln700_1468_fu_11236_p2  |     +    |      0|  0|   4|           3|           3|
    |add_ln700_1469_fu_11246_p2  |     +    |      0|  0|   3|           2|           2|
    |add_ln700_1470_fu_11256_p2  |     +    |      0|  0|   3|           2|           2|
    |add_ln700_1471_fu_11266_p2  |     +    |      0|  0|   4|           3|           3|
    |add_ln700_1472_fu_11276_p2  |     +    |      0|  0|   6|           4|           4|
    |add_ln700_1473_fu_11286_p2  |     +    |      0|  0|   6|           5|           5|
    |add_ln700_1474_fu_11296_p2  |     +    |      0|  0|   3|           2|           2|
    |add_ln700_1475_fu_11306_p2  |     +    |      0|  0|   3|           2|           2|
    |add_ln700_1476_fu_11316_p2  |     +    |      0|  0|   4|           3|           3|
    |add_ln700_1477_fu_11326_p2  |     +    |      0|  0|   3|           2|           2|
    |add_ln700_1478_fu_11336_p2  |     +    |      0|  0|   3|           2|           2|
    |add_ln700_1479_fu_11346_p2  |     +    |      0|  0|   4|           3|           3|
    |add_ln700_1480_fu_11356_p2  |     +    |      0|  0|   6|           4|           4|
    |add_ln700_1481_fu_11366_p2  |     +    |      0|  0|   3|           2|           2|
    |add_ln700_1482_fu_11376_p2  |     +    |      0|  0|   3|           2|           2|
    |add_ln700_1483_fu_11386_p2  |     +    |      0|  0|   4|           3|           3|
    |add_ln700_1484_fu_11396_p2  |     +    |      0|  0|   3|           2|           2|
    |add_ln700_1485_fu_11406_p2  |     +    |      0|  0|   3|           2|           2|
    |add_ln700_1486_fu_11416_p2  |     +    |      0|  0|   4|           3|           3|
    |add_ln700_1487_fu_11426_p2  |     +    |      0|  0|   6|           4|           4|
    |add_ln700_1488_fu_11436_p2  |     +    |      0|  0|   6|           5|           5|
    |add_ln700_1489_fu_11446_p2  |     +    |      0|  0|   6|           6|           6|
    |add_ln700_1490_fu_11456_p2  |     +    |      0|  0|   3|           2|           2|
    |add_ln700_1491_fu_11466_p2  |     +    |      0|  0|   3|           2|           2|
    |add_ln700_1492_fu_11476_p2  |     +    |      0|  0|   4|           3|           3|
    |add_ln700_1493_fu_11486_p2  |     +    |      0|  0|   3|           2|           2|
    |add_ln700_1494_fu_11496_p2  |     +    |      0|  0|   3|           2|           2|
    |add_ln700_1495_fu_11506_p2  |     +    |      0|  0|   4|           3|           3|
    |add_ln700_1496_fu_11516_p2  |     +    |      0|  0|   6|           4|           4|
    |add_ln700_1497_fu_11526_p2  |     +    |      0|  0|   3|           2|           2|
    |add_ln700_1498_fu_11536_p2  |     +    |      0|  0|   3|           2|           2|
    |add_ln700_1499_fu_11546_p2  |     +    |      0|  0|   4|           3|           3|
    |add_ln700_14_fu_1322_p2     |     +    |      0|  0|  32|           4|           4|
    |add_ln700_1500_fu_11556_p2  |     +    |      0|  0|   3|           2|           2|
    |add_ln700_1501_fu_11566_p2  |     +    |      0|  0|   3|           2|           2|
    |add_ln700_1502_fu_11576_p2  |     +    |      0|  0|   4|           3|           3|
    |add_ln700_1503_fu_11586_p2  |     +    |      0|  0|   6|           4|           4|
    |add_ln700_1504_fu_11596_p2  |     +    |      0|  0|   6|           5|           5|
    |add_ln700_1505_fu_11606_p2  |     +    |      0|  0|   3|           2|           2|
    |add_ln700_1506_fu_11616_p2  |     +    |      0|  0|   3|           2|           2|
    |add_ln700_1507_fu_11626_p2  |     +    |      0|  0|   4|           3|           3|
    |add_ln700_1508_fu_11636_p2  |     +    |      0|  0|   3|           2|           2|
    |add_ln700_1509_fu_11646_p2  |     +    |      0|  0|   3|           2|           2|
    |add_ln700_1510_fu_11656_p2  |     +    |      0|  0|   4|           3|           3|
    |add_ln700_1511_fu_11666_p2  |     +    |      0|  0|   6|           4|           4|
    |add_ln700_1512_fu_11676_p2  |     +    |      0|  0|   3|           2|           2|
    |add_ln700_1513_fu_11686_p2  |     +    |      0|  0|   3|           2|           2|
    |add_ln700_1514_fu_11696_p2  |     +    |      0|  0|   4|           3|           3|
    |add_ln700_1515_fu_11706_p2  |     +    |      0|  0|   3|           2|           2|
    |add_ln700_1516_fu_11716_p2  |     +    |      0|  0|  32|           2|           2|
    |add_ln700_1517_fu_11722_p2  |     +    |      0|  0|  32|           2|           2|
    |add_ln700_1518_fu_11732_p2  |     +    |      0|  0|   4|           3|           3|
    |add_ln700_1519_fu_11742_p2  |     +    |      0|  0|   6|           4|           4|
    |add_ln700_1520_fu_11752_p2  |     +    |      0|  0|   6|           5|           5|
    |add_ln700_1521_fu_11762_p2  |     +    |      0|  0|   6|           6|           6|
    |add_ln700_1522_fu_11772_p2  |     +    |      0|  0|   7|           7|           7|
    |add_ln700_1523_fu_11782_p2  |     +    |      0|  0|   8|           8|           8|
    |add_ln700_254_fu_11999_p2   |     +    |      0|  0|  32|           8|           8|
    |add_ln700_2_fu_1078_p2      |     +    |      0|  0|  32|           2|           2|
    |add_ln700_30_fu_1658_p2     |     +    |      0|  0|  32|           5|           5|
    |add_ln700_510_fu_12086_p2   |     +    |      0|  0|  32|           9|           9|
    |add_ln700_511_fu_12099_p2   |     +    |      0|  0|  10|          10|          10|
    |add_ln700_62_fu_11851_p2    |     +    |      0|  0|  32|           6|           6|
    |add_ln700_6_fu_1158_p2      |     +    |      0|  0|  32|           3|           3|
    |add_ln700_fu_1072_p2        |     +    |      0|  0|  32|           2|           2|
    +----------------------------+----------+-------+---+----+------------+------------+
    |Total                       |          |      0|  0|3366|        1580|        1580|
    +----------------------------+----------+-------+---+----+------------+------------+

    * Multiplexer: 
    +-----------+----+-----------+-----+-----------+
    |    Name   | LUT| Input Size| Bits| Total Bits|
    +-----------+----+-----------+-----+-----------+
    |ap_return  |   9|          2|   10|         20|
    +-----------+----+-----------+-----+-----------+
    |Total      |   9|          2|   10|         20|
    +-----------+----+-----------+-----+-----------+

    * Register: 
    +----------------------------------------+-----+----+-----+-----------+
    |                  Name                  |  FF | LUT| Bits| Const Bits|
    +----------------------------------------+-----+----+-----+-----------+
    |add_ln700_1053_reg_12125                |    3|   0|    3|          0|
    |add_ln700_1061_reg_12130                |    4|   0|    4|          0|
    |add_ln700_1078_reg_12135                |    5|   0|    5|          0|
    |add_ln700_1081_reg_12265                |    7|   0|    7|          0|
    |add_ln700_1084_reg_12155                |    3|   0|    3|          0|
    |add_ln700_1084_reg_12155_pp0_iter1_reg  |    3|   0|    3|          0|
    |add_ln700_1092_reg_12160                |    4|   0|    4|          0|
    |add_ln700_1092_reg_12160_pp0_iter1_reg  |    4|   0|    4|          0|
    |add_ln700_1108_reg_12165                |    5|   0|    5|          0|
    |add_ln700_1108_reg_12165_pp0_iter1_reg  |    5|   0|    5|          0|
    |add_ln700_1141_reg_12170                |    6|   0|    6|          0|
    |add_ln700_1141_reg_12170_pp0_iter1_reg  |    6|   0|    6|          0|
    |add_ln700_1147_reg_12190                |    3|   0|    3|          0|
    |add_ln700_1155_reg_12195                |    4|   0|    4|          0|
    |add_ln700_1171_reg_12200                |    5|   0|    5|          0|
    |add_ln700_1172_reg_12275                |    8|   0|    8|          0|
    |add_ln700_1203_reg_12205                |    6|   0|    6|          0|
    |add_ln700_1268_reg_12210                |    7|   0|    7|          0|
    |add_ln700_126_reg_12270                 |    7|   0|    7|          0|
    |add_ln700_1271_reg_12280                |    9|   0|    9|          0|
    |add_ln700_1274_reg_12230                |    3|   0|    3|          0|
    |add_ln700_1282_reg_12235                |    4|   0|    4|          0|
    |add_ln700_1298_reg_12240                |    5|   0|    5|          0|
    |add_ln700_1330_reg_12245                |    6|   0|    6|          0|
    |add_ln700_1331_reg_12285                |    9|   0|    9|          0|
    |add_ln700_1394_reg_12250                |    7|   0|    7|          0|
    |add_ln700_1523_reg_12255                |    8|   0|    8|          0|
    |add_ln700_30_reg_12105                  |    5|   0|    5|          0|
    |ap_ce_reg                               |    1|   0|    1|          0|
    |ap_return_int_reg                       |   10|   0|   10|          0|
    |p_Result_127_reg_12175                  |    1|   0|    1|          0|
    |p_Result_128_reg_12180                  |    1|   0|    1|          0|
    |p_Result_129_reg_12185                  |    1|   0|    1|          0|
    |p_Result_255_reg_12215                  |    1|   0|    1|          0|
    |p_Result_256_reg_12220                  |    1|   0|    1|          0|
    |p_Result_257_reg_12225                  |    1|   0|    1|          0|
    |p_Result_31_reg_12110                   |    1|   0|    1|          0|
    |p_Result_32_reg_12115                   |    1|   0|    1|          0|
    |p_Result_33_reg_12120                   |    1|   0|    1|          0|
    |p_Result_511_reg_12260                  |    1|   0|    1|          0|
    |p_Result_63_reg_12140                   |    1|   0|    1|          0|
    |p_Result_64_reg_12145                   |    1|   0|    1|          0|
    |p_Result_65_reg_12150                   |    1|   0|    1|          0|
    |x_V_int_reg                             |  512|   0|  512|          0|
    |add_ln700_1147_reg_12190                |   64|  32|    3|          0|
    |add_ln700_1155_reg_12195                |   64|  32|    4|          0|
    |add_ln700_1171_reg_12200                |   64|  32|    5|          0|
    |add_ln700_1203_reg_12205                |   64|  32|    6|          0|
    |add_ln700_1268_reg_12210                |   64|  32|    7|          0|
    |add_ln700_1274_reg_12230                |   64|  32|    3|          0|
    |add_ln700_1282_reg_12235                |   64|  32|    4|          0|
    |add_ln700_1298_reg_12240                |   64|  32|    5|          0|
    |add_ln700_1330_reg_12245                |   64|  32|    6|          0|
    |add_ln700_1394_reg_12250                |   64|  32|    7|          0|
    |add_ln700_1523_reg_12255                |   64|  32|    8|          0|
    |p_Result_127_reg_12175                  |   64|  32|    1|          0|
    |p_Result_128_reg_12180                  |   64|  32|    1|          0|
    |p_Result_129_reg_12185                  |   64|  32|    1|          0|
    |p_Result_255_reg_12215                  |   64|  32|    1|          0|
    |p_Result_256_reg_12220                  |   64|  32|    1|          0|
    |p_Result_257_reg_12225                  |   64|  32|    1|          0|
    |p_Result_511_reg_12260                  |   64|  32|    1|          0|
    +----------------------------------------+-----+----+-----+-----------+
    |Total                                   | 1839| 576|  752|          0|
    +----------------------------------------+-----+----+-----+-----------+



================================================================
== Interface
================================================================
* Summary: 
+-----------+-----+-----+------------+--------------+--------------+
| RTL Ports | Dir | Bits|  Protocol  | Source Object|    C Type    |
+-----------+-----+-----+------------+--------------+--------------+
|ap_clk     |  in |    1| ap_ctrl_hs |    popcnt    | return value |
|ap_rst     |  in |    1| ap_ctrl_hs |    popcnt    | return value |
|ap_return  | out |   10| ap_ctrl_hs |    popcnt    | return value |
|ap_ce      |  in |    1| ap_ctrl_hs |    popcnt    | return value |
|x_V        |  in |  512|   ap_none  |      x_V     |    scalar    |
+-----------+-----+-----+------------+--------------+--------------+

