

================================================================
== Vivado HLS Report for 'tancalc'
================================================================
* Date:           Thu Nov  7 02:46:57 2019

* Version:        2019.1 (Build 2552052 on Fri May 24 15:28:33 MDT 2019)
* Project:        tancoeff
* Solution:       tancoeff
* Product family: virtexuplus
* Target device:  xcvu9p-fsgd2104-2L-e


================================================================
== Performance Estimates
================================================================
+ Timing (ns): 
    * Summary: 
    +--------+-------+----------+------------+
    |  Clock | Target| Estimated| Uncertainty|
    +--------+-------+----------+------------+
    |ap_clk  |   3.33|     2.433|        0.90|
    +--------+-------+----------+------------+

+ Latency (clock cycles): 
    * Summary: 
    +-----+-----+-----+-----+---------+
    |  Latency  |  Interval | Pipeline|
    | min | max | min | max |   Type  |
    +-----+-----+-----+-----+---------+
    |  758|  758|  758|  758|   none  |
    +-----+-----+-----+-----+---------+

    + Detail: 
        * Instance: 
        +-----------------------+------------+-----+-----+-----+-----+----------+
        |                       |            |  Latency  |  Interval | Pipeline |
        |        Instance       |   Module   | min | max | min | max |   Type   |
        +-----------------------+------------+-----+-----+-----+-----+----------+
        |grp_popcntdata_fu_387  |popcntdata  |    1|    1|    1|    1| function |
        |grp_popcntdata_fu_392  |popcntdata  |    1|    1|    1|    1| function |
        |grp_popcntdata_fu_397  |popcntdata  |    1|    1|    1|    1| function |
        |grp_popcntdata_fu_402  |popcntdata  |    1|    1|    1|    1| function |
        |grp_popcntdata_fu_407  |popcntdata  |    1|    1|    1|    1| function |
        |grp_popcntdata_fu_412  |popcntdata  |    1|    1|    1|    1| function |
        |grp_popcntdata_fu_417  |popcntdata  |    1|    1|    1|    1| function |
        |grp_popcntdata_fu_422  |popcntdata  |    1|    1|    1|    1| function |
        |grp_popcnt_fu_427      |popcnt      |    1|    1|    1|    1| function |
        +-----------------------+------------+-----+-----+-----+-----+----------+

        * Loop: 
        +-------------------+-----+-----+----------+-----------+-----------+------+----------+
        |                   |  Latency  | Iteration|  Initiation Interval  | Trip |          |
        |     Loop Name     | min | max |  Latency |  achieved |   target  | Count| Pipelined|
        +-------------------+-----+-----+----------+-----------+-----------+------+----------+
        |- mainloop         |  752|  752|       188|          -|          -|     4|    no    |
        | + data_read_loop  |   35|   35|         5|          1|          1|    32|    yes   |
        | + subloop         |  141|  141|        16|          2|          1|    64|    yes   |
        +-------------------+-----+-----+----------+-----------+-----------+------+----------+



================================================================
== Utilization Estimates
================================================================
* Summary: 
+---------------------+---------+-------+---------+---------+-----+
|         Name        | BRAM_18K| DSP48E|    FF   |   LUT   | URAM|
+---------------------+---------+-------+---------+---------+-----+
|DSP                  |        -|      -|        -|        -|    -|
|Expression           |        -|      -|        0|    20511|    -|
|FIFO                 |        -|      -|        -|        -|    -|
|Instance             |       60|      -|     3657|    38791|    -|
|Memory               |        -|      -|        -|        -|    -|
|Multiplexer          |        -|      -|        -|      376|    -|
|Register             |        0|      -|    19415|       64|    -|
+---------------------+---------+-------+---------+---------+-----+
|Total                |       60|      0|    23072|    59742|    0|
+---------------------+---------+-------+---------+---------+-----+
|Available SLR        |     1440|   2280|   788160|   394080|  320|
+---------------------+---------+-------+---------+---------+-----+
|Utilization SLR (%)  |        4|      0|        2|       15|    0|
+---------------------+---------+-------+---------+---------+-----+
|Available            |     4320|   6840|  2364480|  1182240|  960|
+---------------------+---------+-------+---------+---------+-----+
|Utilization (%)      |        1|      0|    ~0   |        5|    0|
+---------------------+---------+-------+---------+---------+-----+

+ Detail: 
    * Instance: 
    +-------------------------+-----------------------+---------+-------+------+------+-----+
    |         Instance        |         Module        | BRAM_18K| DSP48E|  FF  |  LUT | URAM|
    +-------------------------+-----------------------+---------+-------+------+------+-----+
    |grp_popcnt_fu_427        |popcnt                 |        0|      0|    43|  2077|    0|
    |grp_popcntdata_fu_387    |popcntdata             |        0|      0|    76|  4156|    0|
    |grp_popcntdata_fu_392    |popcntdata             |        0|      0|    76|  4156|    0|
    |grp_popcntdata_fu_397    |popcntdata             |        0|      0|    76|  4156|    0|
    |grp_popcntdata_fu_402    |popcntdata             |        0|      0|    76|  4156|    0|
    |grp_popcntdata_fu_407    |popcntdata             |        0|      0|    76|  4156|    0|
    |grp_popcntdata_fu_412    |popcntdata             |        0|      0|    76|  4156|    0|
    |grp_popcntdata_fu_417    |popcntdata             |        0|      0|    76|  4156|    0|
    |grp_popcntdata_fu_422    |popcntdata             |        0|      0|    76|  4156|    0|
    |tancalc_control_s_axi_U  |tancalc_control_s_axi  |        0|      0|   176|   296|    0|
    |tancalc_gmem0_m_axi_U    |tancalc_gmem0_m_axi    |       30|      0|  1415|  1585|    0|
    |tancalc_gmem1_m_axi_U    |tancalc_gmem1_m_axi    |       30|      0|  1415|  1585|    0|
    +-------------------------+-----------------------+---------+-------+------+------+-----+
    |Total                    |                       |       60|      0|  3657| 38791|    0|
    +-------------------------+-----------------------+---------+-------+------+------+-----+

    * DSP48E: 
    N/A

    * Memory: 
    N/A

    * FIFO: 
    N/A

    * Expression: 
    +-----------------------------------+----------+-------+---+------+------------+------------+
    |           Variable Name           | Operation| DSP48E| FF|  LUT | Bitwidth P0| Bitwidth P1|
    +-----------------------------------+----------+-------+---+------+------------+------------+
    |add_ln1353_10_fu_1451_p2           |     +    |      0|  0|    12|          12|          12|
    |add_ln1353_11_fu_1481_p2           |     +    |      0|  0|    12|          12|          12|
    |add_ln1353_12_fu_1511_p2           |     +    |      0|  0|    12|          12|          12|
    |add_ln1353_13_fu_1541_p2           |     +    |      0|  0|    12|          12|          12|
    |add_ln1353_14_fu_1571_p2           |     +    |      0|  0|    12|          12|          12|
    |add_ln1353_15_fu_1601_p2           |     +    |      0|  0|    12|          12|          12|
    |add_ln1353_1_fu_1120_p2            |     +    |      0|  0|    12|          12|          12|
    |add_ln1353_2_fu_1139_p2            |     +    |      0|  0|    12|          12|          12|
    |add_ln1353_3_fu_1170_p2            |     +    |      0|  0|    12|          12|          12|
    |add_ln1353_4_fu_1201_p2            |     +    |      0|  0|    12|          12|          12|
    |add_ln1353_5_fu_1232_p2            |     +    |      0|  0|    12|          12|          12|
    |add_ln1353_6_fu_1263_p2            |     +    |      0|  0|    12|          12|          12|
    |add_ln1353_7_fu_1294_p2            |     +    |      0|  0|    12|          12|          12|
    |add_ln1353_8_fu_1391_p2            |     +    |      0|  0|    12|          12|          12|
    |add_ln1353_9_fu_1421_p2            |     +    |      0|  0|    12|          12|          12|
    |add_ln1353_fu_1101_p2              |     +    |      0|  0|    12|          12|          12|
    |add_ln219_1_fu_916_p2              |     +    |      0|  0|    59|          59|          59|
    |add_ln219_2_fu_940_p2              |     +    |      0|  0|    59|          59|          59|
    |add_ln219_fu_527_p2                |     +    |      0|  0|    59|          59|          59|
    |cmpr_chunk_num_fu_503_p2           |     +    |      0|  0|     4|           3|           1|
    |data_num_fu_900_p2                 |     +    |      0|  0|     7|           7|           1|
    |data_part_num_fu_548_p2            |     +    |      0|  0|     6|           6|           1|
    |sub_ln1354_10_fu_1463_p2           |     -    |      0|  0|    13|          13|          13|
    |sub_ln1354_11_fu_1493_p2           |     -    |      0|  0|    13|          13|          13|
    |sub_ln1354_12_fu_1523_p2           |     -    |      0|  0|    13|          13|          13|
    |sub_ln1354_13_fu_1553_p2           |     -    |      0|  0|    13|          13|          13|
    |sub_ln1354_14_fu_1583_p2           |     -    |      0|  0|    13|          13|          13|
    |sub_ln1354_15_fu_1613_p2           |     -    |      0|  0|    13|          13|          13|
    |sub_ln1354_1_fu_1133_p2            |     -    |      0|  0|    13|          13|          13|
    |sub_ln1354_2_fu_1152_p2            |     -    |      0|  0|    13|          13|          13|
    |sub_ln1354_3_fu_1183_p2            |     -    |      0|  0|    13|          13|          13|
    |sub_ln1354_4_fu_1214_p2            |     -    |      0|  0|    13|          13|          13|
    |sub_ln1354_5_fu_1245_p2            |     -    |      0|  0|    13|          13|          13|
    |sub_ln1354_6_fu_1276_p2            |     -    |      0|  0|    13|          13|          13|
    |sub_ln1354_7_fu_1307_p2            |     -    |      0|  0|    13|          13|          13|
    |sub_ln1354_8_fu_1403_p2            |     -    |      0|  0|    13|          13|          13|
    |sub_ln1354_9_fu_1433_p2            |     -    |      0|  0|    13|          13|          13|
    |sub_ln1354_fu_1114_p2              |     -    |      0|  0|    13|          13|          13|
    |and_ln1355_10_fu_1068_p2           |    and   |      0|  0|  1023|        1024|        1024|
    |and_ln1355_11_fu_1073_p2           |    and   |      0|  0|  1023|        1024|        1024|
    |and_ln1355_12_fu_1078_p2           |    and   |      0|  0|  1023|        1024|        1024|
    |and_ln1355_13_fu_1083_p2           |    and   |      0|  0|  1023|        1024|        1024|
    |and_ln1355_14_fu_1088_p2           |    and   |      0|  0|  1023|        1024|        1024|
    |and_ln1355_15_fu_1093_p2           |    and   |      0|  0|  1023|        1024|        1024|
    |and_ln1355_1_fu_992_p2             |    and   |      0|  0|  1023|        1024|        1024|
    |and_ln1355_2_fu_998_p2             |    and   |      0|  0|  1023|        1024|        1024|
    |and_ln1355_3_fu_1004_p2            |    and   |      0|  0|  1023|        1024|        1024|
    |and_ln1355_4_fu_1010_p2            |    and   |      0|  0|  1023|        1024|        1024|
    |and_ln1355_5_fu_1016_p2            |    and   |      0|  0|  1023|        1024|        1024|
    |and_ln1355_6_fu_1022_p2            |    and   |      0|  0|  1023|        1024|        1024|
    |and_ln1355_7_fu_1028_p2            |    and   |      0|  0|  1023|        1024|        1024|
    |and_ln1355_8_fu_1058_p2            |    and   |      0|  0|  1023|        1024|        1024|
    |and_ln1355_9_fu_1063_p2            |    and   |      0|  0|  1023|        1024|        1024|
    |and_ln1355_fu_986_p2               |    and   |      0|  0|  1023|        1024|        1024|
    |ap_block_pp0_stage0_11001          |    and   |      0|  0|     2|           1|           1|
    |ap_block_pp1_stage1_01001          |    and   |      0|  0|     2|           1|           1|
    |ap_block_state18_io                |    and   |      0|  0|     2|           1|           1|
    |ap_block_state25_pp1_stage0_iter4  |    and   |      0|  0|     2|           1|           1|
    |ap_block_state26_pp1_stage1_iter4  |    and   |      0|  0|     2|           1|           1|
    |ap_block_state32_io                |    and   |      0|  0|     2|           1|           1|
    |ap_condition_992                   |    and   |      0|  0|     2|           1|           1|
    |ap_condition_994                   |    and   |      0|  0|     2|           1|           1|
    |p_Result_s_fu_688_p2               |    and   |      0|  0|  1023|        1024|        1024|
    |icmp_ln134_fu_894_p2               |   icmp   |      0|  0|    11|           7|           8|
    |icmp_ln27_fu_542_p2                |   icmp   |      0|  0|    11|           6|           7|
    |icmp_ln54_10_fu_1529_p2            |   icmp   |      0|  0|    13|          13|          13|
    |icmp_ln54_11_fu_1559_p2            |   icmp   |      0|  0|    13|          13|          13|
    |icmp_ln54_12_fu_1589_p2            |   icmp   |      0|  0|    13|          13|          13|
    |icmp_ln54_13_fu_1325_p2            |   icmp   |      0|  0|    13|          13|          13|
    |icmp_ln54_14_fu_1337_p2            |   icmp   |      0|  0|    13|          13|          13|
    |icmp_ln54_1_fu_1189_p2             |   icmp   |      0|  0|    13|          13|          13|
    |icmp_ln54_2_fu_1220_p2             |   icmp   |      0|  0|    13|          13|          13|
    |icmp_ln54_3_fu_1251_p2             |   icmp   |      0|  0|    13|          13|          13|
    |icmp_ln54_4_fu_1282_p2             |   icmp   |      0|  0|    13|          13|          13|
    |icmp_ln54_5_fu_1313_p2             |   icmp   |      0|  0|    13|          13|          13|
    |icmp_ln54_6_fu_1409_p2             |   icmp   |      0|  0|    13|          13|          13|
    |icmp_ln54_7_fu_1439_p2             |   icmp   |      0|  0|    13|          13|          13|
    |icmp_ln54_8_fu_1469_p2             |   icmp   |      0|  0|    13|          13|          13|
    |icmp_ln54_9_fu_1499_p2             |   icmp   |      0|  0|    13|          13|          13|
    |icmp_ln54_fu_1158_p2               |   icmp   |      0|  0|    13|          13|          13|
    |icmp_ln66_fu_1619_p2               |   icmp   |      0|  0|    13|          13|          13|
    |icmp_ln92_fu_497_p2                |   icmp   |      0|  0|     9|           3|           4|
    |lshr_ln647_fu_682_p2               |   lshr   |      0|  0|  2171|           2|        1024|
    |ap_block_pp1_stage0_11001          |    or    |      0|  0|     2|           1|           1|
    |ap_block_pp1_stage1_11001          |    or    |      0|  0|     2|           1|           1|
    |num_hi_fu_575_p2                   |    or    |      0|  0|    10|          10|           9|
    |or_ln32_fu_931_p2                  |    or    |      0|  0|     7|           7|           1|
    |or_ln66_10_fu_1649_p2              |    or    |      0|  0|     2|           1|           1|
    |or_ln66_11_fu_1655_p2              |    or    |      0|  0|     2|           1|           1|
    |or_ln66_12_fu_1661_p2              |    or    |      0|  0|     2|           1|           1|
    |or_ln66_13_fu_1667_p2              |    or    |      0|  0|     2|           1|           1|
    |or_ln66_14_fu_1673_p2              |    or    |      0|  0|     2|           1|           1|
    |or_ln66_1_fu_1355_p2               |    or    |      0|  0|     2|           1|           1|
    |or_ln66_2_fu_1361_p2               |    or    |      0|  0|     2|           1|           1|
    |or_ln66_3_fu_1367_p2               |    or    |      0|  0|     2|           1|           1|
    |or_ln66_4_fu_1373_p2               |    or    |      0|  0|     2|           1|           1|
    |or_ln66_5_fu_1379_p2               |    or    |      0|  0|     2|           1|           1|
    |or_ln66_6_fu_1385_p2               |    or    |      0|  0|     2|           1|           1|
    |or_ln66_7_fu_1631_p2               |    or    |      0|  0|     2|           1|           1|
    |or_ln66_8_fu_1637_p2               |    or    |      0|  0|     2|           1|           1|
    |or_ln66_9_fu_1643_p2               |    or    |      0|  0|     2|           1|           1|
    |or_ln66_fu_1349_p2                 |    or    |      0|  0|     2|           1|           1|
    |ap_enable_pp0                      |    xor   |      0|  0|     2|           1|           2|
    |ap_enable_pp1                      |    xor   |      0|  0|     2|           1|           2|
    |ap_enable_reg_pp0_iter1            |    xor   |      0|  0|     2|           2|           1|
    |xor_ln54_10_fu_1535_p2             |    xor   |      0|  0|     2|           1|           2|
    |xor_ln54_11_fu_1565_p2             |    xor   |      0|  0|     2|           1|           2|
    |xor_ln54_12_fu_1595_p2             |    xor   |      0|  0|     2|           1|           2|
    |xor_ln54_13_fu_1331_p2             |    xor   |      0|  0|     2|           1|           2|
    |xor_ln54_14_fu_1343_p2             |    xor   |      0|  0|     2|           1|           2|
    |xor_ln54_1_fu_1195_p2              |    xor   |      0|  0|     2|           1|           2|
    |xor_ln54_2_fu_1226_p2              |    xor   |      0|  0|     2|           1|           2|
    |xor_ln54_3_fu_1257_p2              |    xor   |      0|  0|     2|           1|           2|
    |xor_ln54_4_fu_1288_p2              |    xor   |      0|  0|     2|           1|           2|
    |xor_ln54_5_fu_1319_p2              |    xor   |      0|  0|     2|           1|           2|
    |xor_ln54_6_fu_1415_p2              |    xor   |      0|  0|     2|           1|           2|
    |xor_ln54_7_fu_1445_p2              |    xor   |      0|  0|     2|           1|           2|
    |xor_ln54_8_fu_1475_p2              |    xor   |      0|  0|     2|           1|           2|
    |xor_ln54_9_fu_1505_p2              |    xor   |      0|  0|     2|           1|           2|
    |xor_ln54_fu_1164_p2                |    xor   |      0|  0|     2|           1|           2|
    |xor_ln647_fu_672_p2                |    xor   |      0|  0|    11|          11|          10|
    |xor_ln66_fu_1625_p2                |    xor   |      0|  0|     2|           1|           2|
    +-----------------------------------+----------+-------+---+------+------------+------------+
    |Total                              |          |      0|  0| 20511|       18300|       19321|
    +-----------------------------------+----------+-------+---+------+------------+------------+

    * Multiplexer: 
    +------------------------------------------+----+-----------+------+-----------+
    |                   Name                   | LUT| Input Size| Bits | Total Bits|
    +------------------------------------------+----+-----------+------+-----------+
    |ap_NS_fsm                                 |  97|         20|     1|         20|
    |ap_enable_reg_pp0_iter1                   |   9|          2|     1|          2|
    |ap_enable_reg_pp0_iter4                   |   9|          2|     1|          2|
    |ap_enable_reg_pp1_iter7                   |   9|          2|     1|          2|
    |ap_phi_mux_data_num_assign_phi_fu_380_p4  |   9|          2|     7|         14|
    |cmpr_chunk_num_assign_reg_354             |   9|          2|     3|          6|
    |data_num_assign_reg_376                   |   9|          2|     7|         14|
    |data_part_num_0_i24_reg_365               |   9|          2|     6|         12|
    |gmem0_ARADDR                              |  21|          4|    64|        256|
    |gmem0_ARLEN                               |  15|          3|    32|         96|
    |gmem0_blk_n_AR                            |   9|          2|     1|          2|
    |gmem0_blk_n_R                             |   9|          2|     1|          2|
    |gmem1_blk_n_AW                            |   9|          2|     1|          2|
    |gmem1_blk_n_B                             |   9|          2|     1|          2|
    |gmem1_blk_n_W                             |   9|          2|     1|          2|
    |grp_popcnt_fu_427_x_V                     |  15|          3|   512|       1536|
    |grp_popcntdata_fu_387_x_V                 |  15|          3|  1024|       3072|
    |grp_popcntdata_fu_392_x_V                 |  15|          3|  1024|       3072|
    |grp_popcntdata_fu_397_x_V                 |  15|          3|  1024|       3072|
    |grp_popcntdata_fu_402_x_V                 |  15|          3|  1024|       3072|
    |grp_popcntdata_fu_407_x_V                 |  15|          3|  1024|       3072|
    |grp_popcntdata_fu_412_x_V                 |  15|          3|  1024|       3072|
    |grp_popcntdata_fu_417_x_V                 |  15|          3|  1024|       3072|
    |grp_popcntdata_fu_422_x_V                 |  15|          3|  1024|       3072|
    +------------------------------------------+----+-----------+------+-----------+
    |Total                                     | 376|         78|  8832|      26546|
    +------------------------------------------+----+-----------+------+-----------+

    * Register: 
    +-----------------------------------+-----+----+------+-----------+
    |                Name               |  FF | LUT| Bits | Const Bits|
    +-----------------------------------+-----+----+------+-----------+
    |add_ln219_1_reg_2038               |   59|   0|    59|          0|
    |add_ln219_2_reg_2049               |   59|   0|    59|          0|
    |add_ln219_reg_1905                 |   59|   0|    59|          0|
    |and_ln1355_10_reg_2133             |  512|   0|  1024|        512|
    |and_ln1355_11_reg_2138             |  512|   0|  1024|        512|
    |and_ln1355_12_reg_2143             |  512|   0|  1024|        512|
    |and_ln1355_13_reg_2148             |  512|   0|  1024|        512|
    |and_ln1355_14_reg_2153             |  512|   0|  1024|        512|
    |and_ln1355_15_reg_2158             |  512|   0|  1024|        512|
    |and_ln1355_1_reg_2083              |  512|   0|  1024|        512|
    |and_ln1355_2_reg_2088              |  512|   0|  1024|        512|
    |and_ln1355_3_reg_2093              |  512|   0|  1024|        512|
    |and_ln1355_4_reg_2098              |  512|   0|  1024|        512|
    |and_ln1355_5_reg_2103              |  512|   0|  1024|        512|
    |and_ln1355_6_reg_2108              |  512|   0|  1024|        512|
    |and_ln1355_7_reg_2113              |  512|   0|  1024|        512|
    |and_ln1355_8_reg_2123              |  512|   0|  1024|        512|
    |and_ln1355_9_reg_2128              |  512|   0|  1024|        512|
    |and_ln1355_reg_2078                |  512|   0|  1024|        512|
    |ap_CS_fsm                          |   19|   0|    19|          0|
    |ap_enable_reg_pp0_iter0            |    1|   0|     1|          0|
    |ap_enable_reg_pp0_iter1            |    1|   0|     1|          0|
    |ap_enable_reg_pp0_iter2            |    1|   0|     1|          0|
    |ap_enable_reg_pp0_iter3            |    1|   0|     1|          0|
    |ap_enable_reg_pp0_iter4            |    1|   0|     1|          0|
    |ap_enable_reg_pp1_iter0            |    1|   0|     1|          0|
    |ap_enable_reg_pp1_iter1            |    1|   0|     1|          0|
    |ap_enable_reg_pp1_iter2            |    1|   0|     1|          0|
    |ap_enable_reg_pp1_iter3            |    1|   0|     1|          0|
    |ap_enable_reg_pp1_iter4            |    1|   0|     1|          0|
    |ap_enable_reg_pp1_iter5            |    1|   0|     1|          0|
    |ap_enable_reg_pp1_iter6            |    1|   0|     1|          0|
    |ap_enable_reg_pp1_iter7            |    1|   0|     1|          0|
    |ap_rst_n_inv                       |    1|   0|     1|          0|
    |ap_rst_reg_1                       |    1|   0|     1|          0|
    |ap_rst_reg_2                       |    1|   0|     1|          0|
    |cmpr_chunk_num_assign_reg_354      |    3|   0|     3|          0|
    |cmpr_chunk_num_reg_1900            |    3|   0|     3|          0|
    |cmpr_local_15_V_10_fu_202          |  512|   0|  1024|        512|
    |cmpr_local_15_V_11_fu_206          |  512|   0|  1024|        512|
    |cmpr_local_15_V_12_fu_210          |  512|   0|  1024|        512|
    |cmpr_local_15_V_13_fu_214          |  512|   0|  1024|        512|
    |cmpr_local_15_V_14_fu_218          |  512|   0|  1024|        512|
    |cmpr_local_15_V_15_fu_222          |  512|   0|  1024|        512|
    |cmpr_local_15_V_1_fu_166           |  512|   0|  1024|        512|
    |cmpr_local_15_V_2_fu_170           |  512|   0|  1024|        512|
    |cmpr_local_15_V_3_fu_174           |  512|   0|  1024|        512|
    |cmpr_local_15_V_4_fu_178           |  512|   0|  1024|        512|
    |cmpr_local_15_V_5_fu_182           |  512|   0|  1024|        512|
    |cmpr_local_15_V_6_fu_186           |  512|   0|  1024|        512|
    |cmpr_local_15_V_7_fu_190           |  512|   0|  1024|        512|
    |cmpr_local_15_V_8_fu_194           |  512|   0|  1024|        512|
    |cmpr_local_15_V_9_fu_198           |  512|   0|  1024|        512|
    |cmpr_local_15_V_fu_162             |  512|   0|  1024|        512|
    |cmprpop_local_15_V_10_fu_266       |   10|   0|    11|          1|
    |cmprpop_local_15_V_11_fu_270       |   10|   0|    11|          1|
    |cmprpop_local_15_V_12_fu_274       |   10|   0|    11|          1|
    |cmprpop_local_15_V_13_fu_278       |   10|   0|    11|          1|
    |cmprpop_local_15_V_14_fu_282       |   10|   0|    11|          1|
    |cmprpop_local_15_V_15_fu_286       |   10|   0|    11|          1|
    |cmprpop_local_15_V_1_fu_230        |   10|   0|    11|          1|
    |cmprpop_local_15_V_2_fu_234        |   10|   0|    11|          1|
    |cmprpop_local_15_V_3_fu_238        |   10|   0|    11|          1|
    |cmprpop_local_15_V_4_fu_242        |   10|   0|    11|          1|
    |cmprpop_local_15_V_5_fu_246        |   10|   0|    11|          1|
    |cmprpop_local_15_V_6_fu_250        |   10|   0|    11|          1|
    |cmprpop_local_15_V_7_fu_254        |   10|   0|    11|          1|
    |cmprpop_local_15_V_8_fu_258        |   10|   0|    11|          1|
    |cmprpop_local_15_V_9_fu_262        |   10|   0|    11|          1|
    |cmprpop_local_15_V_fu_226          |   10|   0|    11|          1|
    |data_num_assign_reg_376            |    7|   0|     7|          0|
    |data_num_reg_2028                  |    7|   0|     7|          0|
    |data_part_num_0_i24_reg_365        |    6|   0|     6|          0|
    |gmem0_addr_2_read_reg_2060         |  512|   0|   512|          0|
    |icmp_ln134_reg_2024                |    1|   0|     1|          0|
    |or_ln66_14_reg_2180                |    1|   0|     1|          0|
    |or_ln66_6_reg_2175                 |    1|   0|     1|          0|
    |output_V3_reg_1874                 |   58|   0|    58|          0|
    |p_cast_reg_1890                    |   58|   0|    59|          1|
    |ref_local_0_V_reg_2066             |  512|   0|  1024|        512|
    |refpop_local_0_V_reg_2118          |   10|   0|    10|          0|
    |reg_432                            |   11|   0|    11|          0|
    |reg_436                            |   11|   0|    11|          0|
    |reg_440                            |   11|   0|    11|          0|
    |reg_444                            |   11|   0|    11|          0|
    |reg_448                            |   11|   0|    11|          0|
    |reg_452                            |   11|   0|    11|          0|
    |reg_456                            |   11|   0|    11|          0|
    |reg_460                            |   11|   0|    11|          0|
    |shl_ln137_reg_2033                 |    6|   0|     7|          1|
    |temp_input_V_reg_1934              |  512|   0|   512|          0|
    |tmp_3_reg_1879                     |   58|   0|    58|          0|
    |trunc_ln29_1_reg_1925              |    4|   0|     4|          0|
    |trunc_ln30_reg_1929                |    1|   0|     1|          0|
    |trunc_ln30_reg_1929_pp0_iter1_reg  |    1|   0|     1|          0|
    |trunc_ln364_reg_1939               |  512|   0|   512|          0|
    |zext_ln215_10_reg_1959             |   10|   0|    12|          2|
    |zext_ln215_13_reg_1964             |   10|   0|    12|          2|
    |zext_ln215_16_reg_1969             |   10|   0|    12|          2|
    |zext_ln215_19_reg_1974             |   10|   0|    12|          2|
    |zext_ln215_1_reg_1944              |   10|   0|    12|          2|
    |zext_ln215_22_reg_1979             |   10|   0|    12|          2|
    |zext_ln215_25_reg_1984             |   10|   0|    12|          2|
    |zext_ln215_28_reg_1989             |   10|   0|    12|          2|
    |zext_ln215_31_reg_1994             |   10|   0|    12|          2|
    |zext_ln215_34_reg_1999             |   10|   0|    12|          2|
    |zext_ln215_37_reg_2004             |   10|   0|    12|          2|
    |zext_ln215_40_reg_2009             |   10|   0|    12|          2|
    |zext_ln215_43_reg_2014             |   10|   0|    12|          2|
    |zext_ln215_46_reg_2019             |   10|   0|    12|          2|
    |zext_ln215_4_reg_1949              |   10|   0|    12|          2|
    |zext_ln215_7_reg_1954              |   10|   0|    12|          2|
    |zext_ln215_reg_2163                |   10|   0|    12|          2|
    |icmp_ln134_reg_2024                |   64|  32|     1|          0|
    |trunc_ln29_1_reg_1925              |   64|  32|     4|          0|
    +-----------------------------------+-----+----+------+-----------+
    |Total                              |19415|  64| 36240|      16948|
    +-----------------------------------+-----+----+------+-----------+



================================================================
== Interface
================================================================
* Summary: 
+-----------------------+-----+-----+------------+--------------+--------------+
|       RTL Ports       | Dir | Bits|  Protocol  | Source Object|    C Type    |
+-----------------------+-----+-----+------------+--------------+--------------+
|s_axi_control_AWVALID  |  in |    1|    s_axi   |    control   |    scalar    |
|s_axi_control_AWREADY  | out |    1|    s_axi   |    control   |    scalar    |
|s_axi_control_AWADDR   |  in |    6|    s_axi   |    control   |    scalar    |
|s_axi_control_WVALID   |  in |    1|    s_axi   |    control   |    scalar    |
|s_axi_control_WREADY   | out |    1|    s_axi   |    control   |    scalar    |
|s_axi_control_WDATA    |  in |   32|    s_axi   |    control   |    scalar    |
|s_axi_control_WSTRB    |  in |    4|    s_axi   |    control   |    scalar    |
|s_axi_control_ARVALID  |  in |    1|    s_axi   |    control   |    scalar    |
|s_axi_control_ARREADY  | out |    1|    s_axi   |    control   |    scalar    |
|s_axi_control_ARADDR   |  in |    6|    s_axi   |    control   |    scalar    |
|s_axi_control_RVALID   | out |    1|    s_axi   |    control   |    scalar    |
|s_axi_control_RREADY   |  in |    1|    s_axi   |    control   |    scalar    |
|s_axi_control_RDATA    | out |   32|    s_axi   |    control   |    scalar    |
|s_axi_control_RRESP    | out |    2|    s_axi   |    control   |    scalar    |
|s_axi_control_BVALID   | out |    1|    s_axi   |    control   |    scalar    |
|s_axi_control_BREADY   |  in |    1|    s_axi   |    control   |    scalar    |
|s_axi_control_BRESP    | out |    2|    s_axi   |    control   |    scalar    |
|ap_clk                 |  in |    1| ap_ctrl_hs |    tancalc   | return value |
|ap_rst_n               |  in |    1| ap_ctrl_hs |    tancalc   | return value |
|interrupt              | out |    1| ap_ctrl_hs |    tancalc   | return value |
|m_axi_gmem0_AWVALID    | out |    1|    m_axi   |     gmem0    |    pointer   |
|m_axi_gmem0_AWREADY    |  in |    1|    m_axi   |     gmem0    |    pointer   |
|m_axi_gmem0_AWADDR     | out |   64|    m_axi   |     gmem0    |    pointer   |
|m_axi_gmem0_AWID       | out |    1|    m_axi   |     gmem0    |    pointer   |
|m_axi_gmem0_AWLEN      | out |    8|    m_axi   |     gmem0    |    pointer   |
|m_axi_gmem0_AWSIZE     | out |    3|    m_axi   |     gmem0    |    pointer   |
|m_axi_gmem0_AWBURST    | out |    2|    m_axi   |     gmem0    |    pointer   |
|m_axi_gmem0_AWLOCK     | out |    2|    m_axi   |     gmem0    |    pointer   |
|m_axi_gmem0_AWCACHE    | out |    4|    m_axi   |     gmem0    |    pointer   |
|m_axi_gmem0_AWPROT     | out |    3|    m_axi   |     gmem0    |    pointer   |
|m_axi_gmem0_AWQOS      | out |    4|    m_axi   |     gmem0    |    pointer   |
|m_axi_gmem0_AWREGION   | out |    4|    m_axi   |     gmem0    |    pointer   |
|m_axi_gmem0_AWUSER     | out |    1|    m_axi   |     gmem0    |    pointer   |
|m_axi_gmem0_WVALID     | out |    1|    m_axi   |     gmem0    |    pointer   |
|m_axi_gmem0_WREADY     |  in |    1|    m_axi   |     gmem0    |    pointer   |
|m_axi_gmem0_WDATA      | out |  512|    m_axi   |     gmem0    |    pointer   |
|m_axi_gmem0_WSTRB      | out |   64|    m_axi   |     gmem0    |    pointer   |
|m_axi_gmem0_WLAST      | out |    1|    m_axi   |     gmem0    |    pointer   |
|m_axi_gmem0_WID        | out |    1|    m_axi   |     gmem0    |    pointer   |
|m_axi_gmem0_WUSER      | out |    1|    m_axi   |     gmem0    |    pointer   |
|m_axi_gmem0_ARVALID    | out |    1|    m_axi   |     gmem0    |    pointer   |
|m_axi_gmem0_ARREADY    |  in |    1|    m_axi   |     gmem0    |    pointer   |
|m_axi_gmem0_ARADDR     | out |   64|    m_axi   |     gmem0    |    pointer   |
|m_axi_gmem0_ARID       | out |    1|    m_axi   |     gmem0    |    pointer   |
|m_axi_gmem0_ARLEN      | out |    8|    m_axi   |     gmem0    |    pointer   |
|m_axi_gmem0_ARSIZE     | out |    3|    m_axi   |     gmem0    |    pointer   |
|m_axi_gmem0_ARBURST    | out |    2|    m_axi   |     gmem0    |    pointer   |
|m_axi_gmem0_ARLOCK     | out |    2|    m_axi   |     gmem0    |    pointer   |
|m_axi_gmem0_ARCACHE    | out |    4|    m_axi   |     gmem0    |    pointer   |
|m_axi_gmem0_ARPROT     | out |    3|    m_axi   |     gmem0    |    pointer   |
|m_axi_gmem0_ARQOS      | out |    4|    m_axi   |     gmem0    |    pointer   |
|m_axi_gmem0_ARREGION   | out |    4|    m_axi   |     gmem0    |    pointer   |
|m_axi_gmem0_ARUSER     | out |    1|    m_axi   |     gmem0    |    pointer   |
|m_axi_gmem0_RVALID     |  in |    1|    m_axi   |     gmem0    |    pointer   |
|m_axi_gmem0_RREADY     | out |    1|    m_axi   |     gmem0    |    pointer   |
|m_axi_gmem0_RDATA      |  in |  512|    m_axi   |     gmem0    |    pointer   |
|m_axi_gmem0_RLAST      |  in |    1|    m_axi   |     gmem0    |    pointer   |
|m_axi_gmem0_RID        |  in |    1|    m_axi   |     gmem0    |    pointer   |
|m_axi_gmem0_RUSER      |  in |    1|    m_axi   |     gmem0    |    pointer   |
|m_axi_gmem0_RRESP      |  in |    2|    m_axi   |     gmem0    |    pointer   |
|m_axi_gmem0_BVALID     |  in |    1|    m_axi   |     gmem0    |    pointer   |
|m_axi_gmem0_BREADY     | out |    1|    m_axi   |     gmem0    |    pointer   |
|m_axi_gmem0_BRESP      |  in |    2|    m_axi   |     gmem0    |    pointer   |
|m_axi_gmem0_BID        |  in |    1|    m_axi   |     gmem0    |    pointer   |
|m_axi_gmem0_BUSER      |  in |    1|    m_axi   |     gmem0    |    pointer   |
|m_axi_gmem1_AWVALID    | out |    1|    m_axi   |     gmem1    |    pointer   |
|m_axi_gmem1_AWREADY    |  in |    1|    m_axi   |     gmem1    |    pointer   |
|m_axi_gmem1_AWADDR     | out |   64|    m_axi   |     gmem1    |    pointer   |
|m_axi_gmem1_AWID       | out |    1|    m_axi   |     gmem1    |    pointer   |
|m_axi_gmem1_AWLEN      | out |    8|    m_axi   |     gmem1    |    pointer   |
|m_axi_gmem1_AWSIZE     | out |    3|    m_axi   |     gmem1    |    pointer   |
|m_axi_gmem1_AWBURST    | out |    2|    m_axi   |     gmem1    |    pointer   |
|m_axi_gmem1_AWLOCK     | out |    2|    m_axi   |     gmem1    |    pointer   |
|m_axi_gmem1_AWCACHE    | out |    4|    m_axi   |     gmem1    |    pointer   |
|m_axi_gmem1_AWPROT     | out |    3|    m_axi   |     gmem1    |    pointer   |
|m_axi_gmem1_AWQOS      | out |    4|    m_axi   |     gmem1    |    pointer   |
|m_axi_gmem1_AWREGION   | out |    4|    m_axi   |     gmem1    |    pointer   |
|m_axi_gmem1_AWUSER     | out |    1|    m_axi   |     gmem1    |    pointer   |
|m_axi_gmem1_WVALID     | out |    1|    m_axi   |     gmem1    |    pointer   |
|m_axi_gmem1_WREADY     |  in |    1|    m_axi   |     gmem1    |    pointer   |
|m_axi_gmem1_WDATA      | out |  512|    m_axi   |     gmem1    |    pointer   |
|m_axi_gmem1_WSTRB      | out |   64|    m_axi   |     gmem1    |    pointer   |
|m_axi_gmem1_WLAST      | out |    1|    m_axi   |     gmem1    |    pointer   |
|m_axi_gmem1_WID        | out |    1|    m_axi   |     gmem1    |    pointer   |
|m_axi_gmem1_WUSER      | out |    1|    m_axi   |     gmem1    |    pointer   |
|m_axi_gmem1_ARVALID    | out |    1|    m_axi   |     gmem1    |    pointer   |
|m_axi_gmem1_ARREADY    |  in |    1|    m_axi   |     gmem1    |    pointer   |
|m_axi_gmem1_ARADDR     | out |   64|    m_axi   |     gmem1    |    pointer   |
|m_axi_gmem1_ARID       | out |    1|    m_axi   |     gmem1    |    pointer   |
|m_axi_gmem1_ARLEN      | out |    8|    m_axi   |     gmem1    |    pointer   |
|m_axi_gmem1_ARSIZE     | out |    3|    m_axi   |     gmem1    |    pointer   |
|m_axi_gmem1_ARBURST    | out |    2|    m_axi   |     gmem1    |    pointer   |
|m_axi_gmem1_ARLOCK     | out |    2|    m_axi   |     gmem1    |    pointer   |
|m_axi_gmem1_ARCACHE    | out |    4|    m_axi   |     gmem1    |    pointer   |
|m_axi_gmem1_ARPROT     | out |    3|    m_axi   |     gmem1    |    pointer   |
|m_axi_gmem1_ARQOS      | out |    4|    m_axi   |     gmem1    |    pointer   |
|m_axi_gmem1_ARREGION   | out |    4|    m_axi   |     gmem1    |    pointer   |
|m_axi_gmem1_ARUSER     | out |    1|    m_axi   |     gmem1    |    pointer   |
|m_axi_gmem1_RVALID     |  in |    1|    m_axi   |     gmem1    |    pointer   |
|m_axi_gmem1_RREADY     | out |    1|    m_axi   |     gmem1    |    pointer   |
|m_axi_gmem1_RDATA      |  in |  512|    m_axi   |     gmem1    |    pointer   |
|m_axi_gmem1_RLAST      |  in |    1|    m_axi   |     gmem1    |    pointer   |
|m_axi_gmem1_RID        |  in |    1|    m_axi   |     gmem1    |    pointer   |
|m_axi_gmem1_RUSER      |  in |    1|    m_axi   |     gmem1    |    pointer   |
|m_axi_gmem1_RRESP      |  in |    2|    m_axi   |     gmem1    |    pointer   |
|m_axi_gmem1_BVALID     |  in |    1|    m_axi   |     gmem1    |    pointer   |
|m_axi_gmem1_BREADY     | out |    1|    m_axi   |     gmem1    |    pointer   |
|m_axi_gmem1_BRESP      |  in |    2|    m_axi   |     gmem1    |    pointer   |
|m_axi_gmem1_BID        |  in |    1|    m_axi   |     gmem1    |    pointer   |
|m_axi_gmem1_BUSER      |  in |    1|    m_axi   |     gmem1    |    pointer   |
+-----------------------+-----+-----+------------+--------------+--------------+

