

================================================================
== Vivado HLS Report for 'tancalc'
================================================================
* Date:           Sat Oct 12 18:57:20 2019

* Version:        2019.1 (Build 2552052 on Fri May 24 15:28:33 MDT 2019)
* Project:        tancoeff
* Solution:       tancoeff
* Product family: virtexuplus
* Target device:  xcvu9p-fsgd2104-2L-e


================================================================
== Performance Estimates
================================================================
+ Timing (ns): 
    * Summary: 
    +--------+-------+----------+------------+
    |  Clock | Target| Estimated| Uncertainty|
    +--------+-------+----------+------------+
    |ap_clk  |   3.33|     2.433|        0.90|
    +--------+-------+----------+------------+

+ Latency (clock cycles): 
    * Summary: 
    +-------------+-------------+-------------+-------------+---------+
    |          Latency          |          Interval         | Pipeline|
    |     min     |     max     |     min     |     max     |   Type  |
    +-------------+-------------+-------------+-------------+---------+
    |  57179127815|  57179127815|  57179127815|  57179127815|   none  |
    +-------------+-------------+-------------+-------------+---------+

    + Detail: 
        * Instance: 
        +-------------------------+-------------+-----+-----+-----+-----+---------+
        |                         |             |  Latency  |  Interval | Pipeline|
        |         Instance        |    Module   | min | max | min | max |   Type  |
        +-------------------------+-------------+-----+-----+-----+-----+---------+
        |grp_calculation_fu_1412  |calculation  |   68|   68|   68|   68|   none  |
        |grp_data_read_fu_1737    |data_read    |  142|  142|  142|  142|   none  |
        |grp_data_read_1_fu_1874  |data_read_1  |  142|  142|  142|  142|   none  |
        +-------------------------+-------------+-----+-----+-----+-----+---------+

        * Loop: 
        +---------------------+-------------+-------------+----------+-----------+-----------+-------+----------+
        |                     |          Latency          | Iteration|  Initiation Interval  |  Trip |          |
        |      Loop Name      |     min     |     max     |  Latency |  achieved |   target  | Count | Pipelined|
        +---------------------+-------------+-------------+----------+-----------+-----------+-------+----------+
        |- mainloop           |  57179127808|  57179127808|   3489937|          -|          -|  16384|    no    |
        | + calculation_loop  |      3489792|      3489792|       213|          -|          -|  16384|    no    |
        +---------------------+-------------+-------------+----------+-----------+-----------+-------+----------+



================================================================
== Utilization Estimates
================================================================
* Summary: 
+---------------------+---------+-------+---------+---------+-----+
|         Name        | BRAM_18K| DSP48E|    FF   |   LUT   | URAM|
+---------------------+---------+-------+---------+---------+-----+
|DSP                  |        -|      -|        -|        -|    -|
|Expression           |        -|      -|        0|       44|    -|
|FIFO                 |        -|      -|        -|        -|    -|
|Instance             |       30|      -|   342360|   289361|    -|
|Memory               |        -|      -|        -|        -|    -|
|Multiplexer          |        -|      -|        -|      305|    -|
|Register             |        -|      -|   266213|        -|    -|
+---------------------+---------+-------+---------+---------+-----+
|Total                |       30|      0|   608573|   289710|    0|
+---------------------+---------+-------+---------+---------+-----+
|Available SLR        |     1440|   2280|   788160|   394080|  320|
+---------------------+---------+-------+---------+---------+-----+
|Utilization SLR (%)  |        2|      0|       77|       73|    0|
+---------------------+---------+-------+---------+---------+-----+
|Available            |     4320|   6840|  2364480|  1182240|  960|
+---------------------+---------+-------+---------+---------+-----+
|Utilization (%)      |    ~0   |      0|       25|       24|    0|
+---------------------+---------+-------+---------+---------+-----+

+ Detail: 
    * Instance: 
    +-------------------------+-----------------------+---------+-------+--------+--------+-----+
    |         Instance        |         Module        | BRAM_18K| DSP48E|   FF   |   LUT  | URAM|
    +-------------------------+-----------------------+---------+-------+--------+--------+-----+
    |grp_calculation_fu_1412  |calculation            |        0|      0|   70213|  169708|    0|
    |grp_data_read_fu_1737    |data_read              |        0|      0|  135278|   58897|    0|
    |grp_data_read_1_fu_1874  |data_read_1            |        0|      0|  135278|   58875|    0|
    |tancalc_control_s_axi_U  |tancalc_control_s_axi  |        0|      0|     176|     296|    0|
    |tancalc_gmem_m_axi_U     |tancalc_gmem_m_axi     |       30|      0|    1415|    1585|    0|
    +-------------------------+-----------------------+---------+-------+--------+--------+-----+
    |Total                    |                       |       30|      0|  342360|  289361|    0|
    +-------------------------+-----------------------+---------+-------+--------+--------+-----+

    * DSP48E: 
    N/A

    * Memory: 
    N/A

    * FIFO: 
    N/A

    * Expression: 
    +---------------------------+----------+-------+---+----+------------+------------+
    |       Variable Name       | Operation| DSP48E| FF| LUT| Bitwidth P0| Bitwidth P1|
    +---------------------------+----------+-------+---+----+------------+------------+
    |cmpr_chunk_num_fu_4242_p2  |     +    |      0|  0|  21|          21|           7|
    |ref_chunk_num_fu_4248_p2   |     +    |      0|  0|  21|          21|           7|
    |ap_block_state2_io         |    and   |      0|  0|   2|           1|           1|
    +---------------------------+----------+-------+---+----+------------+------------+
    |Total                      |          |      0|  0|  44|          43|          15|
    +---------------------------+----------+-------+---+----+------------+------------+

    * Multiplexer: 
    +---------------------------+----+-----------+-----+-----------+
    |            Name           | LUT| Input Size| Bits| Total Bits|
    +---------------------------+----+-----------+-----+-----------+
    |ap_NS_fsm                  |  56|         13|    1|         13|
    |cmpr_chunk_num_0_reg_1400  |   9|          2|   21|         42|
    |gmem_ARADDR                |  15|          3|   64|        192|
    |gmem_ARBURST               |  15|          3|    2|          6|
    |gmem_ARCACHE               |  15|          3|    4|         12|
    |gmem_ARID                  |  15|          3|    1|          3|
    |gmem_ARLEN                 |  15|          3|   32|         96|
    |gmem_ARLOCK                |  15|          3|    2|          6|
    |gmem_ARPROT                |  15|          3|    3|          9|
    |gmem_ARQOS                 |  15|          3|    4|         12|
    |gmem_ARREGION              |  15|          3|    4|         12|
    |gmem_ARSIZE                |  15|          3|    3|          9|
    |gmem_ARUSER                |  15|          3|    1|          3|
    |gmem_ARVALID               |  15|          3|    1|          3|
    |gmem_RREADY                |  15|          3|    1|          3|
    |gmem_blk_n_AW              |   9|          2|    1|          2|
    |gmem_blk_n_B               |   9|          2|    1|          2|
    |gmem_blk_n_W               |   9|          2|    1|          2|
    |ref_chunk_num_0_reg_1388   |   9|          2|   21|         42|
    |result_1_fu_588            |   9|          2|   32|         64|
    +---------------------------+----+-----------+-----+-----------+
    |Total                      | 305|         64|  200|        533|
    +---------------------------+----+-----------+-----+-----------+

    * Register: 
    +--------------------------------------+------+----+------+-----------+
    |                 Name                 |  FF  | LUT| Bits | Const Bits|
    +--------------------------------------+------+----+------+-----------+
    |ap_CS_fsm                             |    12|   0|    12|          0|
    |ap_rst_n_inv                          |     1|   0|     1|          0|
    |ap_rst_reg_1                          |     1|   0|     1|          0|
    |ap_rst_reg_2                          |     1|   0|     1|          0|
    |cmpr_chunk_num_0_reg_1400             |    21|   0|    21|          0|
    |cmpr_chunk_num_reg_10245              |    21|   0|    21|          0|
    |cmpr_local_0_V_1_fu_848               |  1024|   0|  1024|          0|
    |cmpr_local_0_V_reg_10580              |  1024|   0|  1024|          0|
    |cmpr_local_10_V_1_fu_888              |  1024|   0|  1024|          0|
    |cmpr_local_10_V_reg_10630             |  1024|   0|  1024|          0|
    |cmpr_local_11_V_1_fu_892              |  1024|   0|  1024|          0|
    |cmpr_local_11_V_reg_10635             |  1024|   0|  1024|          0|
    |cmpr_local_12_V_1_fu_896              |  1024|   0|  1024|          0|
    |cmpr_local_12_V_reg_10640             |  1024|   0|  1024|          0|
    |cmpr_local_13_V_1_fu_900              |  1024|   0|  1024|          0|
    |cmpr_local_13_V_reg_10645             |  1024|   0|  1024|          0|
    |cmpr_local_14_V_1_fu_904              |  1024|   0|  1024|          0|
    |cmpr_local_14_V_reg_10650             |  1024|   0|  1024|          0|
    |cmpr_local_15_V_1_fu_908              |  1024|   0|  1024|          0|
    |cmpr_local_15_V_reg_10655             |  1024|   0|  1024|          0|
    |cmpr_local_16_V_1_fu_912              |  1024|   0|  1024|          0|
    |cmpr_local_16_V_reg_10660             |  1024|   0|  1024|          0|
    |cmpr_local_17_V_1_fu_916              |  1024|   0|  1024|          0|
    |cmpr_local_17_V_reg_10665             |  1024|   0|  1024|          0|
    |cmpr_local_18_V_1_fu_920              |  1024|   0|  1024|          0|
    |cmpr_local_18_V_reg_10670             |  1024|   0|  1024|          0|
    |cmpr_local_19_V_1_fu_924              |  1024|   0|  1024|          0|
    |cmpr_local_19_V_reg_10675             |  1024|   0|  1024|          0|
    |cmpr_local_1_V_1_fu_852               |  1024|   0|  1024|          0|
    |cmpr_local_1_V_reg_10585              |  1024|   0|  1024|          0|
    |cmpr_local_20_V_1_fu_928              |  1024|   0|  1024|          0|
    |cmpr_local_20_V_reg_10680             |  1024|   0|  1024|          0|
    |cmpr_local_21_V_1_fu_932              |  1024|   0|  1024|          0|
    |cmpr_local_21_V_reg_10685             |  1024|   0|  1024|          0|
    |cmpr_local_22_V_1_fu_936              |  1024|   0|  1024|          0|
    |cmpr_local_22_V_reg_10690             |  1024|   0|  1024|          0|
    |cmpr_local_23_V_1_fu_940              |  1024|   0|  1024|          0|
    |cmpr_local_23_V_reg_10695             |  1024|   0|  1024|          0|
    |cmpr_local_24_V_1_fu_944              |  1024|   0|  1024|          0|
    |cmpr_local_24_V_reg_10700             |  1024|   0|  1024|          0|
    |cmpr_local_25_V_1_fu_948              |  1024|   0|  1024|          0|
    |cmpr_local_25_V_reg_10705             |  1024|   0|  1024|          0|
    |cmpr_local_26_V_1_fu_952              |  1024|   0|  1024|          0|
    |cmpr_local_26_V_reg_10710             |  1024|   0|  1024|          0|
    |cmpr_local_27_V_1_fu_956              |  1024|   0|  1024|          0|
    |cmpr_local_27_V_reg_10715             |  1024|   0|  1024|          0|
    |cmpr_local_28_V_1_fu_960              |  1024|   0|  1024|          0|
    |cmpr_local_28_V_reg_10720             |  1024|   0|  1024|          0|
    |cmpr_local_29_V_1_fu_964              |  1024|   0|  1024|          0|
    |cmpr_local_29_V_reg_10725             |  1024|   0|  1024|          0|
    |cmpr_local_2_V_1_fu_856               |  1024|   0|  1024|          0|
    |cmpr_local_2_V_reg_10590              |  1024|   0|  1024|          0|
    |cmpr_local_30_V_1_fu_968              |  1024|   0|  1024|          0|
    |cmpr_local_30_V_reg_10730             |  1024|   0|  1024|          0|
    |cmpr_local_31_V_1_fu_972              |  1024|   0|  1024|          0|
    |cmpr_local_31_V_reg_10735             |  1024|   0|  1024|          0|
    |cmpr_local_32_V_1_fu_976              |  1024|   0|  1024|          0|
    |cmpr_local_32_V_reg_10740             |  1024|   0|  1024|          0|
    |cmpr_local_33_V_1_fu_980              |  1024|   0|  1024|          0|
    |cmpr_local_33_V_reg_10745             |  1024|   0|  1024|          0|
    |cmpr_local_34_V_1_fu_984              |  1024|   0|  1024|          0|
    |cmpr_local_34_V_reg_10750             |  1024|   0|  1024|          0|
    |cmpr_local_35_V_1_fu_988              |  1024|   0|  1024|          0|
    |cmpr_local_35_V_reg_10755             |  1024|   0|  1024|          0|
    |cmpr_local_36_V_1_fu_992              |  1024|   0|  1024|          0|
    |cmpr_local_36_V_reg_10760             |  1024|   0|  1024|          0|
    |cmpr_local_37_V_1_fu_996              |  1024|   0|  1024|          0|
    |cmpr_local_37_V_reg_10765             |  1024|   0|  1024|          0|
    |cmpr_local_38_V_1_fu_1000             |  1024|   0|  1024|          0|
    |cmpr_local_38_V_reg_10770             |  1024|   0|  1024|          0|
    |cmpr_local_39_V_1_fu_1004             |  1024|   0|  1024|          0|
    |cmpr_local_39_V_reg_10775             |  1024|   0|  1024|          0|
    |cmpr_local_3_V_1_fu_860               |  1024|   0|  1024|          0|
    |cmpr_local_3_V_reg_10595              |  1024|   0|  1024|          0|
    |cmpr_local_40_V_1_fu_1008             |  1024|   0|  1024|          0|
    |cmpr_local_40_V_reg_10780             |  1024|   0|  1024|          0|
    |cmpr_local_41_V_1_fu_1012             |  1024|   0|  1024|          0|
    |cmpr_local_41_V_reg_10785             |  1024|   0|  1024|          0|
    |cmpr_local_42_V_1_fu_1016             |  1024|   0|  1024|          0|
    |cmpr_local_42_V_reg_10790             |  1024|   0|  1024|          0|
    |cmpr_local_43_V_1_fu_1020             |  1024|   0|  1024|          0|
    |cmpr_local_43_V_reg_10795             |  1024|   0|  1024|          0|
    |cmpr_local_44_V_1_fu_1024             |  1024|   0|  1024|          0|
    |cmpr_local_44_V_reg_10800             |  1024|   0|  1024|          0|
    |cmpr_local_45_V_1_fu_1028             |  1024|   0|  1024|          0|
    |cmpr_local_45_V_reg_10805             |  1024|   0|  1024|          0|
    |cmpr_local_46_V_1_fu_1032             |  1024|   0|  1024|          0|
    |cmpr_local_46_V_reg_10810             |  1024|   0|  1024|          0|
    |cmpr_local_47_V_1_fu_1036             |  1024|   0|  1024|          0|
    |cmpr_local_47_V_reg_10815             |  1024|   0|  1024|          0|
    |cmpr_local_48_V_1_fu_1040             |  1024|   0|  1024|          0|
    |cmpr_local_48_V_reg_10820             |  1024|   0|  1024|          0|
    |cmpr_local_49_V_1_fu_1044             |  1024|   0|  1024|          0|
    |cmpr_local_49_V_reg_10825             |  1024|   0|  1024|          0|
    |cmpr_local_4_V_1_fu_864               |  1024|   0|  1024|          0|
    |cmpr_local_4_V_reg_10600              |  1024|   0|  1024|          0|
    |cmpr_local_50_V_1_fu_1048             |  1024|   0|  1024|          0|
    |cmpr_local_50_V_reg_10830             |  1024|   0|  1024|          0|
    |cmpr_local_51_V_1_fu_1052             |  1024|   0|  1024|          0|
    |cmpr_local_51_V_reg_10835             |  1024|   0|  1024|          0|
    |cmpr_local_52_V_1_fu_1056             |  1024|   0|  1024|          0|
    |cmpr_local_52_V_reg_10840             |  1024|   0|  1024|          0|
    |cmpr_local_53_V_1_fu_1060             |  1024|   0|  1024|          0|
    |cmpr_local_53_V_reg_10845             |  1024|   0|  1024|          0|
    |cmpr_local_54_V_1_fu_1064             |  1024|   0|  1024|          0|
    |cmpr_local_54_V_reg_10850             |  1024|   0|  1024|          0|
    |cmpr_local_55_V_1_fu_1068             |  1024|   0|  1024|          0|
    |cmpr_local_55_V_reg_10855             |  1024|   0|  1024|          0|
    |cmpr_local_56_V_1_fu_1072             |  1024|   0|  1024|          0|
    |cmpr_local_56_V_reg_10860             |  1024|   0|  1024|          0|
    |cmpr_local_57_V_1_fu_1076             |  1024|   0|  1024|          0|
    |cmpr_local_57_V_reg_10865             |  1024|   0|  1024|          0|
    |cmpr_local_58_V_1_fu_1080             |  1024|   0|  1024|          0|
    |cmpr_local_58_V_reg_10870             |  1024|   0|  1024|          0|
    |cmpr_local_59_V_1_fu_1084             |  1024|   0|  1024|          0|
    |cmpr_local_59_V_reg_10875             |  1024|   0|  1024|          0|
    |cmpr_local_5_V_1_fu_868               |  1024|   0|  1024|          0|
    |cmpr_local_5_V_reg_10605              |  1024|   0|  1024|          0|
    |cmpr_local_60_V_1_fu_1088             |  1024|   0|  1024|          0|
    |cmpr_local_60_V_reg_10880             |  1024|   0|  1024|          0|
    |cmpr_local_61_V_1_fu_1092             |  1024|   0|  1024|          0|
    |cmpr_local_61_V_reg_10885             |  1024|   0|  1024|          0|
    |cmpr_local_62_V_1_fu_1096             |  1024|   0|  1024|          0|
    |cmpr_local_62_V_reg_10890             |  1024|   0|  1024|          0|
    |cmpr_local_63_V_1_fu_1100             |  1024|   0|  1024|          0|
    |cmpr_local_63_V_reg_10895             |  1024|   0|  1024|          0|
    |cmpr_local_6_V_1_fu_872               |  1024|   0|  1024|          0|
    |cmpr_local_6_V_reg_10610              |  1024|   0|  1024|          0|
    |cmpr_local_7_V_1_fu_876               |  1024|   0|  1024|          0|
    |cmpr_local_7_V_reg_10615              |  1024|   0|  1024|          0|
    |cmpr_local_8_V_1_fu_880               |  1024|   0|  1024|          0|
    |cmpr_local_8_V_reg_10620              |  1024|   0|  1024|          0|
    |cmpr_local_9_V_1_fu_884               |  1024|   0|  1024|          0|
    |cmpr_local_9_V_reg_10625              |  1024|   0|  1024|          0|
    |cmprpop_local_0_V_1_fu_1104           |    11|   0|    11|          0|
    |cmprpop_local_0_V_reg_10900           |    11|   0|    11|          0|
    |cmprpop_local_10_V_1_fu_1144          |    11|   0|    11|          0|
    |cmprpop_local_10_V_reg_10950          |    11|   0|    11|          0|
    |cmprpop_local_11_V_1_fu_1148          |    11|   0|    11|          0|
    |cmprpop_local_11_V_reg_10955          |    11|   0|    11|          0|
    |cmprpop_local_12_V_1_fu_1152          |    11|   0|    11|          0|
    |cmprpop_local_12_V_reg_10960          |    11|   0|    11|          0|
    |cmprpop_local_13_V_1_fu_1156          |    11|   0|    11|          0|
    |cmprpop_local_13_V_reg_10965          |    11|   0|    11|          0|
    |cmprpop_local_14_V_1_fu_1160          |    11|   0|    11|          0|
    |cmprpop_local_14_V_reg_10970          |    11|   0|    11|          0|
    |cmprpop_local_15_V_1_fu_1164          |    11|   0|    11|          0|
    |cmprpop_local_15_V_reg_10975          |    11|   0|    11|          0|
    |cmprpop_local_16_V_1_fu_1168          |    11|   0|    11|          0|
    |cmprpop_local_16_V_reg_10980          |    11|   0|    11|          0|
    |cmprpop_local_17_V_1_fu_1172          |    11|   0|    11|          0|
    |cmprpop_local_17_V_reg_10985          |    11|   0|    11|          0|
    |cmprpop_local_18_V_1_fu_1176          |    11|   0|    11|          0|
    |cmprpop_local_18_V_reg_10990          |    11|   0|    11|          0|
    |cmprpop_local_19_V_1_fu_1180          |    11|   0|    11|          0|
    |cmprpop_local_19_V_reg_10995          |    11|   0|    11|          0|
    |cmprpop_local_1_V_1_fu_1108           |    11|   0|    11|          0|
    |cmprpop_local_1_V_reg_10905           |    11|   0|    11|          0|
    |cmprpop_local_20_V_1_fu_1184          |    11|   0|    11|          0|
    |cmprpop_local_20_V_reg_11000          |    11|   0|    11|          0|
    |cmprpop_local_21_V_1_fu_1188          |    11|   0|    11|          0|
    |cmprpop_local_21_V_reg_11005          |    11|   0|    11|          0|
    |cmprpop_local_22_V_1_fu_1192          |    11|   0|    11|          0|
    |cmprpop_local_22_V_reg_11010          |    11|   0|    11|          0|
    |cmprpop_local_23_V_1_fu_1196          |    11|   0|    11|          0|
    |cmprpop_local_23_V_reg_11015          |    11|   0|    11|          0|
    |cmprpop_local_24_V_1_fu_1200          |    11|   0|    11|          0|
    |cmprpop_local_24_V_reg_11020          |    11|   0|    11|          0|
    |cmprpop_local_25_V_1_fu_1204          |    11|   0|    11|          0|
    |cmprpop_local_25_V_reg_11025          |    11|   0|    11|          0|
    |cmprpop_local_26_V_1_fu_1208          |    11|   0|    11|          0|
    |cmprpop_local_26_V_reg_11030          |    11|   0|    11|          0|
    |cmprpop_local_27_V_1_fu_1212          |    11|   0|    11|          0|
    |cmprpop_local_27_V_reg_11035          |    11|   0|    11|          0|
    |cmprpop_local_28_V_1_fu_1216          |    11|   0|    11|          0|
    |cmprpop_local_28_V_reg_11040          |    11|   0|    11|          0|
    |cmprpop_local_29_V_1_fu_1220          |    11|   0|    11|          0|
    |cmprpop_local_29_V_reg_11045          |    11|   0|    11|          0|
    |cmprpop_local_2_V_1_fu_1112           |    11|   0|    11|          0|
    |cmprpop_local_2_V_reg_10910           |    11|   0|    11|          0|
    |cmprpop_local_30_V_1_fu_1224          |    11|   0|    11|          0|
    |cmprpop_local_30_V_reg_11050          |    11|   0|    11|          0|
    |cmprpop_local_31_V_1_fu_1228          |    11|   0|    11|          0|
    |cmprpop_local_31_V_reg_11055          |    11|   0|    11|          0|
    |cmprpop_local_32_V_1_fu_1232          |    11|   0|    11|          0|
    |cmprpop_local_32_V_reg_11060          |    11|   0|    11|          0|
    |cmprpop_local_33_V_1_fu_1236          |    11|   0|    11|          0|
    |cmprpop_local_33_V_reg_11065          |    11|   0|    11|          0|
    |cmprpop_local_34_V_1_fu_1240          |    11|   0|    11|          0|
    |cmprpop_local_34_V_reg_11070          |    11|   0|    11|          0|
    |cmprpop_local_35_V_1_fu_1244          |    11|   0|    11|          0|
    |cmprpop_local_35_V_reg_11075          |    11|   0|    11|          0|
    |cmprpop_local_36_V_1_fu_1248          |    11|   0|    11|          0|
    |cmprpop_local_36_V_reg_11080          |    11|   0|    11|          0|
    |cmprpop_local_37_V_1_fu_1252          |    11|   0|    11|          0|
    |cmprpop_local_37_V_reg_11085          |    11|   0|    11|          0|
    |cmprpop_local_38_V_1_fu_1256          |    11|   0|    11|          0|
    |cmprpop_local_38_V_reg_11090          |    11|   0|    11|          0|
    |cmprpop_local_39_V_1_fu_1260          |    11|   0|    11|          0|
    |cmprpop_local_39_V_reg_11095          |    11|   0|    11|          0|
    |cmprpop_local_3_V_1_fu_1116           |    11|   0|    11|          0|
    |cmprpop_local_3_V_reg_10915           |    11|   0|    11|          0|
    |cmprpop_local_40_V_1_fu_1264          |    11|   0|    11|          0|
    |cmprpop_local_40_V_reg_11100          |    11|   0|    11|          0|
    |cmprpop_local_41_V_1_fu_1268          |    11|   0|    11|          0|
    |cmprpop_local_41_V_reg_11105          |    11|   0|    11|          0|
    |cmprpop_local_42_V_1_fu_1272          |    11|   0|    11|          0|
    |cmprpop_local_42_V_reg_11110          |    11|   0|    11|          0|
    |cmprpop_local_43_V_1_fu_1276          |    11|   0|    11|          0|
    |cmprpop_local_43_V_reg_11115          |    11|   0|    11|          0|
    |cmprpop_local_44_V_1_fu_1280          |    11|   0|    11|          0|
    |cmprpop_local_44_V_reg_11120          |    11|   0|    11|          0|
    |cmprpop_local_45_V_1_fu_1284          |    11|   0|    11|          0|
    |cmprpop_local_45_V_reg_11125          |    11|   0|    11|          0|
    |cmprpop_local_46_V_1_fu_1288          |    11|   0|    11|          0|
    |cmprpop_local_46_V_reg_11130          |    11|   0|    11|          0|
    |cmprpop_local_47_V_1_fu_1292          |    11|   0|    11|          0|
    |cmprpop_local_47_V_reg_11135          |    11|   0|    11|          0|
    |cmprpop_local_48_V_1_fu_1296          |    11|   0|    11|          0|
    |cmprpop_local_48_V_reg_11140          |    11|   0|    11|          0|
    |cmprpop_local_49_V_1_fu_1300          |    11|   0|    11|          0|
    |cmprpop_local_49_V_reg_11145          |    11|   0|    11|          0|
    |cmprpop_local_4_V_1_fu_1120           |    11|   0|    11|          0|
    |cmprpop_local_4_V_reg_10920           |    11|   0|    11|          0|
    |cmprpop_local_50_V_1_fu_1304          |    11|   0|    11|          0|
    |cmprpop_local_50_V_reg_11150          |    11|   0|    11|          0|
    |cmprpop_local_51_V_1_fu_1308          |    11|   0|    11|          0|
    |cmprpop_local_51_V_reg_11155          |    11|   0|    11|          0|
    |cmprpop_local_52_V_1_fu_1312          |    11|   0|    11|          0|
    |cmprpop_local_52_V_reg_11160          |    11|   0|    11|          0|
    |cmprpop_local_53_V_1_fu_1316          |    11|   0|    11|          0|
    |cmprpop_local_53_V_reg_11165          |    11|   0|    11|          0|
    |cmprpop_local_54_V_1_fu_1320          |    11|   0|    11|          0|
    |cmprpop_local_54_V_reg_11170          |    11|   0|    11|          0|
    |cmprpop_local_55_V_1_fu_1324          |    11|   0|    11|          0|
    |cmprpop_local_55_V_reg_11175          |    11|   0|    11|          0|
    |cmprpop_local_56_V_1_fu_1328          |    11|   0|    11|          0|
    |cmprpop_local_56_V_reg_11180          |    11|   0|    11|          0|
    |cmprpop_local_57_V_1_fu_1332          |    11|   0|    11|          0|
    |cmprpop_local_57_V_reg_11185          |    11|   0|    11|          0|
    |cmprpop_local_58_V_1_fu_1336          |    11|   0|    11|          0|
    |cmprpop_local_58_V_reg_11190          |    11|   0|    11|          0|
    |cmprpop_local_59_V_1_fu_1340          |    11|   0|    11|          0|
    |cmprpop_local_59_V_reg_11195          |    11|   0|    11|          0|
    |cmprpop_local_5_V_1_fu_1124           |    11|   0|    11|          0|
    |cmprpop_local_5_V_reg_10925           |    11|   0|    11|          0|
    |cmprpop_local_60_V_1_fu_1344          |    11|   0|    11|          0|
    |cmprpop_local_60_V_reg_11200          |    11|   0|    11|          0|
    |cmprpop_local_61_V_1_fu_1348          |    11|   0|    11|          0|
    |cmprpop_local_61_V_reg_11205          |    11|   0|    11|          0|
    |cmprpop_local_62_V_1_fu_1352          |    11|   0|    11|          0|
    |cmprpop_local_62_V_reg_11210          |    11|   0|    11|          0|
    |cmprpop_local_63_V_1_fu_1356          |    11|   0|    11|          0|
    |cmprpop_local_63_V_reg_11215          |    11|   0|    11|          0|
    |cmprpop_local_6_V_1_fu_1128           |    11|   0|    11|          0|
    |cmprpop_local_6_V_reg_10930           |    11|   0|    11|          0|
    |cmprpop_local_7_V_1_fu_1132           |    11|   0|    11|          0|
    |cmprpop_local_7_V_reg_10935           |    11|   0|    11|          0|
    |cmprpop_local_8_V_1_fu_1136           |    11|   0|    11|          0|
    |cmprpop_local_8_V_reg_10940           |    11|   0|    11|          0|
    |cmprpop_local_9_V_1_fu_1140           |    11|   0|    11|          0|
    |cmprpop_local_9_V_reg_10945           |    11|   0|    11|          0|
    |gmem_addr_reg_8307                    |    58|   0|    64|          6|
    |grp_calculation_fu_1412_ap_start_reg  |     1|   0|     1|          0|
    |grp_data_read_1_fu_1874_ap_start_reg  |     1|   0|     1|          0|
    |grp_data_read_fu_1737_ap_start_reg    |     1|   0|     1|          0|
    |input_V1_reg_8313                     |    58|   0|    58|          0|
    |ref_chunk_num_0_reg_1388              |    21|   0|    21|          0|
    |ref_local_0_V_1_fu_76                 |  1024|   0|  1024|          0|
    |ref_local_0_V_reg_8962                |  1024|   0|  1024|          0|
    |ref_local_10_V_1_fu_116               |  1024|   0|  1024|          0|
    |ref_local_10_V_reg_9012               |  1024|   0|  1024|          0|
    |ref_local_11_V_1_fu_120               |  1024|   0|  1024|          0|
    |ref_local_11_V_reg_9017               |  1024|   0|  1024|          0|
    |ref_local_12_V_1_fu_124               |  1024|   0|  1024|          0|
    |ref_local_12_V_reg_9022               |  1024|   0|  1024|          0|
    |ref_local_13_V_1_fu_128               |  1024|   0|  1024|          0|
    |ref_local_13_V_reg_9027               |  1024|   0|  1024|          0|
    |ref_local_14_V_1_fu_132               |  1024|   0|  1024|          0|
    |ref_local_14_V_reg_9032               |  1024|   0|  1024|          0|
    |ref_local_15_V_1_fu_136               |  1024|   0|  1024|          0|
    |ref_local_15_V_reg_9037               |  1024|   0|  1024|          0|
    |ref_local_16_V_1_fu_140               |  1024|   0|  1024|          0|
    |ref_local_16_V_reg_9042               |  1024|   0|  1024|          0|
    |ref_local_17_V_1_fu_144               |  1024|   0|  1024|          0|
    |ref_local_17_V_reg_9047               |  1024|   0|  1024|          0|
    |ref_local_18_V_1_fu_148               |  1024|   0|  1024|          0|
    |ref_local_18_V_reg_9052               |  1024|   0|  1024|          0|
    |ref_local_19_V_1_fu_152               |  1024|   0|  1024|          0|
    |ref_local_19_V_reg_9057               |  1024|   0|  1024|          0|
    |ref_local_1_V_1_fu_80                 |  1024|   0|  1024|          0|
    |ref_local_1_V_reg_8967                |  1024|   0|  1024|          0|
    |ref_local_20_V_1_fu_156               |  1024|   0|  1024|          0|
    |ref_local_20_V_reg_9062               |  1024|   0|  1024|          0|
    |ref_local_21_V_1_fu_160               |  1024|   0|  1024|          0|
    |ref_local_21_V_reg_9067               |  1024|   0|  1024|          0|
    |ref_local_22_V_1_fu_164               |  1024|   0|  1024|          0|
    |ref_local_22_V_reg_9072               |  1024|   0|  1024|          0|
    |ref_local_23_V_1_fu_168               |  1024|   0|  1024|          0|
    |ref_local_23_V_reg_9077               |  1024|   0|  1024|          0|
    |ref_local_24_V_1_fu_172               |  1024|   0|  1024|          0|
    |ref_local_24_V_reg_9082               |  1024|   0|  1024|          0|
    |ref_local_25_V_1_fu_176               |  1024|   0|  1024|          0|
    |ref_local_25_V_reg_9087               |  1024|   0|  1024|          0|
    |ref_local_26_V_1_fu_180               |  1024|   0|  1024|          0|
    |ref_local_26_V_reg_9092               |  1024|   0|  1024|          0|
    |ref_local_27_V_1_fu_184               |  1024|   0|  1024|          0|
    |ref_local_27_V_reg_9097               |  1024|   0|  1024|          0|
    |ref_local_28_V_1_fu_188               |  1024|   0|  1024|          0|
    |ref_local_28_V_reg_9102               |  1024|   0|  1024|          0|
    |ref_local_29_V_1_fu_192               |  1024|   0|  1024|          0|
    |ref_local_29_V_reg_9107               |  1024|   0|  1024|          0|
    |ref_local_2_V_1_fu_84                 |  1024|   0|  1024|          0|
    |ref_local_2_V_reg_8972                |  1024|   0|  1024|          0|
    |ref_local_30_V_1_fu_196               |  1024|   0|  1024|          0|
    |ref_local_30_V_reg_9112               |  1024|   0|  1024|          0|
    |ref_local_31_V_1_fu_200               |  1024|   0|  1024|          0|
    |ref_local_31_V_reg_9117               |  1024|   0|  1024|          0|
    |ref_local_32_V_1_fu_204               |  1024|   0|  1024|          0|
    |ref_local_32_V_reg_9122               |  1024|   0|  1024|          0|
    |ref_local_33_V_1_fu_208               |  1024|   0|  1024|          0|
    |ref_local_33_V_reg_9127               |  1024|   0|  1024|          0|
    |ref_local_34_V_1_fu_212               |  1024|   0|  1024|          0|
    |ref_local_34_V_reg_9132               |  1024|   0|  1024|          0|
    |ref_local_35_V_1_fu_216               |  1024|   0|  1024|          0|
    |ref_local_35_V_reg_9137               |  1024|   0|  1024|          0|
    |ref_local_36_V_1_fu_220               |  1024|   0|  1024|          0|
    |ref_local_36_V_reg_9142               |  1024|   0|  1024|          0|
    |ref_local_37_V_1_fu_224               |  1024|   0|  1024|          0|
    |ref_local_37_V_reg_9147               |  1024|   0|  1024|          0|
    |ref_local_38_V_1_fu_228               |  1024|   0|  1024|          0|
    |ref_local_38_V_reg_9152               |  1024|   0|  1024|          0|
    |ref_local_39_V_1_fu_232               |  1024|   0|  1024|          0|
    |ref_local_39_V_reg_9157               |  1024|   0|  1024|          0|
    |ref_local_3_V_1_fu_88                 |  1024|   0|  1024|          0|
    |ref_local_3_V_reg_8977                |  1024|   0|  1024|          0|
    |ref_local_40_V_1_fu_236               |  1024|   0|  1024|          0|
    |ref_local_40_V_reg_9162               |  1024|   0|  1024|          0|
    |ref_local_41_V_1_fu_240               |  1024|   0|  1024|          0|
    |ref_local_41_V_reg_9167               |  1024|   0|  1024|          0|
    |ref_local_42_V_1_fu_244               |  1024|   0|  1024|          0|
    |ref_local_42_V_reg_9172               |  1024|   0|  1024|          0|
    |ref_local_43_V_1_fu_248               |  1024|   0|  1024|          0|
    |ref_local_43_V_reg_9177               |  1024|   0|  1024|          0|
    |ref_local_44_V_1_fu_252               |  1024|   0|  1024|          0|
    |ref_local_44_V_reg_9182               |  1024|   0|  1024|          0|
    |ref_local_45_V_1_fu_256               |  1024|   0|  1024|          0|
    |ref_local_45_V_reg_9187               |  1024|   0|  1024|          0|
    |ref_local_46_V_1_fu_260               |  1024|   0|  1024|          0|
    |ref_local_46_V_reg_9192               |  1024|   0|  1024|          0|
    |ref_local_47_V_1_fu_264               |  1024|   0|  1024|          0|
    |ref_local_47_V_reg_9197               |  1024|   0|  1024|          0|
    |ref_local_48_V_1_fu_268               |  1024|   0|  1024|          0|
    |ref_local_48_V_reg_9202               |  1024|   0|  1024|          0|
    |ref_local_49_V_1_fu_272               |  1024|   0|  1024|          0|
    |ref_local_49_V_reg_9207               |  1024|   0|  1024|          0|
    |ref_local_4_V_1_fu_92                 |  1024|   0|  1024|          0|
    |ref_local_4_V_reg_8982                |  1024|   0|  1024|          0|
    |ref_local_50_V_1_fu_276               |  1024|   0|  1024|          0|
    |ref_local_50_V_reg_9212               |  1024|   0|  1024|          0|
    |ref_local_51_V_1_fu_280               |  1024|   0|  1024|          0|
    |ref_local_51_V_reg_9217               |  1024|   0|  1024|          0|
    |ref_local_52_V_1_fu_284               |  1024|   0|  1024|          0|
    |ref_local_52_V_reg_9222               |  1024|   0|  1024|          0|
    |ref_local_53_V_1_fu_288               |  1024|   0|  1024|          0|
    |ref_local_53_V_reg_9227               |  1024|   0|  1024|          0|
    |ref_local_54_V_1_fu_292               |  1024|   0|  1024|          0|
    |ref_local_54_V_reg_9232               |  1024|   0|  1024|          0|
    |ref_local_55_V_1_fu_296               |  1024|   0|  1024|          0|
    |ref_local_55_V_reg_9237               |  1024|   0|  1024|          0|
    |ref_local_56_V_1_fu_300               |  1024|   0|  1024|          0|
    |ref_local_56_V_reg_9242               |  1024|   0|  1024|          0|
    |ref_local_57_V_1_fu_304               |  1024|   0|  1024|          0|
    |ref_local_57_V_reg_9247               |  1024|   0|  1024|          0|
    |ref_local_58_V_1_fu_308               |  1024|   0|  1024|          0|
    |ref_local_58_V_reg_9252               |  1024|   0|  1024|          0|
    |ref_local_59_V_1_fu_312               |  1024|   0|  1024|          0|
    |ref_local_59_V_reg_9257               |  1024|   0|  1024|          0|
    |ref_local_5_V_1_fu_96                 |  1024|   0|  1024|          0|
    |ref_local_5_V_reg_8987                |  1024|   0|  1024|          0|
    |ref_local_60_V_1_fu_316               |  1024|   0|  1024|          0|
    |ref_local_60_V_reg_9262               |  1024|   0|  1024|          0|
    |ref_local_61_V_1_fu_320               |  1024|   0|  1024|          0|
    |ref_local_61_V_reg_9267               |  1024|   0|  1024|          0|
    |ref_local_62_V_1_fu_324               |  1024|   0|  1024|          0|
    |ref_local_62_V_reg_9272               |  1024|   0|  1024|          0|
    |ref_local_63_V_1_fu_328               |  1024|   0|  1024|          0|
    |ref_local_63_V_reg_9277               |  1024|   0|  1024|          0|
    |ref_local_6_V_1_fu_100                |  1024|   0|  1024|          0|
    |ref_local_6_V_reg_8992                |  1024|   0|  1024|          0|
    |ref_local_7_V_1_fu_104                |  1024|   0|  1024|          0|
    |ref_local_7_V_reg_8997                |  1024|   0|  1024|          0|
    |ref_local_8_V_1_fu_108                |  1024|   0|  1024|          0|
    |ref_local_8_V_reg_9002                |  1024|   0|  1024|          0|
    |ref_local_9_V_1_fu_112                |  1024|   0|  1024|          0|
    |ref_local_9_V_reg_9007                |  1024|   0|  1024|          0|
    |refpop_local_0_V_1_fu_332             |    11|   0|    11|          0|
    |refpop_local_0_V_reg_9282             |    11|   0|    11|          0|
    |refpop_local_10_V_1_fu_372            |    11|   0|    11|          0|
    |refpop_local_10_V_reg_9332            |    11|   0|    11|          0|
    |refpop_local_11_V_1_fu_376            |    11|   0|    11|          0|
    |refpop_local_11_V_reg_9337            |    11|   0|    11|          0|
    |refpop_local_12_V_1_fu_380            |    11|   0|    11|          0|
    |refpop_local_12_V_reg_9342            |    11|   0|    11|          0|
    |refpop_local_13_V_1_fu_384            |    11|   0|    11|          0|
    |refpop_local_13_V_reg_9347            |    11|   0|    11|          0|
    |refpop_local_14_V_1_fu_388            |    11|   0|    11|          0|
    |refpop_local_14_V_reg_9352            |    11|   0|    11|          0|
    |refpop_local_15_V_1_fu_392            |    11|   0|    11|          0|
    |refpop_local_15_V_reg_9357            |    11|   0|    11|          0|
    |refpop_local_16_V_1_fu_396            |    11|   0|    11|          0|
    |refpop_local_16_V_reg_9362            |    11|   0|    11|          0|
    |refpop_local_17_V_1_fu_400            |    11|   0|    11|          0|
    |refpop_local_17_V_reg_9367            |    11|   0|    11|          0|
    |refpop_local_18_V_1_fu_404            |    11|   0|    11|          0|
    |refpop_local_18_V_reg_9372            |    11|   0|    11|          0|
    |refpop_local_19_V_1_fu_408            |    11|   0|    11|          0|
    |refpop_local_19_V_reg_9377            |    11|   0|    11|          0|
    |refpop_local_1_V_1_fu_336             |    11|   0|    11|          0|
    |refpop_local_1_V_reg_9287             |    11|   0|    11|          0|
    |refpop_local_20_V_1_fu_412            |    11|   0|    11|          0|
    |refpop_local_20_V_reg_9382            |    11|   0|    11|          0|
    |refpop_local_21_V_1_fu_416            |    11|   0|    11|          0|
    |refpop_local_21_V_reg_9387            |    11|   0|    11|          0|
    |refpop_local_22_V_1_fu_420            |    11|   0|    11|          0|
    |refpop_local_22_V_reg_9392            |    11|   0|    11|          0|
    |refpop_local_23_V_1_fu_424            |    11|   0|    11|          0|
    |refpop_local_23_V_reg_9397            |    11|   0|    11|          0|
    |refpop_local_24_V_1_fu_428            |    11|   0|    11|          0|
    |refpop_local_24_V_reg_9402            |    11|   0|    11|          0|
    |refpop_local_25_V_1_fu_432            |    11|   0|    11|          0|
    |refpop_local_25_V_reg_9407            |    11|   0|    11|          0|
    |refpop_local_26_V_1_fu_436            |    11|   0|    11|          0|
    |refpop_local_26_V_reg_9412            |    11|   0|    11|          0|
    |refpop_local_27_V_1_fu_440            |    11|   0|    11|          0|
    |refpop_local_27_V_reg_9417            |    11|   0|    11|          0|
    |refpop_local_28_V_1_fu_444            |    11|   0|    11|          0|
    |refpop_local_28_V_reg_9422            |    11|   0|    11|          0|
    |refpop_local_29_V_1_fu_448            |    11|   0|    11|          0|
    |refpop_local_29_V_reg_9427            |    11|   0|    11|          0|
    |refpop_local_2_V_1_fu_340             |    11|   0|    11|          0|
    |refpop_local_2_V_reg_9292             |    11|   0|    11|          0|
    |refpop_local_30_V_1_fu_452            |    11|   0|    11|          0|
    |refpop_local_30_V_reg_9432            |    11|   0|    11|          0|
    |refpop_local_31_V_1_fu_456            |    11|   0|    11|          0|
    |refpop_local_31_V_reg_9437            |    11|   0|    11|          0|
    |refpop_local_32_V_1_fu_460            |    11|   0|    11|          0|
    |refpop_local_32_V_reg_9442            |    11|   0|    11|          0|
    |refpop_local_33_V_1_fu_464            |    11|   0|    11|          0|
    |refpop_local_33_V_reg_9447            |    11|   0|    11|          0|
    |refpop_local_34_V_1_fu_468            |    11|   0|    11|          0|
    |refpop_local_34_V_reg_9452            |    11|   0|    11|          0|
    |refpop_local_35_V_1_fu_472            |    11|   0|    11|          0|
    |refpop_local_35_V_reg_9457            |    11|   0|    11|          0|
    |refpop_local_36_V_1_fu_476            |    11|   0|    11|          0|
    |refpop_local_36_V_reg_9462            |    11|   0|    11|          0|
    |refpop_local_37_V_1_fu_480            |    11|   0|    11|          0|
    |refpop_local_37_V_reg_9467            |    11|   0|    11|          0|
    |refpop_local_38_V_1_fu_484            |    11|   0|    11|          0|
    |refpop_local_38_V_reg_9472            |    11|   0|    11|          0|
    |refpop_local_39_V_1_fu_488            |    11|   0|    11|          0|
    |refpop_local_39_V_reg_9477            |    11|   0|    11|          0|
    |refpop_local_3_V_1_fu_344             |    11|   0|    11|          0|
    |refpop_local_3_V_reg_9297             |    11|   0|    11|          0|
    |refpop_local_40_V_1_fu_492            |    11|   0|    11|          0|
    |refpop_local_40_V_reg_9482            |    11|   0|    11|          0|
    |refpop_local_41_V_1_fu_496            |    11|   0|    11|          0|
    |refpop_local_41_V_reg_9487            |    11|   0|    11|          0|
    |refpop_local_42_V_1_fu_500            |    11|   0|    11|          0|
    |refpop_local_42_V_reg_9492            |    11|   0|    11|          0|
    |refpop_local_43_V_1_fu_504            |    11|   0|    11|          0|
    |refpop_local_43_V_reg_9497            |    11|   0|    11|          0|
    |refpop_local_44_V_1_fu_508            |    11|   0|    11|          0|
    |refpop_local_44_V_reg_9502            |    11|   0|    11|          0|
    |refpop_local_45_V_1_fu_512            |    11|   0|    11|          0|
    |refpop_local_45_V_reg_9507            |    11|   0|    11|          0|
    |refpop_local_46_V_1_fu_516            |    11|   0|    11|          0|
    |refpop_local_46_V_reg_9512            |    11|   0|    11|          0|
    |refpop_local_47_V_1_fu_520            |    11|   0|    11|          0|
    |refpop_local_47_V_reg_9517            |    11|   0|    11|          0|
    |refpop_local_48_V_1_fu_524            |    11|   0|    11|          0|
    |refpop_local_48_V_reg_9522            |    11|   0|    11|          0|
    |refpop_local_49_V_1_fu_528            |    11|   0|    11|          0|
    |refpop_local_49_V_reg_9527            |    11|   0|    11|          0|
    |refpop_local_4_V_1_fu_348             |    11|   0|    11|          0|
    |refpop_local_4_V_reg_9302             |    11|   0|    11|          0|
    |refpop_local_50_V_1_fu_532            |    11|   0|    11|          0|
    |refpop_local_50_V_reg_9532            |    11|   0|    11|          0|
    |refpop_local_51_V_1_fu_536            |    11|   0|    11|          0|
    |refpop_local_51_V_reg_9537            |    11|   0|    11|          0|
    |refpop_local_52_V_1_fu_540            |    11|   0|    11|          0|
    |refpop_local_52_V_reg_9542            |    11|   0|    11|          0|
    |refpop_local_53_V_1_fu_544            |    11|   0|    11|          0|
    |refpop_local_53_V_reg_9547            |    11|   0|    11|          0|
    |refpop_local_54_V_1_fu_548            |    11|   0|    11|          0|
    |refpop_local_54_V_reg_9552            |    11|   0|    11|          0|
    |refpop_local_55_V_1_fu_552            |    11|   0|    11|          0|
    |refpop_local_55_V_reg_9557            |    11|   0|    11|          0|
    |refpop_local_56_V_1_fu_556            |    11|   0|    11|          0|
    |refpop_local_56_V_reg_9562            |    11|   0|    11|          0|
    |refpop_local_57_V_1_fu_560            |    11|   0|    11|          0|
    |refpop_local_57_V_reg_9567            |    11|   0|    11|          0|
    |refpop_local_58_V_1_fu_564            |    11|   0|    11|          0|
    |refpop_local_58_V_reg_9572            |    11|   0|    11|          0|
    |refpop_local_59_V_1_fu_568            |    11|   0|    11|          0|
    |refpop_local_59_V_reg_9577            |    11|   0|    11|          0|
    |refpop_local_5_V_1_fu_352             |    11|   0|    11|          0|
    |refpop_local_5_V_reg_9307             |    11|   0|    11|          0|
    |refpop_local_60_V_1_fu_572            |    11|   0|    11|          0|
    |refpop_local_60_V_reg_9582            |    11|   0|    11|          0|
    |refpop_local_61_V_1_fu_576            |    11|   0|    11|          0|
    |refpop_local_61_V_reg_9587            |    11|   0|    11|          0|
    |refpop_local_62_V_1_fu_580            |    11|   0|    11|          0|
    |refpop_local_62_V_reg_9592            |    11|   0|    11|          0|
    |refpop_local_63_V_1_fu_584            |    11|   0|    11|          0|
    |refpop_local_63_V_reg_9597            |    11|   0|    11|          0|
    |refpop_local_6_V_1_fu_356             |    11|   0|    11|          0|
    |refpop_local_6_V_reg_9312             |    11|   0|    11|          0|
    |refpop_local_7_V_1_fu_360             |    11|   0|    11|          0|
    |refpop_local_7_V_reg_9317             |    11|   0|    11|          0|
    |refpop_local_8_V_1_fu_364             |    11|   0|    11|          0|
    |refpop_local_8_V_reg_9322             |    11|   0|    11|          0|
    |refpop_local_9_V_1_fu_368             |    11|   0|    11|          0|
    |refpop_local_9_V_reg_9327             |    11|   0|    11|          0|
    |result_1_fu_588                       |    32|   0|    32|          0|
    |result_local_0_0206_fu_592            |    16|   0|    16|          0|
    |result_local_10_0216_fu_632           |    16|   0|    16|          0|
    |result_local_11_0217_fu_636           |    16|   0|    16|          0|
    |result_local_12_0218_fu_640           |    16|   0|    16|          0|
    |result_local_13_0219_fu_644           |    16|   0|    16|          0|
    |result_local_14_0220_fu_648           |    16|   0|    16|          0|
    |result_local_15_0221_fu_652           |    16|   0|    16|          0|
    |result_local_16_0222_fu_656           |    16|   0|    16|          0|
    |result_local_17_0223_fu_660           |    16|   0|    16|          0|
    |result_local_18_0224_fu_664           |    16|   0|    16|          0|
    |result_local_19_0225_fu_668           |    16|   0|    16|          0|
    |result_local_1_0207_fu_596            |    16|   0|    16|          0|
    |result_local_20_0226_fu_672           |    16|   0|    16|          0|
    |result_local_21_0227_fu_676           |    16|   0|    16|          0|
    |result_local_22_0228_fu_680           |    16|   0|    16|          0|
    |result_local_23_0229_fu_684           |    16|   0|    16|          0|
    |result_local_24_0230_fu_688           |    16|   0|    16|          0|
    |result_local_25_0231_fu_692           |    16|   0|    16|          0|
    |result_local_26_0232_fu_696           |    16|   0|    16|          0|
    |result_local_27_0233_fu_700           |    16|   0|    16|          0|
    |result_local_28_0234_fu_704           |    16|   0|    16|          0|
    |result_local_29_0235_fu_708           |    16|   0|    16|          0|
    |result_local_2_0208_fu_600            |    16|   0|    16|          0|
    |result_local_30_0236_fu_712           |    16|   0|    16|          0|
    |result_local_31_0237_fu_716           |    16|   0|    16|          0|
    |result_local_32_0238_fu_720           |    16|   0|    16|          0|
    |result_local_33_0239_fu_724           |    16|   0|    16|          0|
    |result_local_34_0240_fu_728           |    16|   0|    16|          0|
    |result_local_35_0241_fu_732           |    16|   0|    16|          0|
    |result_local_36_0242_fu_736           |    16|   0|    16|          0|
    |result_local_37_0243_fu_740           |    16|   0|    16|          0|
    |result_local_38_0244_fu_744           |    16|   0|    16|          0|
    |result_local_39_0245_fu_748           |    16|   0|    16|          0|
    |result_local_3_0209_fu_604            |    16|   0|    16|          0|
    |result_local_40_0246_fu_752           |    16|   0|    16|          0|
    |result_local_41_0247_fu_756           |    16|   0|    16|          0|
    |result_local_42_0248_fu_760           |    16|   0|    16|          0|
    |result_local_43_0249_fu_764           |    16|   0|    16|          0|
    |result_local_44_0250_fu_768           |    16|   0|    16|          0|
    |result_local_45_0251_fu_772           |    16|   0|    16|          0|
    |result_local_46_0252_fu_776           |    16|   0|    16|          0|
    |result_local_47_0253_fu_780           |    16|   0|    16|          0|
    |result_local_48_0254_fu_784           |    16|   0|    16|          0|
    |result_local_49_0255_fu_788           |    16|   0|    16|          0|
    |result_local_4_0210_fu_608            |    16|   0|    16|          0|
    |result_local_50_0256_fu_792           |    16|   0|    16|          0|
    |result_local_51_0257_fu_796           |    16|   0|    16|          0|
    |result_local_52_0258_fu_800           |    16|   0|    16|          0|
    |result_local_53_0259_fu_804           |    16|   0|    16|          0|
    |result_local_54_0260_fu_808           |    16|   0|    16|          0|
    |result_local_55_0261_fu_812           |    16|   0|    16|          0|
    |result_local_56_0262_fu_816           |    16|   0|    16|          0|
    |result_local_57_0263_fu_820           |    16|   0|    16|          0|
    |result_local_58_0264_fu_824           |    16|   0|    16|          0|
    |result_local_59_0265_fu_828           |    16|   0|    16|          0|
    |result_local_5_0211_fu_612            |    16|   0|    16|          0|
    |result_local_60_0266_fu_832           |    16|   0|    16|          0|
    |result_local_61_0267_fu_836           |    16|   0|    16|          0|
    |result_local_62_0268_fu_840           |    16|   0|    16|          0|
    |result_local_63_0269_fu_844           |    16|   0|    16|          0|
    |result_local_6_0212_fu_616            |    16|   0|    16|          0|
    |result_local_7_0213_fu_620            |    16|   0|    16|          0|
    |result_local_8_0214_fu_624            |    16|   0|    16|          0|
    |result_local_9_0215_fu_628            |    16|   0|    16|          0|
    +--------------------------------------+------+----+------+-----------+
    |Total                                 |266213|   0|266219|          6|
    +--------------------------------------+------+----+------+-----------+



================================================================
== Interface
================================================================
* Summary: 
+-----------------------+-----+-----+------------+--------------+--------------+
|       RTL Ports       | Dir | Bits|  Protocol  | Source Object|    C Type    |
+-----------------------+-----+-----+------------+--------------+--------------+
|s_axi_control_AWVALID  |  in |    1|    s_axi   |    control   |    scalar    |
|s_axi_control_AWREADY  | out |    1|    s_axi   |    control   |    scalar    |
|s_axi_control_AWADDR   |  in |    6|    s_axi   |    control   |    scalar    |
|s_axi_control_WVALID   |  in |    1|    s_axi   |    control   |    scalar    |
|s_axi_control_WREADY   | out |    1|    s_axi   |    control   |    scalar    |
|s_axi_control_WDATA    |  in |   32|    s_axi   |    control   |    scalar    |
|s_axi_control_WSTRB    |  in |    4|    s_axi   |    control   |    scalar    |
|s_axi_control_ARVALID  |  in |    1|    s_axi   |    control   |    scalar    |
|s_axi_control_ARREADY  | out |    1|    s_axi   |    control   |    scalar    |
|s_axi_control_ARADDR   |  in |    6|    s_axi   |    control   |    scalar    |
|s_axi_control_RVALID   | out |    1|    s_axi   |    control   |    scalar    |
|s_axi_control_RREADY   |  in |    1|    s_axi   |    control   |    scalar    |
|s_axi_control_RDATA    | out |   32|    s_axi   |    control   |    scalar    |
|s_axi_control_RRESP    | out |    2|    s_axi   |    control   |    scalar    |
|s_axi_control_BVALID   | out |    1|    s_axi   |    control   |    scalar    |
|s_axi_control_BREADY   |  in |    1|    s_axi   |    control   |    scalar    |
|s_axi_control_BRESP    | out |    2|    s_axi   |    control   |    scalar    |
|ap_clk                 |  in |    1| ap_ctrl_hs |    tancalc   | return value |
|ap_rst_n               |  in |    1| ap_ctrl_hs |    tancalc   | return value |
|interrupt              | out |    1| ap_ctrl_hs |    tancalc   | return value |
|m_axi_gmem_AWVALID     | out |    1|    m_axi   |     gmem     |    pointer   |
|m_axi_gmem_AWREADY     |  in |    1|    m_axi   |     gmem     |    pointer   |
|m_axi_gmem_AWADDR      | out |   64|    m_axi   |     gmem     |    pointer   |
|m_axi_gmem_AWID        | out |    1|    m_axi   |     gmem     |    pointer   |
|m_axi_gmem_AWLEN       | out |    8|    m_axi   |     gmem     |    pointer   |
|m_axi_gmem_AWSIZE      | out |    3|    m_axi   |     gmem     |    pointer   |
|m_axi_gmem_AWBURST     | out |    2|    m_axi   |     gmem     |    pointer   |
|m_axi_gmem_AWLOCK      | out |    2|    m_axi   |     gmem     |    pointer   |
|m_axi_gmem_AWCACHE     | out |    4|    m_axi   |     gmem     |    pointer   |
|m_axi_gmem_AWPROT      | out |    3|    m_axi   |     gmem     |    pointer   |
|m_axi_gmem_AWQOS       | out |    4|    m_axi   |     gmem     |    pointer   |
|m_axi_gmem_AWREGION    | out |    4|    m_axi   |     gmem     |    pointer   |
|m_axi_gmem_AWUSER      | out |    1|    m_axi   |     gmem     |    pointer   |
|m_axi_gmem_WVALID      | out |    1|    m_axi   |     gmem     |    pointer   |
|m_axi_gmem_WREADY      |  in |    1|    m_axi   |     gmem     |    pointer   |
|m_axi_gmem_WDATA       | out |  512|    m_axi   |     gmem     |    pointer   |
|m_axi_gmem_WSTRB       | out |   64|    m_axi   |     gmem     |    pointer   |
|m_axi_gmem_WLAST       | out |    1|    m_axi   |     gmem     |    pointer   |
|m_axi_gmem_WID         | out |    1|    m_axi   |     gmem     |    pointer   |
|m_axi_gmem_WUSER       | out |    1|    m_axi   |     gmem     |    pointer   |
|m_axi_gmem_ARVALID     | out |    1|    m_axi   |     gmem     |    pointer   |
|m_axi_gmem_ARREADY     |  in |    1|    m_axi   |     gmem     |    pointer   |
|m_axi_gmem_ARADDR      | out |   64|    m_axi   |     gmem     |    pointer   |
|m_axi_gmem_ARID        | out |    1|    m_axi   |     gmem     |    pointer   |
|m_axi_gmem_ARLEN       | out |    8|    m_axi   |     gmem     |    pointer   |
|m_axi_gmem_ARSIZE      | out |    3|    m_axi   |     gmem     |    pointer   |
|m_axi_gmem_ARBURST     | out |    2|    m_axi   |     gmem     |    pointer   |
|m_axi_gmem_ARLOCK      | out |    2|    m_axi   |     gmem     |    pointer   |
|m_axi_gmem_ARCACHE     | out |    4|    m_axi   |     gmem     |    pointer   |
|m_axi_gmem_ARPROT      | out |    3|    m_axi   |     gmem     |    pointer   |
|m_axi_gmem_ARQOS       | out |    4|    m_axi   |     gmem     |    pointer   |
|m_axi_gmem_ARREGION    | out |    4|    m_axi   |     gmem     |    pointer   |
|m_axi_gmem_ARUSER      | out |    1|    m_axi   |     gmem     |    pointer   |
|m_axi_gmem_RVALID      |  in |    1|    m_axi   |     gmem     |    pointer   |
|m_axi_gmem_RREADY      | out |    1|    m_axi   |     gmem     |    pointer   |
|m_axi_gmem_RDATA       |  in |  512|    m_axi   |     gmem     |    pointer   |
|m_axi_gmem_RLAST       |  in |    1|    m_axi   |     gmem     |    pointer   |
|m_axi_gmem_RID         |  in |    1|    m_axi   |     gmem     |    pointer   |
|m_axi_gmem_RUSER       |  in |    1|    m_axi   |     gmem     |    pointer   |
|m_axi_gmem_RRESP       |  in |    2|    m_axi   |     gmem     |    pointer   |
|m_axi_gmem_BVALID      |  in |    1|    m_axi   |     gmem     |    pointer   |
|m_axi_gmem_BREADY      | out |    1|    m_axi   |     gmem     |    pointer   |
|m_axi_gmem_BRESP       |  in |    2|    m_axi   |     gmem     |    pointer   |
|m_axi_gmem_BID         |  in |    1|    m_axi   |     gmem     |    pointer   |
|m_axi_gmem_BUSER       |  in |    1|    m_axi   |     gmem     |    pointer   |
+-----------------------+-----+-----+------------+--------------+--------------+

