Report time       : 2019. okt. 29., kedd, 01:20:58 CET.
Solution          : tancoeff.
Simulation tool   : xsim.

+----------+----------+-----------------------------------------------+-----------------------------------------------+
|          |          |                    Latency                    |                    Interval                   |
+   RTL    +  Status  +-----------------------------------------------+-----------------------------------------------+
|          |          |      min      |      avg      |      max      |      min      |      avg      |      max      |
+----------+----------+-----------------------------------------------+-----------------------------------------------+
|      VHDL|        NA|             NA|             NA|             NA|             NA|             NA|             NA|
|   Verilog|      Pass|            847|            847|            847|             NA|             NA|             NA|
+----------+----------+-----------------------------------------------+-----------------------------------------------+
